** Drc report for battery_side.kicad_pcb **
** Created on 2026-05-27T09:16:05 **
** Report includes: Errors, Warnings **

** Found 278 DRC violations **
[shorting_items]: Items shorting two nets (nets PWR_EN and I2C_SDA)
    Local override; error
    @(19.0875 mm, 17.0000 mm): Pad 1 [PWR_EN] of R4 on F.Cu
    @(19.2500 mm, 16.3200 mm): Pad 5 [I2C_SDA] of MOD1 on F.Cu
[shorting_items]: Items shorting two nets (nets V3V3_SW and GND)
    Local override; error
    @(47.5250 mm, 11.5000 mm): Pad 1 [V3V3_SW] of C2 on F.Cu
    @(46.4750 mm, 11.5000 mm): Pad 2 [GND] of C1 on F.Cu
[shorting_items]: Items shorting two nets (nets PWR_EN and I2C_SCL)
    Local override; error
    @(19.0875 mm, 17.0000 mm): Pad 1 [PWR_EN] of R4 on F.Cu
    @(19.2500 mm, 17.5900 mm): Pad 6 [I2C_SCL] of MOD1 on F.Cu
[shorting_items]: Items shorting two nets (nets I2C_SDA and V3V3_SW)
    Local override; error
    @(35.9125 mm, 37.5000 mm): Pad 2 [I2C_SDA] of R8 on B.Cu
    @(36.5875 mm, 37.5000 mm): Pad 1 [V3V3_SW] of R9 on B.Cu
[clearance]: Clearance violation (netclass 'Power-24V' clearance 0.3000 mm; actual 0.1750 mm)
    Rule: netclass 'Power-24V'; error
    @(24.5000 mm, 13.5000 mm): PTH pad 1 [V24_RAW] of F1
    @(22.7750 mm, 13.5000 mm): Pad 2 [GND] of C8 on B.Cu
[shorting_items]: Items shorting two nets (nets V24_FUSED and GND)
    Local override; error
    @(35.0000 mm, 10.5000 mm): Pad 1 [V24_FUSED] of TVS1 on F.Cu
    @(36.7500 mm, 11.2400 mm): Pad 40 [GND] of MOD1 on F.Cu
[clearance]: Clearance violation (netclass 'Default' clearance 0.2000 mm; actual 0.0150 mm)
    Rule: netclass 'Default'; error
    @(21.2250 mm, 13.5000 mm): Pad 1 [ESP_EN] of C8 on B.Cu
    @(20.4800 mm, 13.5000 mm): Pad 2 [GND] of C7 on B.Cu
[clearance]: Clearance violation (netclass 'Power-24V' clearance 0.3000 mm; actual 0.1009 mm)
    Rule: netclass 'Power-24V'; error
    @(42.3000 mm, 8.5000 mm): PTH pad 2 [V24_AFTER_FUSE] of F1
    @(43.8625 mm, 7.5000 mm): Pad 2 [V24_SW] of U1 on F.Cu
[shorting_items]: Items shorting two nets (nets V24_AFTER_FUSE and V24_SW)
    Local override; error
    @(42.3000 mm, 8.5000 mm): PTH pad 2 [V24_AFTER_FUSE] of F1
    @(43.8625 mm, 8.4500 mm): Pad 3 [V24_SW] of U1 on F.Cu
[clearance]: Clearance violation (netclass 'Power-24V' clearance 0.3000 mm; actual 0.2200 mm)
    Rule: netclass 'Power-24V'; error
    @(19.0875 mm, 21.5000 mm): Pad 1 [V24_FUSED] of R3 on F.Cu
    @(19.2500 mm, 20.1300 mm): Pad 8 [<no net>] of MOD1 on F.Cu
[clearance]: Clearance violation (netclass 'Power-24V' clearance 0.3000 mm; actual 0.0000 mm)
    Rule: netclass 'Power-24V'; error
    @(19.0875 mm, 21.5000 mm): Pad 1 [V24_FUSED] of R3 on F.Cu
    @(19.2500 mm, 21.4000 mm): Pad 9 [<no net>] of MOD1 on F.Cu
[shorting_items]: Items shorting two nets (nets GND and V3V3_SW)
    Local override; error
    @(18.9500 mm, 13.5000 mm): Pad 2 [GND] of C6 on B.Cu
    @(19.5200 mm, 13.5000 mm): Pad 1 [V3V3_SW] of C7 on B.Cu
[clearance]: Clearance violation (netclass 'Power-24V' clearance 0.3000 mm; actual 0.0200 mm)
    Rule: netclass 'Power-24V'; error
    @(19.0875 mm, 21.5000 mm): Pad 1 [V24_FUSED] of R3 on F.Cu
    @(19.2500 mm, 22.6700 mm): Pad 10 [UART_TX_3V3] of MOD1 on F.Cu
[clearance]: Clearance violation (netclass 'Default' clearance 0.2000 mm; actual 0.0000 mm)
    Rule: netclass 'Default'; error
    @(32.1500 mm, 28.1000 mm): Pad 2 [GND] of BAT1 on F.Cu
    @(31.1750 mm, 29.0000 mm): Pad 23 [<no net>] of MOD1 on F.Cu
[clearance]: Clearance violation (netclass 'Default' clearance 0.2000 mm; actual 0.0000 mm)
    Rule: netclass 'Default'; error
    @(32.1500 mm, 28.1000 mm): Pad 2 [GND] of BAT1 on F.Cu
    @(32.4450 mm, 29.0000 mm): Pad 24 [<no net>] of MOD1 on F.Cu
[clearance]: Clearance violation (netclass 'Default' clearance 0.2000 mm; actual 0.0000 mm)
    Rule: netclass 'Default'; error
    @(32.1500 mm, 28.1000 mm): Pad 2 [GND] of BAT1 on F.Cu
    @(33.7150 mm, 29.0000 mm): Pad 25 [<no net>] of MOD1 on F.Cu
[clearance]: Clearance violation (netclass 'Power-12V' clearance 0.2500 mm; actual 0.2400 mm)
    Rule: netclass 'Power-12V'; error
    @(54.0000 mm, 22.4600 mm): PTH pad 2 [GND] of U2
    @(54.0000 mm, 19.9200 mm): PTH pad 3 [V12_CAT5E] of U2
[shorting_items]: Items shorting two nets (nets V12_CAT5E and RS485_A)
    Local override; error
    @(54.0000 mm, 19.9200 mm): PTH pad 3 [V12_CAT5E] of U2
    @(52.0000 mm, 20.5000 mm): Pad 1 [RS485_A] of TVS2 on F.Cu
[shorting_items]: Items shorting two nets (nets V12_CAT5E and RS485_B)
    Local override; error
    @(54.0000 mm, 19.9200 mm): PTH pad 3 [V12_CAT5E] of U2
    @(56.0000 mm, 20.5000 mm): Pad 2 [RS485_B] of TVS2 on F.Cu
[courtyards_overlap]: Courtyards overlap
    Rule: board setup constraints courtyard; warning
    @(24.5000 mm, 8.5000 mm): Footprint F1
    @(45.0000 mm, 7.5000 mm): Footprint U1
[courtyards_overlap]: Courtyards overlap
    Rule: board setup constraints courtyard; warning
    @(24.5000 mm, 8.5000 mm): Footprint F1
    @(37.0000 mm, 7.5000 mm): Footprint D1
[courtyards_overlap]: Courtyards overlap
    Rule: board setup constraints courtyard; warning
    @(24.5000 mm, 8.5000 mm): Footprint F1
    @(45.0000 mm, 11.5000 mm): Footprint C1
[pth_inside_courtyard]: PTH inside courtyard
    Local override; warning
    @(42.3000 mm, 13.5000 mm): PTH pad 2 [V24_AFTER_FUSE] of F1
    @(45.0000 mm, 11.5000 mm): Footprint C1
[courtyards_overlap]: Courtyards overlap
    Rule: board setup constraints courtyard; warning
    @(24.5000 mm, 8.5000 mm): Footprint F1
    @(37.0000 mm, 10.5000 mm): Footprint TVS1
[courtyards_overlap]: Courtyards overlap
    Rule: board setup constraints courtyard; warning
    @(24.5000 mm, 8.5000 mm): Footprint F1
    @(28.0000 mm, 19.6500 mm): Footprint MOD1
[pth_inside_courtyard]: PTH inside courtyard
    Local override; warning
    @(24.5000 mm, 13.5000 mm): PTH pad 1 [V24_RAW] of F1
    @(28.0000 mm, 19.6500 mm): Footprint MOD1
[courtyards_overlap]: Courtyards overlap
    Rule: board setup constraints courtyard; warning
    @(20.0000 mm, 21.5000 mm): Footprint R3
    @(17.0000 mm, 28.0000 mm): Footprint BAT1
[courtyards_overlap]: Courtyards overlap
    Rule: board setup constraints courtyard; warning
    @(20.0000 mm, 21.5000 mm): Footprint R3
    @(28.0000 mm, 19.6500 mm): Footprint MOD1
[courtyards_overlap]: Courtyards overlap
    Rule: board setup constraints courtyard; warning
    @(57.0000 mm, 3.0000 mm): Footprint H2
    @(54.0000 mm, 7.5000 mm): Footprint C3
[courtyards_overlap]: Courtyards overlap
    Rule: board setup constraints courtyard; warning
    @(35.0000 mm, 37.5000 mm): Footprint R8
    @(37.5000 mm, 37.5000 mm): Footprint R9
[courtyards_overlap]: Courtyards overlap
    Rule: board setup constraints courtyard; warning
    @(22.0000 mm, 13.5000 mm): Footprint C8
    @(20.0000 mm, 13.5000 mm): Footprint C7
[courtyards_overlap]: Courtyards overlap
    Rule: board setup constraints courtyard; warning
    @(54.0000 mm, 11.5000 mm): Footprint C4
    @(57.0000 mm, 10.5000 mm): Footprint J3
[courtyards_overlap]: Courtyards overlap
    Rule: board setup constraints courtyard; warning
    @(37.0000 mm, 7.5000 mm): Footprint D1
    @(37.0000 mm, 10.5000 mm): Footprint TVS1
[courtyards_overlap]: Courtyards overlap
    Rule: board setup constraints courtyard; warning
    @(20.0000 mm, 17.0000 mm): Footprint R4
    @(17.0000 mm, 28.0000 mm): Footprint BAT1
[courtyards_overlap]: Courtyards overlap
    Rule: board setup constraints courtyard; warning
    @(20.0000 mm, 17.0000 mm): Footprint R4
    @(28.0000 mm, 19.6500 mm): Footprint MOD1
[courtyards_overlap]: Courtyards overlap
    Rule: board setup constraints courtyard; warning
    @(8.0000 mm, 37.0000 mm): Footprint BTN1
    @(17.0000 mm, 28.0000 mm): Footprint BAT1
[pth_inside_courtyard]: PTH inside courtyard
    Local override; warning
    @(14.5000 mm, 37.0000 mm): PTH pad 1 [BTN_OVERRIDE] of BTN1
    @(17.0000 mm, 28.0000 mm): Footprint BAT1
[courtyards_overlap]: Courtyards overlap
    Rule: board setup constraints courtyard; warning
    @(54.0000 mm, 7.5000 mm): Footprint C3
    @(57.0000 mm, 10.5000 mm): Footprint J3
[courtyards_overlap]: Courtyards overlap
    Rule: board setup constraints courtyard; warning
    @(17.0000 mm, 28.0000 mm): Footprint BAT1
    @(16.0000 mm, 17.0000 mm): Footprint Q1
[courtyards_overlap]: Courtyards overlap
    Rule: board setup constraints courtyard; warning
    @(17.0000 mm, 28.0000 mm): Footprint BAT1
    @(30.0000 mm, 35.0000 mm): Footprint RTC1
[courtyards_overlap]: Courtyards overlap
    Rule: board setup constraints courtyard; warning
    @(17.0000 mm, 28.0000 mm): Footprint BAT1
    @(28.0000 mm, 19.6500 mm): Footprint MOD1
[courtyards_overlap]: Courtyards overlap
    Rule: board setup constraints courtyard; warning
    @(17.0000 mm, 28.0000 mm): Footprint BAT1
    @(16.0000 mm, 21.5000 mm): Footprint Q2
[courtyards_overlap]: Courtyards overlap
    Rule: board setup constraints courtyard; warning
    @(54.0000 mm, 25.0000 mm): Footprint U2
    @(44.0000 mm, 33.0000 mm): Footprint J2
[pth_inside_courtyard]: PTH inside courtyard
    Local override; warning
    @(54.0000 mm, 25.0000 mm): PTH pad 1 [V24_SW] of U2
    @(44.0000 mm, 33.0000 mm): Footprint J2
[courtyards_overlap]: Courtyards overlap
    Rule: board setup constraints courtyard; warning
    @(54.0000 mm, 25.0000 mm): Footprint U2
    @(57.0000 mm, 10.5000 mm): Footprint J3
[courtyards_overlap]: Courtyards overlap
    Rule: board setup constraints courtyard; warning
    @(54.0000 mm, 25.0000 mm): Footprint U2
    @(54.0000 mm, 20.5000 mm): Footprint TVS2
[pth_inside_courtyard]: PTH inside courtyard
    Local override; warning
    @(54.0000 mm, 22.4600 mm): PTH pad 2 [GND] of U2
    @(54.0000 mm, 20.5000 mm): Footprint TVS2
[pth_inside_courtyard]: PTH inside courtyard
    Local override; warning
    @(54.0000 mm, 19.9200 mm): PTH pad 3 [V12_CAT5E] of U2
    @(54.0000 mm, 20.5000 mm): Footprint TVS2
[courtyards_overlap]: Courtyards overlap
    Rule: board setup constraints courtyard; warning
    @(54.0000 mm, 25.0000 mm): Footprint U2
    @(50.0000 mm, 16.0000 mm): Footprint U3
[courtyards_overlap]: Courtyards overlap
    Rule: board setup constraints courtyard; warning
    @(9.0000 mm, 8.5000 mm): Footprint J1
    @(3.0000 mm, 3.0000 mm): Footprint H1
[courtyards_overlap]: Courtyards overlap
    Rule: board setup constraints courtyard; warning
    @(49.0000 mm, 11.5000 mm): Footprint C2
    @(45.0000 mm, 11.5000 mm): Footprint C1
[courtyards_overlap]: Courtyards overlap
    Rule: board setup constraints courtyard; warning
    @(18.0000 mm, 13.5000 mm): Footprint C6
    @(20.0000 mm, 13.5000 mm): Footprint C7
[courtyards_overlap]: Courtyards overlap
    Rule: board setup constraints courtyard; warning
    @(12.0000 mm, 37.0000 mm): Footprint R13
    @(12.0000 mm, 35.5000 mm): Footprint C11
[courtyards_overlap]: Courtyards overlap
    Rule: board setup constraints courtyard; warning
    @(44.0000 mm, 33.0000 mm): Footprint J2
    @(57.0000 mm, 37.0000 mm): Footprint H4
[npth_inside_courtyard]: NPTH inside courtyard
    Local override; warning
    @(57.0000 mm, 37.0000 mm): NPTH pad of H4
    @(44.0000 mm, 33.0000 mm): Footprint J2
[pth_inside_courtyard]: PTH inside courtyard
    Local override; warning
    @(55.6900 mm, 33.8900 mm): PTH pad SH [<no net>] of J2
    @(57.0000 mm, 37.0000 mm): Footprint H4
[courtyards_overlap]: Courtyards overlap
    Rule: board setup constraints courtyard; warning
    @(44.0000 mm, 33.0000 mm): Footprint J2
    @(57.0000 mm, 33.0000 mm): Footprint J5
[pth_inside_courtyard]: PTH inside courtyard
    Local override; warning
    @(57.0000 mm, 33.0000 mm): PTH pad 1 [DBG_UART_TX] of J5
    @(44.0000 mm, 33.0000 mm): Footprint J2
[pth_inside_courtyard]: PTH inside courtyard
    Local override; warning
    @(57.0000 mm, 35.5400 mm): PTH pad 2 [DBG_UART_RX] of J5
    @(44.0000 mm, 33.0000 mm): Footprint J2
[pth_inside_courtyard]: PTH inside courtyard
    Local override; warning
    @(57.0000 mm, 38.0800 mm): PTH pad 3 [GND] of J5
    @(44.0000 mm, 33.0000 mm): Footprint J2
[pth_inside_courtyard]: PTH inside courtyard
    Local override; warning
    @(57.0000 mm, 40.6200 mm): PTH pad 4 [ESP_EN] of J5
    @(44.0000 mm, 33.0000 mm): Footprint J2
[npth_inside_courtyard]: NPTH inside courtyard
    Local override; warning
    @(53.9100 mm, 30.4600 mm): NPTH pad of J2
    @(57.0000 mm, 33.0000 mm): Footprint J5
[pth_inside_courtyard]: PTH inside courtyard
    Local override; warning
    @(55.6900 mm, 33.8900 mm): PTH pad SH [<no net>] of J2
    @(57.0000 mm, 33.0000 mm): Footprint J5
[courtyards_overlap]: Courtyards overlap
    Rule: board setup constraints courtyard; warning
    @(57.0000 mm, 10.5000 mm): Footprint J3
    @(54.0000 mm, 20.5000 mm): Footprint TVS2
[courtyards_overlap]: Courtyards overlap
    Rule: board setup constraints courtyard; warning
    @(37.0000 mm, 10.5000 mm): Footprint TVS1
    @(28.0000 mm, 19.6500 mm): Footprint MOD1
[courtyards_overlap]: Courtyards overlap
    Rule: board setup constraints courtyard; warning
    @(57.0000 mm, 37.0000 mm): Footprint H4
    @(57.0000 mm, 33.0000 mm): Footprint J5
[pth_inside_courtyard]: PTH inside courtyard
    Local override; warning
    @(57.0000 mm, 35.5400 mm): PTH pad 2 [DBG_UART_RX] of J5
    @(57.0000 mm, 37.0000 mm): Footprint H4
[pth_inside_courtyard]: PTH inside courtyard
    Local override; warning
    @(57.0000 mm, 38.0800 mm): PTH pad 3 [GND] of J5
    @(57.0000 mm, 37.0000 mm): Footprint H4
[npth_inside_courtyard]: NPTH inside courtyard
    Local override; warning
    @(57.0000 mm, 37.0000 mm): NPTH pad of H4
    @(57.0000 mm, 33.0000 mm): Footprint J5
[courtyards_overlap]: Courtyards overlap
    Rule: board setup constraints courtyard; warning
    @(30.0000 mm, 35.0000 mm): Footprint RTC1
    @(28.0000 mm, 19.6500 mm): Footprint MOD1
[copper_edge_clearance]: Board edge clearance violation (board setup constraints edge clearance 0.5000 mm; actual 0.4550 mm)
    Rule: board setup constraints edge; warning
    @(60.0000 mm, 40.0000 mm): Segment on Edge.Cuts
    @(25.3500 mm, 39.0434 mm): Track [GND] on F.Cu, length 0.4016 mm
[copper_edge_clearance]: Board edge clearance violation (board setup constraints edge clearance 0.5000 mm; actual 0.3934 mm)
    Rule: board setup constraints edge; warning
    @(8.6587 mm, 20.0834 mm): Segment of BAT1 on Edge.Cuts
    @(9.0875 mm, 18.5000 mm): Track [V24_SENSE] on B.Cu, length 1.9215 mm
[silk_edge_clearance]: Silkscreen clipped by board edge
    Rule: board setup constraints silk; warning
    @(18.8583 mm, 16.6511 mm): Segment of BAT1 on Edge.Cuts
    @(20.0000 mm, 17.0000 mm): Reference field of R4
[copper_edge_clearance]: Board edge clearance violation (board setup constraints edge clearance 0.5000 mm; actual 0.0000 mm)
    Rule: board setup constraints edge; warning
    @(17.0000 mm, 16.5000 mm): Segment of BAT1 on Edge.Cuts
    @(19.0875 mm, 17.0000 mm): Pad 1 [PWR_EN] of R4 on F.Cu
[copper_edge_clearance]: Board edge clearance violation (board setup constraints edge clearance 0.5000 mm; actual 0.0000 mm)
    Rule: board setup constraints edge; warning
    @(18.8583 mm, 16.6511 mm): Segment of BAT1 on Edge.Cuts
    @(20.9125 mm, 17.0000 mm): Pad 2 [GND] of R4 on F.Cu
[silk_edge_clearance]: Silkscreen clipped by board edge
    Rule: board setup constraints silk; warning
    @(10.0475 mm, 37.1604 mm): Segment of BAT1 on Edge.Cuts
    @(8.0000 mm, 37.0000 mm): Reference field of BTN1
[silk_edge_clearance]: Silkscreen clipped by board edge
    Rule: board setup constraints silk; warning
    @(60.0000 mm, 40.0000 mm): Segment on Edge.Cuts
    @(7.7500 mm, 38.5000 mm): Segment of BTN1 on F.Silkscreen
[silk_edge_clearance]: Silkscreen clipped by board edge
    Rule: board setup constraints silk; warning
    @(60.0000 mm, 40.0000 mm): Segment on Edge.Cuts
    @(14.7500 mm, 40.0000 mm): Segment of BTN1 on F.Silkscreen
[copper_edge_clearance]: Board edge clearance violation (board setup constraints edge clearance 0.5000 mm; actual 0.3447 mm)
    Rule: board setup constraints edge; warning
    @(2.3000 mm, 31.2849 mm): Segment of BAT1 on Edge.Cuts
    @(1.8500 mm, 27.9000 mm): Pad 1 [V_BAT_RTC] of BAT1 on F.Cu
[copper_edge_clearance]: Board edge clearance violation (board setup constraints edge clearance 0.5000 mm; actual 0.3563 mm)
    Rule: board setup constraints edge; warning
    @(31.7000 mm, 30.0828 mm): Segment of BAT1 on Edge.Cuts
    @(32.1500 mm, 28.1000 mm): Pad 2 [GND] of BAT1 on F.Cu
[silk_edge_clearance]: Silkscreen clipped by board edge
    Rule: board setup constraints silk; warning
    @(60.0000 mm, 40.0000 mm): Segment on Edge.Cuts
    @(39.1950 mm, 40.8600 mm): Segment of J2 on F.Silkscreen
[silk_edge_clearance]: Silkscreen clipped by board edge
    Rule: board setup constraints silk; warning
    @(60.0000 mm, 40.0000 mm): Segment on Edge.Cuts
    @(55.9250 mm, 40.8600 mm): Segment of J2 on F.Silkscreen
[silk_edge_clearance]: Silkscreen clipped by board edge
    Rule: board setup constraints silk; warning
    @(13.3322 mm, 17.1006 mm): Segment of BAT1 on Edge.Cuts
    @(16.0000 mm, 17.0000 mm): Reference field of Q1
[copper_edge_clearance]: Board edge clearance violation (board setup constraints edge clearance 0.5000 mm; actual 0.3011 mm)
    Rule: board setup constraints edge; warning
    @(13.3322 mm, 17.1006 mm): Segment of BAT1 on Edge.Cuts
    @(15.0625 mm, 16.0500 mm): Pad 1 [Q1_GATE] of Q1 on F.Cu
[copper_edge_clearance]: Board edge clearance violation (board setup constraints edge clearance 0.5000 mm; actual 0.1462 mm)
    Rule: board setup constraints edge; warning
    @(15.1417 mm, 16.6511 mm): Segment of BAT1 on Edge.Cuts
    @(16.9375 mm, 17.0000 mm): Pad 3 [V24_SW] of Q1 on F.Cu
[silk_edge_clearance]: Silkscreen clipped by board edge
    Rule: board setup constraints silk; warning
    @(15.1417 mm, 16.6511 mm): Segment of BAT1 on Edge.Cuts
    @(15.2400 mm, 17.3900 mm): Segment of Q1 on F.Silkscreen
[silk_edge_clearance]: Silkscreen clipped by board edge
    Rule: board setup constraints silk; warning
    @(13.3322 mm, 17.1006 mm): Segment of BAT1 on Edge.Cuts
    @(14.7000 mm, 16.6200 mm): Polygon of Q1 on F.Silkscreen
[copper_edge_clearance]: Board edge clearance violation (board setup constraints edge clearance 0.5000 mm; actual 0.1200 mm)
    Rule: board setup constraints edge; warning
    @(60.0000 mm, 40.0000 mm): Segment on Edge.Cuts
    @(57.0000 mm, 40.6200 mm): PTH pad 4 [ESP_EN] of J5
[silk_edge_clearance]: Silkscreen clipped by board edge
    Rule: board setup constraints silk; warning
    @(60.0000 mm, 40.0000 mm): Segment on Edge.Cuts
    @(55.6200 mm, 34.2700 mm): Segment of J5 on F.Silkscreen
[silk_edge_clearance]: Silkscreen clipped by board edge
    Rule: board setup constraints silk; warning
    @(60.0000 mm, 40.0000 mm): Segment on Edge.Cuts
    @(58.3800 mm, 34.2700 mm): Segment of J5 on F.Silkscreen
[copper_edge_clearance]: Board edge clearance violation (board setup constraints edge clearance 0.5000 mm; actual 0.0411 mm)
    Rule: board setup constraints edge; warning
    @(26.5110 mm, 34.4646 mm): Segment of BAT1 on Edge.Cuts
    @(25.3500 mm, 34.3650 mm): Pad 4 [<no net>] of RTC1 on F.Cu
[copper_edge_clearance]: Board edge clearance violation (board setup constraints edge clearance 0.5000 mm; actual 0.0000 mm)
    Rule: board setup constraints edge; warning
    @(25.3413 mm, 35.9166 mm): Segment of BAT1 on Edge.Cuts
    @(25.3500 mm, 35.6350 mm): Pad 5 [GND] of RTC1 on F.Cu
[copper_edge_clearance]: Board edge clearance violation (board setup constraints edge clearance 0.5000 mm; actual 0.3831 mm)
    Rule: board setup constraints edge; warning
    @(23.9525 mm, 37.1604 mm): Segment of BAT1 on Edge.Cuts
    @(25.3500 mm, 36.9050 mm): Pad 6 [GND] of RTC1 on F.Cu
[copper_edge_clearance]: Board edge clearance violation (board setup constraints edge clearance 0.5000 mm; actual 0.2550 mm)
    Rule: board setup constraints edge; warning
    @(60.0000 mm, 40.0000 mm): Segment on Edge.Cuts
    @(25.3500 mm, 39.4450 mm): Pad 8 [GND] of RTC1 on F.Cu
[copper_edge_clearance]: Board edge clearance violation (board setup constraints edge clearance 0.5000 mm; actual 0.2550 mm)
    Rule: board setup constraints edge; warning
    @(60.0000 mm, 40.0000 mm): Segment on Edge.Cuts
    @(34.6500 mm, 39.4450 mm): Pad 9 [GND] of RTC1 on F.Cu
[silk_edge_clearance]: Silkscreen clipped by board edge
    Rule: board setup constraints silk; warning
    @(30.5000 mm, 26.3149 mm): Segment of BAT1 on Edge.Cuts
    @(26.1400 mm, 29.7400 mm): Segment of RTC1 on F.Silkscreen
[silk_edge_clearance]: Silkscreen clipped by board edge
    Rule: board setup constraints silk; warning
    @(60.0000 mm, 40.0000 mm): Segment on Edge.Cuts
    @(26.1400 mm, 40.2600 mm): Segment of RTC1 on F.Silkscreen
[silk_edge_clearance]: Silkscreen clipped by board edge
    Rule: board setup constraints silk; warning
    @(60.0000 mm, 40.0000 mm): Segment on Edge.Cuts
    @(33.8600 mm, 40.0050 mm): Segment of RTC1 on F.Silkscreen
[copper_edge_clearance]: Board edge clearance violation (board setup constraints edge clearance 0.5000 mm; actual 0.0000 mm)
    Rule: board setup constraints edge; warning
    @(17.0000 mm, 16.5000 mm): Segment of BAT1 on Edge.Cuts
    @(19.2500 mm, 16.3200 mm): Pad 5 [I2C_SDA] of MOD1 on F.Cu
[copper_edge_clearance]: Board edge clearance violation (board setup constraints edge clearance 0.5000 mm; actual 0.4889 mm)
    Rule: board setup constraints edge; warning
    @(17.0000 mm, 16.5000 mm): Segment of BAT1 on Edge.Cuts
    @(19.2500 mm, 17.5900 mm): Pad 6 [I2C_SCL] of MOD1 on F.Cu
[copper_edge_clearance]: Board edge clearance violation (board setup constraints edge clearance 0.5000 mm; actual 0.1450 mm)
    Rule: board setup constraints edge; warning
    @(30.5000 mm, 26.3149 mm): Segment of BAT1 on Edge.Cuts
    @(29.9050 mm, 29.0000 mm): Pad 22 [<no net>] of MOD1 on F.Cu
[copper_edge_clearance]: Board edge clearance violation (board setup constraints edge clearance 0.5000 mm; actual 0.3412 mm)
    Rule: board setup constraints edge; warning
    @(31.7000 mm, 30.0828 mm): Segment of BAT1 on Edge.Cuts
    @(31.1750 mm, 29.0000 mm): Pad 23 [<no net>] of MOD1 on F.Cu
[copper_edge_clearance]: Board edge clearance violation (board setup constraints edge clearance 0.5000 mm; actual 0.4448 mm)
    Rule: board setup constraints edge; warning
    @(31.7000 mm, 30.0828 mm): Segment of BAT1 on Edge.Cuts
    @(32.4450 mm, 29.0000 mm): Pad 24 [<no net>] of MOD1 on F.Cu
[copper_edge_clearance]: Board edge clearance violation (board setup constraints edge clearance 0.5000 mm; actual 0.0544 mm)
    Rule: board setup constraints edge; warning
    @(23.9525 mm, 18.8396 mm): Segment of BAT1 on Edge.Cuts
    @(25.1000 mm, 19.6600 mm): PTH pad 41 [GND] of MOD1
[copper_edge_clearance]: Board edge clearance violation (board setup constraints edge clearance 0.5000 mm; actual 0.4356 mm)
    Rule: board setup constraints edge; warning
    @(23.9525 mm, 18.8396 mm): Segment of BAT1 on Edge.Cuts
    @(25.8000 mm, 20.3600 mm): PTH pad 41 [GND] of MOD1
[copper_edge_clearance]: Board edge clearance violation (board setup constraints edge clearance 0.5000 mm; actual 0.0000 mm)
    Rule: board setup constraints edge; warning
    @(23.9525 mm, 18.8396 mm): Segment of BAT1 on Edge.Cuts
    @(26.5000 mm, 18.9600 mm): Pad 41 [GND] of MOD1 on F.Cu
[silk_edge_clearance]: Silkscreen clipped by board edge
    Rule: board setup constraints silk; warning
    @(8.6587 mm, 20.0834 mm): Segment of BAT1 on Edge.Cuts
    @(10.0000 mm, 18.5000 mm): Reference field of R6
[copper_edge_clearance]: Board edge clearance violation (board setup constraints edge clearance 0.5000 mm; actual 0.1331 mm)
    Rule: board setup constraints edge; warning
    @(8.6587 mm, 20.0834 mm): Segment of BAT1 on Edge.Cuts
    @(9.0875 mm, 18.5000 mm): Pad 1 [V24_SENSE] of R6 on B.Cu
[copper_edge_clearance]: Board edge clearance violation (board setup constraints edge clearance 0.5000 mm; actual 0.3525 mm)
    Rule: board setup constraints edge; warning
    @(8.6587 mm, 20.0834 mm): Segment of BAT1 on Edge.Cuts
    @(10.9125 mm, 18.5000 mm): Pad 2 [GND] of R6 on B.Cu
[copper_edge_clearance]: Board edge clearance violation (board setup constraints edge clearance 0.5000 mm; actual 0.4590 mm)
    Rule: board setup constraints edge; warning
    @(7.4890 mm, 21.5354 mm): Segment of BAT1 on Edge.Cuts
    @(9.2250 mm, 21.0000 mm): Pad 1 [V24_SENSE] of C5 on B.Cu
[silk_edge_clearance]: Silkscreen clipped by board edge
    Rule: board setup constraints silk; warning
    @(11.6192 mm, 38.1635 mm): Segment of BAT1 on Edge.Cuts
    @(12.0000 mm, 37.0000 mm): Reference field of R13
[copper_edge_clearance]: Board edge clearance violation (board setup constraints edge clearance 0.5000 mm; actual 0.0000 mm)
    Rule: board setup constraints edge; warning
    @(11.6192 mm, 38.1635 mm): Segment of BAT1 on Edge.Cuts
    @(11.0875 mm, 37.0000 mm): Pad 1 [V3V3_SW] of R13 on B.Cu
[copper_edge_clearance]: Board edge clearance violation (board setup constraints edge clearance 0.5000 mm; actual 0.4461 mm)
    Rule: board setup constraints edge; warning
    @(17.0000 mm, 16.5000 mm): Segment of BAT1 on Edge.Cuts
    @(19.0875 mm, 15.5000 mm): Pad 1 [V3V3_SW] of R7 on B.Cu
[hole_to_hole]: Drilled hole too close to other hole (board setup constraints min 0.2495 mm; actual 0.0000 mm)
    Rule: board setup constraints; warning
    @(57.0000 mm, 37.0000 mm): NPTH pad of H4
    @(57.0000 mm, 35.5400 mm): PTH pad 2 [DBG_UART_RX] of J5
[hole_to_hole]: Drilled hole too close to other hole (board setup constraints min 0.2495 mm; actual 0.0000 mm)
    Rule: board setup constraints; warning
    @(57.0000 mm, 38.0800 mm): PTH pad 3 [GND] of J5
    @(57.0000 mm, 37.0000 mm): NPTH pad of H4
[drill_out_of_range]: Hole size out of range (board setup constraints min hole 0.3000 mm; actual 0.2000 mm)
    Rule: board setup constraints; warning
    @(25.1000 mm, 18.2600 mm): PTH pad 41 [GND] of MOD1
[drill_out_of_range]: Hole size out of range (board setup constraints min hole 0.3000 mm; actual 0.2000 mm)
    Rule: board setup constraints; warning
    @(25.1000 mm, 19.6600 mm): PTH pad 41 [GND] of MOD1
[drill_out_of_range]: Hole size out of range (board setup constraints min hole 0.3000 mm; actual 0.2000 mm)
    Rule: board setup constraints; warning
    @(25.8000 mm, 17.5600 mm): PTH pad 41 [GND] of MOD1
[drill_out_of_range]: Hole size out of range (board setup constraints min hole 0.3000 mm; actual 0.2000 mm)
    Rule: board setup constraints; warning
    @(25.8000 mm, 18.9600 mm): PTH pad 41 [GND] of MOD1
[drill_out_of_range]: Hole size out of range (board setup constraints min hole 0.3000 mm; actual 0.2000 mm)
    Rule: board setup constraints; warning
    @(25.8000 mm, 20.3600 mm): PTH pad 41 [GND] of MOD1
[drill_out_of_range]: Hole size out of range (board setup constraints min hole 0.3000 mm; actual 0.2000 mm)
    Rule: board setup constraints; warning
    @(26.5000 mm, 18.2600 mm): PTH pad 41 [GND] of MOD1
[drill_out_of_range]: Hole size out of range (board setup constraints min hole 0.3000 mm; actual 0.2000 mm)
    Rule: board setup constraints; warning
    @(26.5000 mm, 19.6600 mm): PTH pad 41 [GND] of MOD1
[drill_out_of_range]: Hole size out of range (board setup constraints min hole 0.3000 mm; actual 0.2000 mm)
    Rule: board setup constraints; warning
    @(27.2000 mm, 17.5600 mm): PTH pad 41 [GND] of MOD1
[drill_out_of_range]: Hole size out of range (board setup constraints min hole 0.3000 mm; actual 0.2000 mm)
    Rule: board setup constraints; warning
    @(27.2000 mm, 18.9600 mm): PTH pad 41 [GND] of MOD1
[drill_out_of_range]: Hole size out of range (board setup constraints min hole 0.3000 mm; actual 0.2000 mm)
    Rule: board setup constraints; warning
    @(27.2000 mm, 20.3600 mm): PTH pad 41 [GND] of MOD1
[drill_out_of_range]: Hole size out of range (board setup constraints min hole 0.3000 mm; actual 0.2000 mm)
    Rule: board setup constraints; warning
    @(27.9000 mm, 18.2600 mm): PTH pad 41 [GND] of MOD1
[drill_out_of_range]: Hole size out of range (board setup constraints min hole 0.3000 mm; actual 0.2000 mm)
    Rule: board setup constraints; warning
    @(27.9000 mm, 19.6600 mm): PTH pad 41 [GND] of MOD1
[solder_mask_bridge]: Rear solder mask aperture bridges items with different nets
    Rule: board setup solder mask min width; warning
    @(35.9125 mm, 37.5000 mm): Pad 2 [I2C_SDA] of R8 on B.Cu
    @(36.5875 mm, 37.5000 mm): Pad 1 [V3V3_SW] of R9 on B.Cu
[solder_mask_bridge]: Front solder mask aperture bridges items with different nets
    Rule: board setup solder mask min width; warning
    @(42.3000 mm, 8.5000 mm): PTH pad 2 [V24_AFTER_FUSE] of F1
    @(43.8625 mm, 8.4500 mm): Pad 3 [V24_SW] of U1 on F.Cu
[solder_mask_bridge]: Front solder mask aperture bridges items with different nets
    Rule: board setup solder mask min width; warning
    @(19.2500 mm, 16.3200 mm): Pad 5 [I2C_SDA] of MOD1 on F.Cu
    @(19.0875 mm, 17.0000 mm): Pad 1 [PWR_EN] of R4 on F.Cu
[solder_mask_bridge]: Front solder mask aperture bridges items with different nets
    Rule: board setup solder mask min width; warning
    @(19.0875 mm, 21.5000 mm): Pad 1 [V24_FUSED] of R3 on F.Cu
    @(19.2500 mm, 21.4000 mm): Pad 9 [<no net>] of MOD1 on F.Cu
[solder_mask_bridge]: Front solder mask aperture bridges items with different nets
    Rule: board setup solder mask min width; warning
    @(33.7150 mm, 29.0000 mm): Pad 25 [<no net>] of MOD1 on F.Cu
    @(32.1500 mm, 28.1000 mm): Pad 2 [GND] of BAT1 on F.Cu
[solder_mask_bridge]: Front solder mask aperture bridges items with different nets
    Rule: board setup solder mask min width; warning
    @(19.2500 mm, 17.5900 mm): Pad 6 [I2C_SCL] of MOD1 on F.Cu
    @(19.0875 mm, 17.0000 mm): Pad 1 [PWR_EN] of R4 on F.Cu
[solder_mask_bridge]: Front solder mask aperture bridges items with different nets
    Rule: board setup solder mask min width; warning
    @(36.7500 mm, 11.2400 mm): Pad 40 [GND] of MOD1 on F.Cu
    @(35.0000 mm, 10.5000 mm): Pad 1 [V24_FUSED] of TVS1 on F.Cu
[solder_mask_bridge]: Front solder mask aperture bridges items with different nets
    Rule: board setup solder mask min width; warning
    @(32.1500 mm, 28.1000 mm): Pad 2 [GND] of BAT1 on F.Cu
    @(31.1750 mm, 29.0000 mm): Pad 23 [<no net>] of MOD1 on F.Cu
[solder_mask_bridge]: Front solder mask aperture bridges items with different nets
    Rule: board setup solder mask min width; warning
    @(32.1500 mm, 28.1000 mm): Pad 2 [GND] of BAT1 on F.Cu
    @(32.4450 mm, 29.0000 mm): Pad 24 [<no net>] of MOD1 on F.Cu
[solder_mask_bridge]: Front solder mask aperture bridges items with different nets
    Rule: board setup solder mask min width; warning
    @(46.4750 mm, 11.5000 mm): Pad 2 [GND] of C1 on F.Cu
    @(47.5250 mm, 11.5000 mm): Pad 1 [V3V3_SW] of C2 on F.Cu
[solder_mask_bridge]: Rear solder mask aperture bridges items with different nets
    Rule: board setup solder mask min width; warning
    @(18.9500 mm, 13.5000 mm): Pad 2 [GND] of C6 on B.Cu
    @(19.5200 mm, 13.5000 mm): Pad 1 [V3V3_SW] of C7 on B.Cu
[solder_mask_bridge]: Front solder mask aperture bridges items with different nets
    Rule: board setup solder mask min width; warning
    @(57.0000 mm, 37.0000 mm): NPTH pad of H4
    @(57.0000 mm, 35.5400 mm): PTH pad 2 [DBG_UART_RX] of J5
[solder_mask_bridge]: Front solder mask aperture bridges items with different nets
    Rule: board setup solder mask min width; warning
    @(57.0000 mm, 37.0000 mm): NPTH pad of H4
    @(57.0000 mm, 38.0800 mm): PTH pad 3 [GND] of J5
[solder_mask_bridge]: Rear solder mask aperture bridges items with different nets
    Rule: board setup solder mask min width; warning
    @(57.0000 mm, 37.0000 mm): NPTH pad of H4
    @(57.0000 mm, 35.5400 mm): PTH pad 2 [DBG_UART_RX] of J5
[solder_mask_bridge]: Rear solder mask aperture bridges items with different nets
    Rule: board setup solder mask min width; warning
    @(57.0000 mm, 37.0000 mm): NPTH pad of H4
    @(57.0000 mm, 38.0800 mm): PTH pad 3 [GND] of J5
[silk_overlap]: Silkscreen clearance
    Rule: board setup constraints silk; warning
    @(16.0000 mm, 17.0000 mm): Reference field of Q1
    @(14.7000 mm, 16.6200 mm): Polygon of Q1 on F.Silkscreen
[silk_overlap]: Silkscreen clearance
    Rule: board setup constraints silk; warning
    @(20.0000 mm, 13.5000 mm): Reference field of C7
    @(22.0000 mm, 13.5000 mm): Reference field of C8
[silk_overlap]: Silkscreen clearance
    Rule: board setup constraints silk; warning
    @(22.4300 mm, 13.5400 mm): Segment of F1 on F.Silkscreen
    @(22.0000 mm, 13.5000 mm): Reference field of C8
[silk_overlap]: Silkscreen clearance
    Rule: board setup constraints silk; warning
    @(22.4300 mm, 13.5400 mm): Segment of F1 on F.Silkscreen
    @(18.8000 mm, 9.8500 mm): Segment of MOD1 on F.Silkscreen
[silk_overlap]: Silkscreen clearance
    Rule: board setup constraints silk; warning
    @(27.4300 mm, 8.4600 mm): Segment of F1 on F.Silkscreen
    @(18.8000 mm, 9.8500 mm): Segment of MOD1 on F.Silkscreen
[silk_overlap]: Silkscreen clearance
    Rule: board setup constraints silk; warning
    @(39.3700 mm, 8.5000 mm): Segment of F1 on F.Silkscreen
    @(33.4900 mm, 5.8500 mm): Segment of D1 on F.Silkscreen
[silk_overlap]: Silkscreen clearance
    Rule: board setup constraints silk; warning
    @(33.4900 mm, 8.8500 mm): Segment of TVS1 on F.Silkscreen
    @(33.4900 mm, 5.8500 mm): Segment of D1 on F.Silkscreen
[silk_overlap]: Silkscreen clearance
    Rule: board setup constraints silk; warning
    @(33.4900 mm, 8.8500 mm): Segment of TVS1 on F.Silkscreen
    @(33.4900 mm, 5.8500 mm): Segment of D1 on F.Silkscreen
[silk_overlap]: Silkscreen clearance
    Rule: board setup constraints silk; warning
    @(33.4900 mm, 8.8500 mm): Segment of TVS1 on F.Silkscreen
    @(18.8000 mm, 9.8500 mm): Segment of MOD1 on F.Silkscreen
[silk_overlap]: Silkscreen clearance
    Rule: board setup constraints silk; warning
    @(33.4900 mm, 8.8500 mm): Segment of TVS1 on F.Silkscreen
    @(33.4900 mm, 9.1500 mm): Segment of D1 on F.Silkscreen
[silk_overlap]: Silkscreen clearance
    Rule: board setup constraints silk; warning
    @(37.0000 mm, 10.5000 mm): Reference field of TVS1
    @(18.8000 mm, 9.8500 mm): Segment of MOD1 on F.Silkscreen
[silk_overlap]: Silkscreen clearance
    Rule: board setup constraints silk; warning
    @(37.0000 mm, 10.5000 mm): Reference field of TVS1
    @(37.2000 mm, 9.8500 mm): Segment of MOD1 on F.Silkscreen
[silk_overlap]: Silkscreen clearance
    Rule: board setup constraints silk; warning
    @(44.3700 mm, 8.4600 mm): Segment of F1 on F.Silkscreen
    @(45.9100 mm, 9.0600 mm): Segment of U1 on F.Silkscreen
[silk_overlap]: Silkscreen clearance
    Rule: board setup constraints silk; warning
    @(47.4400 mm, 16.6500 mm): Segment of U2 on F.Silkscreen
    @(50.0000 mm, 16.0000 mm): Reference field of U3
[silk_overlap]: Silkscreen clearance
    Rule: board setup constraints silk; warning
    @(54.0000 mm, 16.0000 mm): Reference field of R11
    @(47.4400 mm, 16.6500 mm): Segment of U2 on F.Silkscreen
[silk_overlap]: Silkscreen clearance
    Rule: board setup constraints silk; warning
    @(47.4400 mm, 16.6500 mm): Segment of U2 on F.Silkscreen
    @(55.6200 mm, 11.7700 mm): Segment of J3 on F.Silkscreen
[silk_overlap]: Silkscreen clearance
    Rule: board setup constraints silk; warning
    @(45.0000 mm, 11.5000 mm): Reference field of C1
    @(44.3700 mm, 8.4600 mm): Segment of F1 on F.Silkscreen
[silk_overlap]: Silkscreen clearance
    Rule: board setup constraints silk; warning
    @(44.2887 mm, 12.8600 mm): Segment of C1 on F.Silkscreen
    @(44.3700 mm, 8.4600 mm): Segment of F1 on F.Silkscreen
[silk_overlap]: Silkscreen clearance
    Rule: board setup constraints silk; warning
    @(44.2887 mm, 10.1400 mm): Segment of C1 on F.Silkscreen
    @(44.3700 mm, 8.4600 mm): Segment of F1 on F.Silkscreen
[silk_overlap]: Silkscreen clearance
    Rule: board setup constraints silk; warning
    @(46.3594 mm, 4.5100 mm): Segment of C_BST on F.Silkscreen
    @(46.5000 mm, 4.0000 mm): Reference field of C_BST
[silk_overlap]: Silkscreen clearance
    Rule: board setup constraints silk; warning
    @(49.0000 mm, 7.5000 mm): Reference field of L1
    @(48.6004 mm, 8.0600 mm): Segment of L1 on F.Silkscreen
[silk_overlap]: Silkscreen clearance
    Rule: board setup constraints silk; warning
    @(49.0000 mm, 7.5000 mm): Reference field of L1
    @(48.6004 mm, 6.9400 mm): Segment of L1 on F.Silkscreen
[silk_overlap]: Silkscreen clearance
    Rule: board setup constraints silk; warning
    @(55.9250 mm, 40.8600 mm): Segment of J2 on F.Silkscreen
    @(57.0000 mm, 37.0000 mm): Reference field of H4
[silk_overlap]: Silkscreen clearance
    Rule: board setup constraints silk; warning
    @(55.6200 mm, 31.6200 mm): Segment of J5 on F.Silkscreen
    @(55.9250 mm, 24.8900 mm): Segment of J2 on F.Silkscreen
[silk_overlap]: Silkscreen clearance
    Rule: board setup constraints silk; warning
    @(39.2400 mm, 24.8900 mm): Segment of J2 on F.Silkscreen
    @(47.4400 mm, 28.3700 mm): Segment of U2 on F.Silkscreen
[silk_overlap]: Silkscreen clearance
    Rule: board setup constraints silk; warning
    @(54.0000 mm, 20.5000 mm): Reference field of TVS2
    @(56.0600 mm, 16.6500 mm): Segment of U2 on F.Silkscreen
[silk_overlap]: Silkscreen clearance
    Rule: board setup constraints silk; warning
    @(50.4900 mm, 22.1500 mm): Segment of TVS2 on F.Silkscreen
    @(56.0600 mm, 16.6500 mm): Segment of U2 on F.Silkscreen
[silk_overlap]: Silkscreen clearance
    Rule: board setup constraints silk; warning
    @(50.4900 mm, 18.8500 mm): Segment of TVS2 on F.Silkscreen
    @(56.0600 mm, 16.6500 mm): Segment of U2 on F.Silkscreen
[silk_overlap]: Silkscreen clearance
    Rule: board setup constraints silk; warning
    @(55.6200 mm, 19.5000 mm): Segment of J3 on F.Silkscreen
    @(56.0600 mm, 16.6500 mm): Segment of U2 on F.Silkscreen
[silk_overlap]: Silkscreen clearance
    Rule: board setup constraints silk; warning
    @(56.0600 mm, 28.3700 mm): Segment of U2 on F.Silkscreen
    @(55.9250 mm, 24.8900 mm): Segment of J2 on F.Silkscreen
[silk_overlap]: Silkscreen clearance
    Rule: board setup constraints silk; warning
    @(50.4900 mm, 18.8500 mm): Segment of TVS2 on F.Silkscreen
    @(50.0000 mm, 19.0000 mm): Reference field of C10
[silk_overlap]: Silkscreen clearance
    Rule: board setup constraints silk; warning
    @(52.0600 mm, 18.5600 mm): Segment of U3 on F.Silkscreen
    @(50.0000 mm, 19.0000 mm): Reference field of C10
[silk_overlap]: Silkscreen clearance
    Rule: board setup constraints silk; warning
    @(55.0600 mm, 28.6100 mm): Segment of U2 on F.Silkscreen
    @(55.9250 mm, 24.8900 mm): Segment of J2 on F.Silkscreen
[silk_overlap]: Silkscreen clearance
    Rule: board setup constraints silk; warning
    @(55.6200 mm, 34.2700 mm): Segment of J5 on F.Silkscreen
    @(39.2400 mm, 40.8600 mm): Segment of J2 on F.Silkscreen
[silk_overlap]: Silkscreen clearance
    Rule: board setup constraints silk; warning
    @(23.2000 mm, 13.5400 mm): Segment of F1 on F.Silkscreen
    @(22.0000 mm, 13.5000 mm): Reference field of C8
[silk_overlap]: Silkscreen clearance
    Rule: board setup constraints silk; warning
    @(16.0000 mm, 17.0000 mm): Reference field of Q1
    @(15.2400 mm, 17.3900 mm): Segment of Q1 on F.Silkscreen
[silk_overlap]: Silkscreen clearance
    Rule: board setup constraints silk; warning
    @(16.0000 mm, 17.0000 mm): Reference field of Q1
    @(16.7600 mm, 17.5600 mm): Segment of Q1 on F.Silkscreen
[silk_overlap]: Silkscreen clearance
    Rule: board setup constraints silk; warning
    @(16.0000 mm, 17.0000 mm): Reference field of Q1
    @(16.7600 mm, 15.4400 mm): Segment of Q1 on F.Silkscreen
[silk_overlap]: Silkscreen clearance
    Rule: board setup constraints silk; warning
    @(18.0000 mm, 13.5000 mm): Reference field of C6
    @(20.0000 mm, 13.5000 mm): Reference field of C7
[silk_overlap]: Silkscreen clearance
    Rule: board setup constraints silk; warning
    @(54.0000 mm, 14.0000 mm): Reference field of R10
    @(55.6200 mm, 11.7700 mm): Segment of J3 on F.Silkscreen
[silk_overlap]: Silkscreen clearance
    Rule: board setup constraints silk; warning
    @(50.4900 mm, 18.8500 mm): Segment of TVS2 on F.Silkscreen
    @(50.0000 mm, 19.0000 mm): Reference field of C10
[silk_overlap]: Silkscreen clearance
    Rule: board setup constraints silk; warning
    @(50.4900 mm, 18.8500 mm): Segment of TVS2 on F.Silkscreen
    @(55.6200 mm, 11.7700 mm): Segment of J3 on F.Silkscreen
[silk_overlap]: Silkscreen clearance
    Rule: board setup constraints silk; warning
    @(55.6200 mm, 11.7700 mm): Segment of J3 on F.Silkscreen
    @(54.0000 mm, 18.0000 mm): Reference field of R12
[silk_overlap]: Silkscreen clearance
    Rule: board setup constraints silk; warning
    @(54.0000 mm, 16.0000 mm): Reference field of R11
    @(55.6200 mm, 11.7700 mm): Segment of J3 on F.Silkscreen
[silk_over_copper]: Silkscreen clipped by solder mask
    Local override; warning
    @(9.0000 mm, 8.5000 mm): Reference field of J1
    @(9.0000 mm, 8.5000 mm): PTH pad 1 [V24_RAW] of J1
[silk_over_copper]: Silkscreen clipped by solder mask
    Local override; warning
    @(3.0000 mm, 3.0000 mm): Reference field of H1
    @(3.0000 mm, 3.0000 mm): NPTH pad of H1
[silk_over_copper]: Silkscreen clipped by solder mask
    Local override; warning
    @(24.5000 mm, 8.5000 mm): Reference field of F1
    @(24.5000 mm, 8.5000 mm): PTH pad 1 [V24_RAW] of F1
[silk_over_copper]: Silkscreen clipped by solder mask
    Local override; warning
    @(39.3700 mm, 13.5000 mm): Segment of F1 on F.Silkscreen
    @(36.7500 mm, 13.7800 mm): Pad 38 [DE_RE] of MOD1 on F.Cu
[silk_over_copper]: Silkscreen clipped by solder mask
    Local override; warning
    @(33.4900 mm, 12.1500 mm): Segment of TVS1 on F.Silkscreen
    @(36.7500 mm, 12.5100 mm): Pad 39 [V24_SENSE] of MOD1 on F.Cu
[silk_over_copper]: Silkscreen clipped by solder mask
    Local override; warning
    @(18.8000 mm, 9.8500 mm): Segment of MOD1 on F.Silkscreen
    @(35.0000 mm, 10.5000 mm): Pad 1 [V24_FUSED] of TVS1 on F.Cu
[silk_over_copper]: Silkscreen clipped by solder mask
    Local override; warning
    @(37.0000 mm, 7.5000 mm): Reference field of D1
    @(35.0000 mm, 7.5000 mm): Pad 1 [V24_FUSED] of D1 on F.Cu
[silk_over_copper]: Silkscreen clipped by solder mask
    Local override; warning
    @(37.0000 mm, 10.5000 mm): Reference field of TVS1
    @(35.0000 mm, 10.5000 mm): Pad 1 [V24_FUSED] of TVS1 on F.Cu
[silk_over_copper]: Silkscreen clipped by solder mask
    Local override; warning
    @(37.0000 mm, 10.5000 mm): Reference field of TVS1
    @(36.7500 mm, 11.2400 mm): Pad 40 [GND] of MOD1 on F.Cu
[silk_over_copper]: Silkscreen clipped by solder mask
    Local override; warning
    @(43.6000 mm, 8.4600 mm): Segment of F1 on F.Silkscreen
    @(43.8625 mm, 8.4500 mm): Pad 3 [V24_SW] of U1 on F.Cu
[silk_over_copper]: Silkscreen clipped by solder mask
    Local override; warning
    @(45.0000 mm, 7.5000 mm): Reference field of U1
    @(43.8625 mm, 8.4500 mm): Pad 3 [V24_SW] of U1 on F.Cu
[silk_over_copper]: Silkscreen clipped by solder mask
    Local override; warning
    @(45.0000 mm, 7.5000 mm): Reference field of U1
    @(43.8625 mm, 6.5500 mm): Pad 1 [<no net>] of U1 on F.Cu
[silk_over_copper]: Silkscreen clipped by solder mask
    Local override; warning
    @(45.0000 mm, 7.5000 mm): Reference field of U1
    @(43.8625 mm, 7.5000 mm): Pad 2 [V24_SW] of U1 on F.Cu
[silk_over_copper]: Silkscreen clipped by solder mask
    Local override; warning
    @(45.0000 mm, 7.5000 mm): Reference field of U1
    @(46.1375 mm, 8.4500 mm): Pad 4 [GND] of U1 on F.Cu
[silk_over_copper]: Silkscreen clipped by solder mask
    Local override; warning
    @(45.0000 mm, 7.5000 mm): Reference field of U1
    @(46.1375 mm, 7.5000 mm): Pad 5 [U1_SW] of U1 on F.Cu
[silk_over_copper]: Silkscreen clipped by solder mask
    Local override; warning
    @(45.0000 mm, 7.5000 mm): Reference field of U1
    @(46.1375 mm, 6.5500 mm): Pad 6 [U1_BST] of U1 on F.Cu
[silk_over_copper]: Silkscreen clipped by solder mask
    Local override; warning
    @(54.0000 mm, 7.5000 mm): Reference field of C3
    @(52.5250 mm, 7.5000 mm): Pad 1 [V24_SW] of C3 on F.Cu
[silk_over_copper]: Silkscreen clipped by solder mask
    Local override; warning
    @(54.0000 mm, 11.5000 mm): Reference field of C4
    @(52.5250 mm, 11.5000 mm): Pad 1 [V12_CAT5E] of C4 on F.Cu
[silk_over_copper]: Silkscreen clipped by solder mask
    Local override; warning
    @(57.0000 mm, 3.0000 mm): Reference field of H2
    @(57.0000 mm, 3.0000 mm): NPTH pad of H2
[silk_over_copper]: Silkscreen clipped by solder mask
    Local override; warning
    @(54.0000 mm, 7.5000 mm): Reference field of C3
    @(55.4750 mm, 7.5000 mm): Pad 2 [GND] of C3 on F.Cu
[silk_over_copper]: Silkscreen clipped by solder mask
    Local override; warning
    @(57.0000 mm, 10.5000 mm): Reference field of J3
    @(57.0000 mm, 10.5000 mm): PTH pad 1 [USB_DP] of J3
[silk_over_copper]: Silkscreen clipped by solder mask
    Local override; warning
    @(55.6200 mm, 11.7700 mm): Segment of J3 on F.Silkscreen
    @(55.4750 mm, 11.5000 mm): Pad 2 [GND] of C4 on F.Cu
[silk_over_copper]: Silkscreen clipped by solder mask
    Local override; warning
    @(54.0000 mm, 11.5000 mm): Reference field of C4
    @(55.4750 mm, 11.5000 mm): Pad 2 [GND] of C4 on F.Cu
[silk_over_copper]: Silkscreen clipped by solder mask
    Local override; warning
    @(47.4400 mm, 16.6500 mm): Segment of U2 on F.Silkscreen
    @(47.5250 mm, 16.6350 mm): Pad 3 [DE_RE] of U3 on F.Cu
[silk_over_copper]: Silkscreen clipped by solder mask
    Local override; warning
    @(47.4400 mm, 16.6500 mm): Segment of U2 on F.Silkscreen
    @(52.4750 mm, 16.6350 mm): Pad 6 [RS485_A] of U3 on F.Cu
[silk_over_copper]: Silkscreen clipped by solder mask
    Local override; warning
    @(44.3700 mm, 8.4600 mm): Segment of F1 on F.Silkscreen
    @(43.8625 mm, 8.4500 mm): Pad 3 [V24_SW] of U1 on F.Cu
[silk_over_copper]: Silkscreen clipped by solder mask
    Local override; warning
    @(37.0000 mm, 10.5000 mm): Reference field of TVS1
    @(39.0000 mm, 10.5000 mm): Pad 2 [GND] of TVS1 on F.Cu
[silk_over_copper]: Silkscreen clipped by solder mask
    Local override; warning
    @(37.0000 mm, 7.5000 mm): Reference field of D1
    @(39.0000 mm, 7.5000 mm): Pad 2 [V24_AFTER_FUSE] of D1 on F.Cu
[silk_over_copper]: Silkscreen clipped by solder mask
    Local override; warning
    @(39.3700 mm, 8.4600 mm): Segment of F1 on F.Silkscreen
    @(39.0000 mm, 10.5000 mm): Pad 2 [GND] of TVS1 on F.Cu
[silk_over_copper]: Silkscreen clipped by solder mask
    Local override; warning
    @(46.5000 mm, 4.0000 mm): Reference field of C_BST
    @(47.2750 mm, 4.0000 mm): Pad 2 [U1_SW] of C_BST on F.Cu
[silk_over_copper]: Silkscreen clipped by solder mask
    Local override; warning
    @(46.5000 mm, 4.0000 mm): Reference field of C_BST
    @(45.7250 mm, 4.0000 mm): Pad 1 [U1_BST] of C_BST on F.Cu
[silk_over_copper]: Silkscreen clipped by solder mask
    Local override; warning
    @(49.0000 mm, 11.5000 mm): Reference field of C2
    @(47.5250 mm, 11.5000 mm): Pad 1 [V3V3_SW] of C2 on F.Cu
[silk_over_copper]: Silkscreen clipped by solder mask
    Local override; warning
    @(55.6200 mm, 10.5000 mm): Segment of J3 on F.Silkscreen
    @(55.4750 mm, 11.5000 mm): Pad 2 [GND] of C4 on F.Cu
[silk_over_copper]: Silkscreen clipped by solder mask
    Local override; warning
    @(49.0000 mm, 7.5000 mm): Reference field of L1
    @(47.9375 mm, 7.5000 mm): Pad 1 [U1_SW] of L1 on F.Cu
[silk_over_copper]: Silkscreen clipped by solder mask
    Local override; warning
    @(49.0000 mm, 7.5000 mm): Reference field of L1
    @(50.0625 mm, 7.5000 mm): Pad 2 [V3V3_SW] of L1 on F.Cu
[silk_over_copper]: Silkscreen clipped by solder mask
    Local override; warning
    @(45.0000 mm, 11.5000 mm): Reference field of C1
    @(43.5250 mm, 11.5000 mm): Pad 1 [V24_SW] of C1 on F.Cu
[silk_over_copper]: Silkscreen clipped by solder mask
    Local override; warning
    @(45.0000 mm, 11.5000 mm): Reference field of C1
    @(46.4750 mm, 11.5000 mm): Pad 2 [GND] of C1 on F.Cu
[silk_over_copper]: Silkscreen clipped by solder mask
    Local override; warning
    @(8.0000 mm, 37.0000 mm): Reference field of BTN1
    @(8.0000 mm, 37.0000 mm): PTH pad 1 [BTN_OVERRIDE] of BTN1
[silk_over_copper]: Silkscreen clipped by solder mask
    Local override; warning
    @(3.0000 mm, 37.0000 mm): Reference field of H3
    @(3.0000 mm, 37.0000 mm): NPTH pad of H3
[silk_over_copper]: Silkscreen clipped by solder mask
    Local override; warning
    @(26.1400 mm, 29.7400 mm): Segment of RTC1 on F.Silkscreen
    @(32.1500 mm, 28.1000 mm): Pad 2 [GND] of BAT1 on F.Cu
[silk_over_copper]: Silkscreen clipped by solder mask
    Local override; warning
    @(26.1400 mm, 29.7400 mm): Segment of RTC1 on F.Silkscreen
    @(31.1750 mm, 29.0000 mm): Pad 23 [<no net>] of MOD1 on F.Cu
[silk_over_copper]: Silkscreen clipped by solder mask
    Local override; warning
    @(26.1400 mm, 29.7400 mm): Segment of RTC1 on F.Silkscreen
    @(32.4450 mm, 29.0000 mm): Pad 24 [<no net>] of MOD1 on F.Cu
[silk_over_copper]: Silkscreen clipped by solder mask
    Local override; warning
    @(26.1400 mm, 29.7400 mm): Segment of RTC1 on F.Silkscreen
    @(33.7150 mm, 29.0000 mm): Pad 25 [<no net>] of MOD1 on F.Cu
[silk_over_copper]: Silkscreen clipped by solder mask
    Local override; warning
    @(33.8600 mm, 29.7400 mm): Segment of RTC1 on F.Silkscreen
    @(32.1500 mm, 28.1000 mm): Pad 2 [GND] of BAT1 on F.Cu
[silk_over_copper]: Silkscreen clipped by solder mask
    Local override; warning
    @(33.8600 mm, 29.7400 mm): Segment of RTC1 on F.Silkscreen
    @(33.7150 mm, 29.0000 mm): Pad 25 [<no net>] of MOD1 on F.Cu
[silk_over_copper]: Silkscreen clipped by solder mask
    Local override; warning
    @(28.0000 mm, 19.6500 mm): Reference field of MOD1
    @(26.5000 mm, 18.9600 mm): Pad 41 [GND] of MOD1 on F.Cu
[silk_over_copper]: Silkscreen clipped by solder mask
    Local override; warning
    @(28.0000 mm, 19.6500 mm): Reference field of MOD1
    @(26.5000 mm, 19.6600 mm): PTH pad 41 [GND] of MOD1
[silk_over_copper]: Silkscreen clipped by solder mask
    Local override; warning
    @(28.0000 mm, 19.6500 mm): Reference field of MOD1
    @(27.2000 mm, 18.9600 mm): PTH pad 41 [GND] of MOD1
[silk_over_copper]: Silkscreen clipped by solder mask
    Local override; warning
    @(28.0000 mm, 19.6500 mm): Reference field of MOD1
    @(27.9000 mm, 19.6600 mm): PTH pad 41 [GND] of MOD1
[silk_over_copper]: Silkscreen clipped by solder mask
    Local override; warning
    @(44.0000 mm, 33.0000 mm): Reference field of J2
    @(44.0000 mm, 33.0000 mm): PTH pad 1 [V12_CAT5E] of J2
[silk_over_copper]: Silkscreen clipped by solder mask
    Local override; warning
    @(55.9250 mm, 40.8600 mm): Segment of J2 on F.Silkscreen
    @(57.0000 mm, 37.0000 mm): NPTH pad of H4
[silk_over_copper]: Silkscreen clipped by solder mask
    Local override; warning
    @(57.0000 mm, 37.0000 mm): Reference field of H4
    @(57.0000 mm, 37.0000 mm): NPTH pad of H4
[silk_over_copper]: Silkscreen clipped by solder mask
    Local override; warning
    @(57.0000 mm, 37.0000 mm): Reference field of H4
    @(57.0000 mm, 38.0800 mm): PTH pad 3 [GND] of J5
[silk_over_copper]: Silkscreen clipped by solder mask
    Local override; warning
    @(58.3800 mm, 34.2700 mm): Segment of J5 on F.Silkscreen
    @(57.0000 mm, 37.0000 mm): NPTH pad of H4
[silk_over_copper]: Silkscreen clipped by solder mask
    Local override; warning
    @(57.0000 mm, 33.0000 mm): Reference field of J5
    @(55.6900 mm, 33.8900 mm): PTH pad SH [<no net>] of J2
[silk_over_copper]: Silkscreen clipped by solder mask
    Local override; warning
    @(55.6200 mm, 34.2700 mm): Segment of J5 on F.Silkscreen
    @(55.6900 mm, 33.8900 mm): PTH pad SH [<no net>] of J2
[silk_over_copper]: Silkscreen clipped by solder mask
    Local override; warning
    @(57.0000 mm, 33.0000 mm): Reference field of J5
    @(57.0000 mm, 33.0000 mm): PTH pad 1 [DBG_UART_TX] of J5
[silk_over_copper]: Silkscreen clipped by solder mask
    Local override; warning
    @(47.4400 mm, 28.3700 mm): Segment of U2 on F.Silkscreen
    @(47.5250 mm, 16.6350 mm): Pad 3 [DE_RE] of U3 on F.Cu
[silk_over_copper]: Silkscreen clipped by solder mask
    Local override; warning
    @(47.4400 mm, 28.3700 mm): Segment of U2 on F.Silkscreen
    @(47.5250 mm, 17.9050 mm): Pad 4 [UART_TX_3V3] of U3 on F.Cu
[silk_over_copper]: Silkscreen clipped by solder mask
    Local override; warning
    @(56.0600 mm, 16.6500 mm): Segment of U2 on F.Silkscreen
    @(56.0000 mm, 20.5000 mm): Pad 2 [RS485_B] of TVS2 on F.Cu
[silk_over_copper]: Silkscreen clipped by solder mask
    Local override; warning
    @(54.0000 mm, 20.5000 mm): Reference field of TVS2
    @(56.0000 mm, 20.5000 mm): Pad 2 [RS485_B] of TVS2 on F.Cu
[silk_over_copper]: Silkscreen clipped by solder mask
    Local override; warning
    @(39.2400 mm, 24.8900 mm): Segment of J2 on F.Silkscreen
    @(54.0000 mm, 25.0000 mm): PTH pad 1 [V24_SW] of U2
[silk_over_copper]: Silkscreen clipped by solder mask
    Local override; warning
    @(54.0000 mm, 20.5000 mm): Reference field of TVS2
    @(52.0000 mm, 20.5000 mm): Pad 1 [RS485_A] of TVS2 on F.Cu
[silk_over_copper]: Silkscreen clipped by solder mask
    Local override; warning
    @(54.0000 mm, 20.5000 mm): Reference field of TVS2
    @(54.0000 mm, 19.9200 mm): PTH pad 3 [V12_CAT5E] of U2
[silk_over_copper]: Silkscreen clipped by solder mask
    Local override; warning
    @(50.4900 mm, 22.1500 mm): Segment of TVS2 on F.Silkscreen
    @(54.0000 mm, 22.4600 mm): PTH pad 2 [GND] of U2
[silk_over_copper]: Silkscreen clipped by solder mask
    Local override; warning
    @(50.0000 mm, 19.0000 mm): Reference field of C10
    @(52.0000 mm, 20.5000 mm): Pad 1 [RS485_A] of TVS2 on F.Cu
[silk_over_copper]: Silkscreen clipped by solder mask
    Local override; warning
    @(35.0000 mm, 37.5000 mm): Reference field of R8
    @(34.6500 mm, 36.9050 mm): Pad 11 [GND] of RTC1 on F.Cu
[silk_over_copper]: Silkscreen clipped by solder mask
    Local override; warning
    @(55.6200 mm, 34.2700 mm): Segment of J5 on F.Silkscreen
    @(55.6900 mm, 33.8900 mm): PTH pad SH [<no net>] of J2
[silk_over_copper]: Silkscreen clipped by solder mask
    Local override; warning
    @(55.6200 mm, 34.2700 mm): Segment of J5 on F.Silkscreen
    @(57.0000 mm, 37.0000 mm): NPTH pad of H4
[silk_over_copper]: Silkscreen clipped by solder mask
    Local override; warning
    @(35.0000 mm, 37.5000 mm): Reference field of R8
    @(34.6500 mm, 38.1750 mm): Pad 10 [GND] of RTC1 on F.Cu
[silk_over_copper]: Silkscreen clipped by solder mask
    Local override; warning
    @(16.0000 mm, 17.0000 mm): Reference field of Q1
    @(15.0625 mm, 16.0500 mm): Pad 1 [Q1_GATE] of Q1 on F.Cu
[silk_over_copper]: Silkscreen clipped by solder mask
    Local override; warning
    @(20.0000 mm, 17.0000 mm): Reference field of R4
    @(19.0875 mm, 17.0000 mm): Pad 1 [PWR_EN] of R4 on F.Cu
[silk_over_copper]: Silkscreen clipped by solder mask
    Local override; warning
    @(20.0000 mm, 17.0000 mm): Reference field of R4
    @(20.9125 mm, 17.0000 mm): Pad 2 [GND] of R4 on F.Cu
[silk_over_copper]: Silkscreen clipped by solder mask
    Local override; warning
    @(20.0000 mm, 17.0000 mm): Reference field of R4
    @(19.2500 mm, 16.3200 mm): Pad 5 [I2C_SDA] of MOD1 on F.Cu
[silk_over_copper]: Silkscreen clipped by solder mask
    Local override; warning
    @(19.7729 mm, 16.2650 mm): Segment of R4 on F.Silkscreen
    @(19.2500 mm, 16.3200 mm): Pad 5 [I2C_SDA] of MOD1 on F.Cu
[silk_over_copper]: Silkscreen clipped by solder mask
    Local override; warning
    @(28.0000 mm, 19.6500 mm): Reference field of MOD1
    @(25.8000 mm, 20.3600 mm): PTH pad 41 [GND] of MOD1
[silk_over_copper]: Silkscreen clipped by solder mask
    Local override; warning
    @(28.0000 mm, 19.6500 mm): Reference field of MOD1
    @(25.8000 mm, 18.9600 mm): PTH pad 41 [GND] of MOD1
[silk_over_copper]: Silkscreen clipped by solder mask
    Local override; warning
    @(18.0000 mm, 13.5000 mm): Reference field of C6
    @(19.2500 mm, 12.5100 mm): Pad 2 [V3V3_SW] of MOD1 on F.Cu
[silk_over_copper]: Silkscreen clipped by solder mask
    Local override; warning
    @(18.0000 mm, 13.5000 mm): Reference field of C6
    @(19.2500 mm, 13.7800 mm): Pad 3 [ESP_EN] of MOD1 on F.Cu
[silk_over_copper]: Silkscreen clipped by solder mask
    Local override; warning
    @(20.0000 mm, 13.5000 mm): Reference field of C7
    @(19.2500 mm, 13.7800 mm): Pad 3 [ESP_EN] of MOD1 on F.Cu
[silk_over_copper]: Silkscreen clipped by solder mask
    Local override; warning
    @(20.0000 mm, 13.5000 mm): Reference field of C7
    @(19.2500 mm, 12.5100 mm): Pad 2 [V3V3_SW] of MOD1 on F.Cu
[silk_over_copper]: Silkscreen clipped by solder mask
    Local override; warning
    @(20.0000 mm, 15.5000 mm): Reference field of R7
    @(19.2500 mm, 15.0500 mm): Pad 4 [PWR_EN] of MOD1 on F.Cu
[silk_over_copper]: Silkscreen clipped by solder mask
    Local override; warning
    @(20.0000 mm, 15.5000 mm): Reference field of R7
    @(19.2500 mm, 16.3200 mm): Pad 5 [I2C_SDA] of MOD1 on F.Cu
[silk_over_copper]: Silkscreen clipped by solder mask
    Local override; warning
    @(49.0000 mm, 11.5000 mm): Reference field of C2
    @(50.4750 mm, 11.5000 mm): Pad 2 [GND] of C2 on F.Cu
[silk_over_copper]: Silkscreen clipped by solder mask
    Local override; warning
    @(57.0000 mm, 10.5000 mm): Reference field of J3
    @(55.4750 mm, 11.5000 mm): Pad 2 [GND] of C4 on F.Cu
[silk_over_copper]: Silkscreen clipped by solder mask
    Local override; warning
    @(54.0000 mm, 14.0000 mm): Reference field of R10
    @(52.4750 mm, 14.0950 mm): Pad 8 [V3V3_SW] of U3 on F.Cu
[silk_over_copper]: Silkscreen clipped by solder mask
    Local override; warning
    @(54.0000 mm, 16.0000 mm): Reference field of R11
    @(52.4750 mm, 16.6350 mm): Pad 6 [RS485_A] of U3 on F.Cu
[silk_over_copper]: Silkscreen clipped by solder mask
    Local override; warning
    @(54.0000 mm, 16.0000 mm): Reference field of R11
    @(52.4750 mm, 15.3650 mm): Pad 7 [RS485_B] of U3 on F.Cu
[silk_over_copper]: Silkscreen clipped by solder mask
    Local override; warning
    @(50.4900 mm, 18.8500 mm): Segment of TVS2 on F.Silkscreen
    @(54.0000 mm, 19.9200 mm): PTH pad 3 [V12_CAT5E] of U2
[silk_over_copper]: Silkscreen clipped by solder mask
    Local override; warning
    @(54.0000 mm, 18.0000 mm): Reference field of R12
    @(52.4750 mm, 17.9050 mm): Pad 5 [GND] of U3 on F.Cu
[silk_over_copper]: Silkscreen clipped by solder mask
    Local override; warning
    @(55.6200 mm, 11.7700 mm): Segment of J3 on F.Silkscreen
    @(55.4750 mm, 11.5000 mm): Pad 2 [GND] of C4 on F.Cu
[silk_over_copper]: Silkscreen clipped by solder mask
    Local override; warning
    @(53.7729 mm, 18.7350 mm): Segment of R12 on B.Silkscreen
    @(54.0000 mm, 19.9200 mm): PTH pad 3 [V12_CAT5E] of U2

** Found 0 unconnected pads **

** Found 46 Footprint errors **
[footprint_symbol_mismatch]: volthium:BatteryHolder_Keystone_1057_1x2032 doesn't match footprint given by symbol (Battery:BatteryHolder_Keystone_1057_1x2032)
    Local override; warning
    @(17.0000 mm, 28.0000 mm): Footprint BAT1
[footprint_symbol_mismatch]: volthium:SW_PUSH_6mm doesn't match footprint given by symbol (Button_Switch_THT:SW_PUSH_6mm)
    Local override; warning
    @(8.0000 mm, 37.0000 mm): Footprint BTN1
[footprint_symbol_mismatch]: volthium:C_1210_3225Metric doesn't match footprint given by symbol (Capacitor_SMD:C_1210_3225Metric)
    Local override; warning
    @(45.0000 mm, 11.5000 mm): Footprint C1
[footprint_symbol_mismatch]: volthium:C_1210_3225Metric doesn't match footprint given by symbol (Capacitor_SMD:C_1210_3225Metric)
    Local override; warning
    @(49.0000 mm, 11.5000 mm): Footprint C2
[footprint_symbol_mismatch]: volthium:C_1210_3225Metric doesn't match footprint given by symbol (Capacitor_SMD:C_1210_3225Metric)
    Local override; warning
    @(54.0000 mm, 7.5000 mm): Footprint C3
[footprint_symbol_mismatch]: volthium:C_1210_3225Metric doesn't match footprint given by symbol (Capacitor_SMD:C_1210_3225Metric)
    Local override; warning
    @(54.0000 mm, 11.5000 mm): Footprint C4
[footprint_symbol_mismatch]: volthium:C_0603_1608Metric doesn't match footprint given by symbol (Capacitor_SMD:C_0603_1608Metric)
    Local override; warning
    @(10.0000 mm, 21.0000 mm): Footprint C5
[footprint_symbol_mismatch]: volthium:C_0805_2012Metric doesn't match footprint given by symbol (Capacitor_SMD:C_0805_2012Metric)
    Local override; warning
    @(18.0000 mm, 13.5000 mm): Footprint C6
[footprint_symbol_mismatch]: volthium:C_0402_1005Metric doesn't match footprint given by symbol (Capacitor_SMD:C_0402_1005Metric)
    Local override; warning
    @(20.0000 mm, 13.5000 mm): Footprint C7
[footprint_symbol_mismatch]: volthium:C_0603_1608Metric doesn't match footprint given by symbol (Capacitor_SMD:C_0603_1608Metric)
    Local override; warning
    @(22.0000 mm, 13.5000 mm): Footprint C8
[footprint_symbol_mismatch]: volthium:C_0603_1608Metric doesn't match footprint given by symbol (Capacitor_SMD:C_0603_1608Metric)
    Local override; warning
    @(42.5000 mm, 37.5000 mm): Footprint C9
[footprint_symbol_mismatch]: volthium:C_0603_1608Metric doesn't match footprint given by symbol (Capacitor_SMD:C_0603_1608Metric)
    Local override; warning
    @(50.0000 mm, 19.0000 mm): Footprint C10
[footprint_symbol_mismatch]: volthium:C_0603_1608Metric doesn't match footprint given by symbol (Capacitor_SMD:C_0603_1608Metric)
    Local override; warning
    @(12.0000 mm, 35.5000 mm): Footprint C11
[footprint_symbol_mismatch]: volthium:C_0603_1608Metric doesn't match footprint given by symbol (Capacitor_SMD:C_0603_1608Metric)
    Local override; warning
    @(46.5000 mm, 4.0000 mm): Footprint C_BST
[footprint_symbol_mismatch]: volthium:D_SMA doesn't match footprint given by symbol (Diode_SMD:D_SMA)
    Local override; warning
    @(37.0000 mm, 7.5000 mm): Footprint D1
[footprint_symbol_mismatch]: volthium:Fuseholder_Clip-5x20mm_Bel_FC-203-22_Lateral_P17.80x5.00mm_D1.17mm_Horizontal doesn't match footprint given by symbol (Fuse:Fuseholder_Clip-5x20mm_Bel_FC-203-22_Lateral_P17.80x5.00mm_D1.17mm_Horizontal)
    Local override; warning
    @(24.5000 mm, 8.5000 mm): Footprint F1
[footprint_symbol_mismatch]: volthium:TerminalBlock_Phoenix_MKDS-1,5-2-5.08_1x02_P5.08mm_Horizontal doesn't match footprint given by symbol (TerminalBlock_Phoenix:TerminalBlock_Phoenix_MKDS-1,5-2-5.08_1x02_P5.08mm_Horizontal)
    Local override; warning
    @(9.0000 mm, 8.5000 mm): Footprint J1
[footprint_symbol_mismatch]: volthium:RJ45_Amphenol_RJHSE5380 doesn't match footprint given by symbol (Connector_RJ:RJ45_Amphenol_RJHSE5380)
    Local override; warning
    @(44.0000 mm, 33.0000 mm): Footprint J2
[footprint_symbol_mismatch]: volthium:PinHeader_1x04_P2.54mm_Vertical doesn't match footprint given by symbol (Connector_PinHeader_2.54mm:PinHeader_1x04_P2.54mm_Vertical)
    Local override; warning
    @(57.0000 mm, 10.5000 mm): Footprint J3
[footprint_symbol_mismatch]: volthium:PinHeader_1x04_P2.54mm_Vertical doesn't match footprint given by symbol (Connector_PinHeader_2.54mm:PinHeader_1x04_P2.54mm_Vertical)
    Local override; warning
    @(57.0000 mm, 33.0000 mm): Footprint J5
[footprint_symbol_mismatch]: volthium:L_0805_2012Metric doesn't match footprint given by symbol (Inductor_SMD:L_0805_2012Metric)
    Local override; warning
    @(49.0000 mm, 7.5000 mm): Footprint L1
[footprint_symbol_mismatch]: volthium:ESP32-S3-WROOM-1U doesn't match footprint given by symbol (RF_Module:ESP32-S3-WROOM-1U)
    Local override; warning
    @(28.0000 mm, 19.6500 mm): Footprint MOD1
[footprint_symbol_mismatch]: volthium:SOT-23 doesn't match footprint given by symbol (Package_TO_SOT_SMD:SOT-23)
    Local override; warning
    @(16.0000 mm, 17.0000 mm): Footprint Q1
[footprint_symbol_mismatch]: volthium:SOT-23 doesn't match footprint given by symbol (Package_TO_SOT_SMD:SOT-23)
    Local override; warning
    @(16.0000 mm, 21.5000 mm): Footprint Q2
[footprint_symbol_mismatch]: volthium:R_0805_2012Metric doesn't match footprint given by symbol (Resistor_SMD:R_0805_2012Metric)
    Local override; warning
    @(20.0000 mm, 21.5000 mm): Footprint R3
[footprint_symbol_mismatch]: volthium:R_0805_2012Metric doesn't match footprint given by symbol (Resistor_SMD:R_0805_2012Metric)
    Local override; warning
    @(20.0000 mm, 17.0000 mm): Footprint R4
[footprint_symbol_mismatch]: volthium:R_0805_2012Metric doesn't match footprint given by symbol (Resistor_SMD:R_0805_2012Metric)
    Local override; warning
    @(10.0000 mm, 16.0000 mm): Footprint R5
[footprint_symbol_mismatch]: volthium:R_0805_2012Metric doesn't match footprint given by symbol (Resistor_SMD:R_0805_2012Metric)
    Local override; warning
    @(10.0000 mm, 18.5000 mm): Footprint R6
[footprint_symbol_mismatch]: volthium:R_0805_2012Metric doesn't match footprint given by symbol (Resistor_SMD:R_0805_2012Metric)
    Local override; warning
    @(20.0000 mm, 15.5000 mm): Footprint R7
[footprint_symbol_mismatch]: volthium:R_0805_2012Metric doesn't match footprint given by symbol (Resistor_SMD:R_0805_2012Metric)
    Local override; warning
    @(35.0000 mm, 37.5000 mm): Footprint R8
[footprint_symbol_mismatch]: volthium:R_0805_2012Metric doesn't match footprint given by symbol (Resistor_SMD:R_0805_2012Metric)
    Local override; warning
    @(37.5000 mm, 37.5000 mm): Footprint R9
[footprint_symbol_mismatch]: volthium:R_0805_2012Metric doesn't match footprint given by symbol (Resistor_SMD:R_0805_2012Metric)
    Local override; warning
    @(54.0000 mm, 14.0000 mm): Footprint R10
[footprint_symbol_mismatch]: volthium:R_0805_2012Metric doesn't match footprint given by symbol (Resistor_SMD:R_0805_2012Metric)
    Local override; warning
    @(54.0000 mm, 16.0000 mm): Footprint R11
[footprint_symbol_mismatch]: volthium:R_0805_2012Metric doesn't match footprint given by symbol (Resistor_SMD:R_0805_2012Metric)
    Local override; warning
    @(54.0000 mm, 18.0000 mm): Footprint R12
[footprint_symbol_mismatch]: volthium:R_0805_2012Metric doesn't match footprint given by symbol (Resistor_SMD:R_0805_2012Metric)
    Local override; warning
    @(12.0000 mm, 37.0000 mm): Footprint R13
[footprint_symbol_mismatch]: volthium:SOIC-16W_7.5x10.3mm_P1.27mm doesn't match footprint given by symbol (Package_SO:SOIC-16W_7.5x10.3mm_P1.27mm)
    Local override; warning
    @(30.0000 mm, 35.0000 mm): Footprint RTC1
[footprint_symbol_mismatch]: volthium:D_SMA doesn't match footprint given by symbol (Diode_SMD:D_SMA)
    Local override; warning
    @(37.0000 mm, 10.5000 mm): Footprint TVS1
[footprint_symbol_mismatch]: volthium:D_SMA doesn't match footprint given by symbol (Diode_SMD:D_SMA)
    Local override; warning
    @(54.0000 mm, 20.5000 mm): Footprint TVS2
[footprint_symbol_mismatch]: volthium:SOT-23-6 doesn't match footprint given by symbol (Package_TO_SOT_SMD:SOT-23-6)
    Local override; warning
    @(45.0000 mm, 7.5000 mm): Footprint U1
[net_conflict]: No pad found for pin 8 (V3V3_SW) in schematic
    Local override; warning
    @(45.0000 mm, 7.5000 mm): Footprint U1
[footprint_symbol_mismatch]: volthium:Converter_DCDC_RECOM_R-78E-0.5_THT doesn't match footprint given by symbol (Converter_DCDC:Converter_DCDC_RECOM_R-78E-0.5_THT)
    Local override; warning
    @(54.0000 mm, 25.0000 mm): Footprint U2
[footprint_symbol_mismatch]: volthium:SOIC-8_3.9x4.9mm_P1.27mm doesn't match footprint given by symbol (Package_SO:SOIC-8_3.9x4.9mm_P1.27mm)
    Local override; warning
    @(50.0000 mm, 16.0000 mm): Footprint U3
[extra_footprint]: Extra footprint
    Local override; warning
    @(57.0000 mm, 3.0000 mm): Footprint H2
[extra_footprint]: Extra footprint
    Local override; warning
    @(3.0000 mm, 37.0000 mm): Footprint H3
[extra_footprint]: Extra footprint
    Local override; warning
    @(3.0000 mm, 3.0000 mm): Footprint H1
[extra_footprint]: Extra footprint
    Local override; warning
    @(57.0000 mm, 37.0000 mm): Footprint H4

** Ignored checks **
    - Footprint has no courtyard defined
    - Track endpoint not centered on via
    - Tuning profile track geometries
    - Footprint doesn't match symbol's footprint filters
    - Missing connection between items
    - Footprint component type doesn't match footprint pads
    - Footprint not found in libraries
    - Footprint doesn't match copy in library

** End of Report **
