** Drc report for battery_side.kicad_pcb **
** Created on 2026-06-02T23:07:35 **
** Report includes: Errors, Warnings **

** Found 21 DRC violations **
[track_dangling]: Track has unconnected end
    Local override; warning
    @(51.8022 mm, 48.7455 mm): Track [GND] on F.Cu, length 0.4025 mm
[track_dangling]: Track has unconnected end
    Local override; warning
    @(51.8022 mm, 50.0155 mm): Track [GND] on F.Cu, length 0.4025 mm
[track_dangling]: Track has unconnected end
    Local override; warning
    @(54.9217 mm, 52.3091 mm): Track [GND] on F.Cu, length 0.4786 mm
[track_dangling]: Track has unconnected end
    Local override; warning
    @(22.5073 mm, 39.2877 mm): Track [GND] on F.Cu, length 0.4847 mm
[track_dangling]: Track has unconnected end
    Local override; warning
    @(54.7904 mm, 50.6467 mm): Track [GND] on F.Cu, length 0.4778 mm
[isolated_copper]: Isolated copper fill
    Local override; warning
    @(0.5000 mm, 0.5000 mm): Zone [GND] on B.Cu, priority 0
[isolated_copper]: Isolated copper fill
    Local override; warning
    @(0.5000 mm, 0.5000 mm): Zone [GND] on B.Cu, priority 0
[isolated_copper]: Isolated copper fill
    Local override; warning
    @(0.5000 mm, 0.5000 mm): Zone [GND] on B.Cu, priority 0
[isolated_copper]: Isolated copper fill
    Local override; warning
    @(0.5000 mm, 0.5000 mm): Zone [GND] on B.Cu, priority 0
[drill_out_of_range]: Hole size out of range (board setup constraints min hole 0.3000 mm; actual 0.2000 mm)
    Rule: board setup constraints; warning
    @(27.1000 mm, 46.6100 mm): PTH pad 41 [GND] of MOD1
[drill_out_of_range]: Hole size out of range (board setup constraints min hole 0.3000 mm; actual 0.2000 mm)
    Rule: board setup constraints; warning
    @(27.1000 mm, 48.0100 mm): PTH pad 41 [GND] of MOD1
[drill_out_of_range]: Hole size out of range (board setup constraints min hole 0.3000 mm; actual 0.2000 mm)
    Rule: board setup constraints; warning
    @(27.8000 mm, 45.9100 mm): PTH pad 41 [GND] of MOD1
[drill_out_of_range]: Hole size out of range (board setup constraints min hole 0.3000 mm; actual 0.2000 mm)
    Rule: board setup constraints; warning
    @(27.8000 mm, 47.3100 mm): PTH pad 41 [GND] of MOD1
[drill_out_of_range]: Hole size out of range (board setup constraints min hole 0.3000 mm; actual 0.2000 mm)
    Rule: board setup constraints; warning
    @(27.8000 mm, 48.7100 mm): PTH pad 41 [GND] of MOD1
[drill_out_of_range]: Hole size out of range (board setup constraints min hole 0.3000 mm; actual 0.2000 mm)
    Rule: board setup constraints; warning
    @(28.5000 mm, 46.6100 mm): PTH pad 41 [GND] of MOD1
[drill_out_of_range]: Hole size out of range (board setup constraints min hole 0.3000 mm; actual 0.2000 mm)
    Rule: board setup constraints; warning
    @(28.5000 mm, 48.0100 mm): PTH pad 41 [GND] of MOD1
[drill_out_of_range]: Hole size out of range (board setup constraints min hole 0.3000 mm; actual 0.2000 mm)
    Rule: board setup constraints; warning
    @(29.2000 mm, 45.9100 mm): PTH pad 41 [GND] of MOD1
[drill_out_of_range]: Hole size out of range (board setup constraints min hole 0.3000 mm; actual 0.2000 mm)
    Rule: board setup constraints; warning
    @(29.2000 mm, 47.3100 mm): PTH pad 41 [GND] of MOD1
[drill_out_of_range]: Hole size out of range (board setup constraints min hole 0.3000 mm; actual 0.2000 mm)
    Rule: board setup constraints; warning
    @(29.2000 mm, 48.7100 mm): PTH pad 41 [GND] of MOD1
[drill_out_of_range]: Hole size out of range (board setup constraints min hole 0.3000 mm; actual 0.2000 mm)
    Rule: board setup constraints; warning
    @(29.9000 mm, 46.6100 mm): PTH pad 41 [GND] of MOD1
[drill_out_of_range]: Hole size out of range (board setup constraints min hole 0.3000 mm; actual 0.2000 mm)
    Rule: board setup constraints; warning
    @(29.9000 mm, 48.0100 mm): PTH pad 41 [GND] of MOD1

** Found 0 unconnected pads **

** Found 0 Footprint errors **

** Ignored checks **
    - Footprint has no courtyard defined
    - Track endpoint not centered on via
    - Tuning profile track geometries
    - Footprint doesn't match symbol's footprint filters
    - Missing connection between items
    - Footprint component type doesn't match footprint pads
    - Footprint not found in libraries
    - Footprint doesn't match copy in library

** End of Report **
