** Drc report for battery_side.kicad_pcb **
** Created on 2026-05-24T17:00:04 **
** Report includes: Errors, Warnings **

** Found 374 DRC violations **
[hole_clearance]: Hole clearance violation (board setup constraints hole clearance 0.2500 mm; actual 0.0000 mm)
    Rule: board setup constraints hole; error
    @(37.6500 mm, 34.1350 mm): Pad 12 [GND] of RTC1 on F.Cu
    @(39.4300 mm, 33.8900 mm): PTH pad SH [<no net>] of J2
[courtyards_overlap]: Courtyards overlap
    Rule: board setup constraints courtyard; warning
    @(17.0000 mm, 28.0000 mm): Footprint BAT1
    @(20.0000 mm, 15.5000 mm): Footprint R7
[courtyards_overlap]: Courtyards overlap
    Rule: board setup constraints courtyard; warning
    @(17.0000 mm, 28.0000 mm): Footprint BAT1
    @(12.0000 mm, 37.0000 mm): Footprint R13
[courtyards_overlap]: Courtyards overlap
    Rule: board setup constraints courtyard; warning
    @(17.0000 mm, 28.0000 mm): Footprint BAT1
    @(16.0000 mm, 17.0000 mm): Footprint Q1
[courtyards_overlap]: Courtyards overlap
    Rule: board setup constraints courtyard; warning
    @(17.0000 mm, 28.0000 mm): Footprint BAT1
    @(28.0000 mm, 16.5000 mm): Footprint MOD1
[courtyards_overlap]: Courtyards overlap
    Rule: board setup constraints courtyard; warning
    @(17.0000 mm, 28.0000 mm): Footprint BAT1
    @(10.0000 mm, 21.0000 mm): Footprint C5
[courtyards_overlap]: Courtyards overlap
    Rule: board setup constraints courtyard; warning
    @(17.0000 mm, 28.0000 mm): Footprint BAT1
    @(8.0000 mm, 37.0000 mm): Footprint BTN1
[pth_inside_courtyard]: PTH inside courtyard
    Local override; warning
    @(14.5000 mm, 37.0000 mm): PTH pad 1 [BTN_OVERRIDE] of BTN1
    @(17.0000 mm, 28.0000 mm): Footprint BAT1
[courtyards_overlap]: Courtyards overlap
    Rule: board setup constraints courtyard; warning
    @(17.0000 mm, 28.0000 mm): Footprint BAT1
    @(33.0000 mm, 33.5000 mm): Footprint RTC1
[courtyards_overlap]: Courtyards overlap
    Rule: board setup constraints courtyard; warning
    @(17.0000 mm, 28.0000 mm): Footprint BAT1
    @(20.0000 mm, 21.5000 mm): Footprint R3
[courtyards_overlap]: Courtyards overlap
    Rule: board setup constraints courtyard; warning
    @(17.0000 mm, 28.0000 mm): Footprint BAT1
    @(16.0000 mm, 21.5000 mm): Footprint Q2
[courtyards_overlap]: Courtyards overlap
    Rule: board setup constraints courtyard; warning
    @(17.0000 mm, 28.0000 mm): Footprint BAT1
    @(20.0000 mm, 17.0000 mm): Footprint R4
[courtyards_overlap]: Courtyards overlap
    Rule: board setup constraints courtyard; warning
    @(17.0000 mm, 28.0000 mm): Footprint BAT1
    @(10.0000 mm, 18.5000 mm): Footprint R6
[courtyards_overlap]: Courtyards overlap
    Rule: board setup constraints courtyard; warning
    @(17.0000 mm, 28.0000 mm): Footprint BAT1
    @(12.0000 mm, 35.5000 mm): Footprint C11
[courtyards_overlap]: Courtyards overlap
    Rule: board setup constraints courtyard; warning
    @(20.0000 mm, 15.5000 mm): Footprint R7
    @(28.0000 mm, 16.5000 mm): Footprint MOD1
[courtyards_overlap]: Courtyards overlap
    Rule: board setup constraints courtyard; warning
    @(20.0000 mm, 15.5000 mm): Footprint R7
    @(20.0000 mm, 17.0000 mm): Footprint R4
[courtyards_overlap]: Courtyards overlap
    Rule: board setup constraints courtyard; warning
    @(45.0000 mm, 7.5000 mm): Footprint U1
    @(28.0000 mm, 16.5000 mm): Footprint MOD1
[courtyards_overlap]: Courtyards overlap
    Rule: board setup constraints courtyard; warning
    @(45.0000 mm, 7.5000 mm): Footprint U1
    @(24.5000 mm, 8.5000 mm): Footprint F1
[courtyards_overlap]: Courtyards overlap
    Rule: board setup constraints courtyard; warning
    @(54.0000 mm, 14.0000 mm): Footprint R10
    @(54.0000 mm, 11.5000 mm): Footprint C4
[courtyards_overlap]: Courtyards overlap
    Rule: board setup constraints courtyard; warning
    @(54.0000 mm, 14.0000 mm): Footprint R10
    @(57.0000 mm, 10.5000 mm): Footprint J3
[courtyards_overlap]: Courtyards overlap
    Rule: board setup constraints courtyard; warning
    @(54.0000 mm, 14.0000 mm): Footprint R10
    @(50.0000 mm, 16.0000 mm): Footprint U3
[courtyards_overlap]: Courtyards overlap
    Rule: board setup constraints courtyard; warning
    @(45.0000 mm, 11.5000 mm): Footprint C1
    @(24.5000 mm, 8.5000 mm): Footprint F1
[pth_inside_courtyard]: PTH inside courtyard
    Local override; warning
    @(42.3000 mm, 13.5000 mm): PTH pad 2 [V24_AFTER_FUSE] of F1
    @(45.0000 mm, 11.5000 mm): Footprint C1
[courtyards_overlap]: Courtyards overlap
    Rule: board setup constraints courtyard; warning
    @(45.0000 mm, 11.5000 mm): Footprint C1
    @(49.0000 mm, 11.5000 mm): Footprint C2
[courtyards_overlap]: Courtyards overlap
    Rule: board setup constraints courtyard; warning
    @(54.0000 mm, 11.5000 mm): Footprint C4
    @(57.0000 mm, 10.5000 mm): Footprint J3
[courtyards_overlap]: Courtyards overlap
    Rule: board setup constraints courtyard; warning
    @(37.0000 mm, 7.5000 mm): Footprint D1
    @(37.0000 mm, 10.5000 mm): Footprint TVS1
[courtyards_overlap]: Courtyards overlap
    Rule: board setup constraints courtyard; warning
    @(37.0000 mm, 7.5000 mm): Footprint D1
    @(28.0000 mm, 16.5000 mm): Footprint MOD1
[courtyards_overlap]: Courtyards overlap
    Rule: board setup constraints courtyard; warning
    @(37.0000 mm, 7.5000 mm): Footprint D1
    @(24.5000 mm, 8.5000 mm): Footprint F1
[courtyards_overlap]: Courtyards overlap
    Rule: board setup constraints courtyard; warning
    @(12.0000 mm, 37.0000 mm): Footprint R13
    @(8.0000 mm, 37.0000 mm): Footprint BTN1
[courtyards_overlap]: Courtyards overlap
    Rule: board setup constraints courtyard; warning
    @(12.0000 mm, 37.0000 mm): Footprint R13
    @(12.0000 mm, 35.5000 mm): Footprint C11
[courtyards_overlap]: Courtyards overlap
    Rule: board setup constraints courtyard; warning
    @(37.0000 mm, 10.5000 mm): Footprint TVS1
    @(28.0000 mm, 16.5000 mm): Footprint MOD1
[courtyards_overlap]: Courtyards overlap
    Rule: board setup constraints courtyard; warning
    @(37.0000 mm, 10.5000 mm): Footprint TVS1
    @(24.5000 mm, 8.5000 mm): Footprint F1
[courtyards_overlap]: Courtyards overlap
    Rule: board setup constraints courtyard; warning
    @(54.0000 mm, 18.0000 mm): Footprint R12
    @(54.0000 mm, 25.0000 mm): Footprint U2
[courtyards_overlap]: Courtyards overlap
    Rule: board setup constraints courtyard; warning
    @(54.0000 mm, 18.0000 mm): Footprint R12
    @(54.0000 mm, 20.5000 mm): Footprint TVS2
[courtyards_overlap]: Courtyards overlap
    Rule: board setup constraints courtyard; warning
    @(54.0000 mm, 18.0000 mm): Footprint R12
    @(57.0000 mm, 10.5000 mm): Footprint J3
[courtyards_overlap]: Courtyards overlap
    Rule: board setup constraints courtyard; warning
    @(54.0000 mm, 18.0000 mm): Footprint R12
    @(50.0000 mm, 16.0000 mm): Footprint U3
[courtyards_overlap]: Courtyards overlap
    Rule: board setup constraints courtyard; warning
    @(37.5000 mm, 37.5000 mm): Footprint R9
    @(35.0000 mm, 37.5000 mm): Footprint R8
[courtyards_overlap]: Courtyards overlap
    Rule: board setup constraints courtyard; warning
    @(37.5000 mm, 37.5000 mm): Footprint R9
    @(33.0000 mm, 33.5000 mm): Footprint RTC1
[courtyards_overlap]: Courtyards overlap
    Rule: board setup constraints courtyard; warning
    @(37.5000 mm, 37.5000 mm): Footprint R9
    @(44.0000 mm, 33.0000 mm): Footprint J2
[courtyards_overlap]: Courtyards overlap
    Rule: board setup constraints courtyard; warning
    @(54.0000 mm, 7.5000 mm): Footprint C3
    @(28.0000 mm, 16.5000 mm): Footprint MOD1
[courtyards_overlap]: Courtyards overlap
    Rule: board setup constraints courtyard; warning
    @(54.0000 mm, 7.5000 mm): Footprint C3
    @(57.0000 mm, 3.0000 mm): Footprint H2
[courtyards_overlap]: Courtyards overlap
    Rule: board setup constraints courtyard; warning
    @(54.0000 mm, 7.5000 mm): Footprint C3
    @(57.0000 mm, 10.5000 mm): Footprint J3
[courtyards_overlap]: Courtyards overlap
    Rule: board setup constraints courtyard; warning
    @(22.0000 mm, 13.5000 mm): Footprint C8
    @(28.0000 mm, 16.5000 mm): Footprint MOD1
[courtyards_overlap]: Courtyards overlap
    Rule: board setup constraints courtyard; warning
    @(22.0000 mm, 13.5000 mm): Footprint C8
    @(24.5000 mm, 8.5000 mm): Footprint F1
[courtyards_overlap]: Courtyards overlap
    Rule: board setup constraints courtyard; warning
    @(22.0000 mm, 13.5000 mm): Footprint C8
    @(20.0000 mm, 13.5000 mm): Footprint C7
[courtyards_overlap]: Courtyards overlap
    Rule: board setup constraints courtyard; warning
    @(28.0000 mm, 16.5000 mm): Footprint MOD1
    @(24.5000 mm, 8.5000 mm): Footprint F1
[pth_inside_courtyard]: PTH inside courtyard
    Local override; warning
    @(24.5000 mm, 8.5000 mm): PTH pad 1 [V24_RAW] of F1
    @(28.0000 mm, 16.5000 mm): Footprint MOD1
[pth_inside_courtyard]: PTH inside courtyard
    Local override; warning
    @(24.5000 mm, 13.5000 mm): PTH pad 1 [V24_RAW] of F1
    @(28.0000 mm, 16.5000 mm): Footprint MOD1
[pth_inside_courtyard]: PTH inside courtyard
    Local override; warning
    @(42.3000 mm, 8.5000 mm): PTH pad 2 [V24_AFTER_FUSE] of F1
    @(28.0000 mm, 16.5000 mm): Footprint MOD1
[courtyards_overlap]: Courtyards overlap
    Rule: board setup constraints courtyard; warning
    @(28.0000 mm, 16.5000 mm): Footprint MOD1
    @(18.0000 mm, 13.5000 mm): Footprint C6
[courtyards_overlap]: Courtyards overlap
    Rule: board setup constraints courtyard; warning
    @(28.0000 mm, 16.5000 mm): Footprint MOD1
    @(20.0000 mm, 13.5000 mm): Footprint C7
[courtyards_overlap]: Courtyards overlap
    Rule: board setup constraints courtyard; warning
    @(28.0000 mm, 16.5000 mm): Footprint MOD1
    @(49.0000 mm, 7.5000 mm): Footprint L1
[courtyards_overlap]: Courtyards overlap
    Rule: board setup constraints courtyard; warning
    @(28.0000 mm, 16.5000 mm): Footprint MOD1
    @(33.0000 mm, 33.5000 mm): Footprint RTC1
[courtyards_overlap]: Courtyards overlap
    Rule: board setup constraints courtyard; warning
    @(28.0000 mm, 16.5000 mm): Footprint MOD1
    @(20.0000 mm, 21.5000 mm): Footprint R3
[courtyards_overlap]: Courtyards overlap
    Rule: board setup constraints courtyard; warning
    @(28.0000 mm, 16.5000 mm): Footprint MOD1
    @(46.5000 mm, 4.0000 mm): Footprint C_BST
[courtyards_overlap]: Courtyards overlap
    Rule: board setup constraints courtyard; warning
    @(28.0000 mm, 16.5000 mm): Footprint MOD1
    @(9.0000 mm, 8.5000 mm): Footprint J1
[pth_inside_courtyard]: PTH inside courtyard
    Local override; warning
    @(9.0000 mm, 8.5000 mm): PTH pad 1 [V24_RAW] of J1
    @(28.0000 mm, 16.5000 mm): Footprint MOD1
[pth_inside_courtyard]: PTH inside courtyard
    Local override; warning
    @(14.0800 mm, 8.5000 mm): PTH pad 2 [GND] of J1
    @(28.0000 mm, 16.5000 mm): Footprint MOD1
[courtyards_overlap]: Courtyards overlap
    Rule: board setup constraints courtyard; warning
    @(28.0000 mm, 16.5000 mm): Footprint MOD1
    @(20.0000 mm, 17.0000 mm): Footprint R4
[courtyards_overlap]: Courtyards overlap
    Rule: board setup constraints courtyard; warning
    @(28.0000 mm, 16.5000 mm): Footprint MOD1
    @(3.0000 mm, 3.0000 mm): Footprint H1
[npth_inside_courtyard]: NPTH inside courtyard
    Local override; warning
    @(3.0000 mm, 3.0000 mm): NPTH pad of H1
    @(28.0000 mm, 16.5000 mm): Footprint MOD1
[courtyards_overlap]: Courtyards overlap
    Rule: board setup constraints courtyard; warning
    @(18.0000 mm, 13.5000 mm): Footprint C6
    @(20.0000 mm, 13.5000 mm): Footprint C7
[courtyards_overlap]: Courtyards overlap
    Rule: board setup constraints courtyard; warning
    @(18.0000 mm, 13.5000 mm): Footprint C6
    @(9.0000 mm, 8.5000 mm): Footprint J1
[courtyards_overlap]: Courtyards overlap
    Rule: board setup constraints courtyard; warning
    @(57.0000 mm, 37.0000 mm): Footprint H4
    @(57.0000 mm, 33.0000 mm): Footprint J5
[pth_inside_courtyard]: PTH inside courtyard
    Local override; warning
    @(57.0000 mm, 35.5400 mm): PTH pad 2 [DBG_UART_RX] of J5
    @(57.0000 mm, 37.0000 mm): Footprint H4
[pth_inside_courtyard]: PTH inside courtyard
    Local override; warning
    @(57.0000 mm, 38.0800 mm): PTH pad 3 [GND] of J5
    @(57.0000 mm, 37.0000 mm): Footprint H4
[npth_inside_courtyard]: NPTH inside courtyard
    Local override; warning
    @(57.0000 mm, 37.0000 mm): NPTH pad of H4
    @(57.0000 mm, 33.0000 mm): Footprint J5
[courtyards_overlap]: Courtyards overlap
    Rule: board setup constraints courtyard; warning
    @(57.0000 mm, 37.0000 mm): Footprint H4
    @(44.0000 mm, 33.0000 mm): Footprint J2
[pth_inside_courtyard]: PTH inside courtyard
    Local override; warning
    @(55.6900 mm, 33.8900 mm): PTH pad SH [<no net>] of J2
    @(57.0000 mm, 37.0000 mm): Footprint H4
[npth_inside_courtyard]: NPTH inside courtyard
    Local override; warning
    @(57.0000 mm, 37.0000 mm): NPTH pad of H4
    @(44.0000 mm, 33.0000 mm): Footprint J2
[courtyards_overlap]: Courtyards overlap
    Rule: board setup constraints courtyard; warning
    @(8.0000 mm, 37.0000 mm): Footprint BTN1
    @(12.0000 mm, 35.5000 mm): Footprint C11
[courtyards_overlap]: Courtyards overlap
    Rule: board setup constraints courtyard; warning
    @(54.0000 mm, 25.0000 mm): Footprint U2
    @(54.0000 mm, 20.5000 mm): Footprint TVS2
[pth_inside_courtyard]: PTH inside courtyard
    Local override; warning
    @(54.0000 mm, 22.4600 mm): PTH pad 2 [GND] of U2
    @(54.0000 mm, 20.5000 mm): Footprint TVS2
[pth_inside_courtyard]: PTH inside courtyard
    Local override; warning
    @(54.0000 mm, 19.9200 mm): PTH pad 3 [V12_CAT5E] of U2
    @(54.0000 mm, 20.5000 mm): Footprint TVS2
[courtyards_overlap]: Courtyards overlap
    Rule: board setup constraints courtyard; warning
    @(54.0000 mm, 25.0000 mm): Footprint U2
    @(54.0000 mm, 16.0000 mm): Footprint R11
[courtyards_overlap]: Courtyards overlap
    Rule: board setup constraints courtyard; warning
    @(54.0000 mm, 25.0000 mm): Footprint U2
    @(57.0000 mm, 10.5000 mm): Footprint J3
[courtyards_overlap]: Courtyards overlap
    Rule: board setup constraints courtyard; warning
    @(54.0000 mm, 25.0000 mm): Footprint U2
    @(50.0000 mm, 16.0000 mm): Footprint U3
[courtyards_overlap]: Courtyards overlap
    Rule: board setup constraints courtyard; warning
    @(54.0000 mm, 25.0000 mm): Footprint U2
    @(44.0000 mm, 33.0000 mm): Footprint J2
[pth_inside_courtyard]: PTH inside courtyard
    Local override; warning
    @(54.0000 mm, 25.0000 mm): PTH pad 1 [V24_SW] of U2
    @(44.0000 mm, 33.0000 mm): Footprint J2
[courtyards_overlap]: Courtyards overlap
    Rule: board setup constraints courtyard; warning
    @(54.0000 mm, 25.0000 mm): Footprint U2
    @(50.0000 mm, 19.0000 mm): Footprint C10
[courtyards_overlap]: Courtyards overlap
    Rule: board setup constraints courtyard; warning
    @(35.0000 mm, 37.5000 mm): Footprint R8
    @(33.0000 mm, 33.5000 mm): Footprint RTC1
[courtyards_overlap]: Courtyards overlap
    Rule: board setup constraints courtyard; warning
    @(57.0000 mm, 33.0000 mm): Footprint J5
    @(44.0000 mm, 33.0000 mm): Footprint J2
[npth_inside_courtyard]: NPTH inside courtyard
    Local override; warning
    @(53.9100 mm, 30.4600 mm): NPTH pad of J2
    @(57.0000 mm, 33.0000 mm): Footprint J5
[pth_inside_courtyard]: PTH inside courtyard
    Local override; warning
    @(55.6900 mm, 33.8900 mm): PTH pad SH [<no net>] of J2
    @(57.0000 mm, 33.0000 mm): Footprint J5
[pth_inside_courtyard]: PTH inside courtyard
    Local override; warning
    @(57.0000 mm, 33.0000 mm): PTH pad 1 [DBG_UART_TX] of J5
    @(44.0000 mm, 33.0000 mm): Footprint J2
[pth_inside_courtyard]: PTH inside courtyard
    Local override; warning
    @(57.0000 mm, 35.5400 mm): PTH pad 2 [DBG_UART_RX] of J5
    @(44.0000 mm, 33.0000 mm): Footprint J2
[pth_inside_courtyard]: PTH inside courtyard
    Local override; warning
    @(57.0000 mm, 38.0800 mm): PTH pad 3 [GND] of J5
    @(44.0000 mm, 33.0000 mm): Footprint J2
[pth_inside_courtyard]: PTH inside courtyard
    Local override; warning
    @(57.0000 mm, 40.6200 mm): PTH pad 4 [ESP_EN] of J5
    @(44.0000 mm, 33.0000 mm): Footprint J2
[courtyards_overlap]: Courtyards overlap
    Rule: board setup constraints courtyard; warning
    @(33.0000 mm, 33.5000 mm): Footprint RTC1
    @(44.0000 mm, 33.0000 mm): Footprint J2
[pth_inside_courtyard]: PTH inside courtyard
    Local override; warning
    @(39.4300 mm, 33.8900 mm): PTH pad SH [<no net>] of J2
    @(33.0000 mm, 33.5000 mm): Footprint RTC1
[courtyards_overlap]: Courtyards overlap
    Rule: board setup constraints courtyard; warning
    @(54.0000 mm, 20.5000 mm): Footprint TVS2
    @(57.0000 mm, 10.5000 mm): Footprint J3
[courtyards_overlap]: Courtyards overlap
    Rule: board setup constraints courtyard; warning
    @(54.0000 mm, 20.5000 mm): Footprint TVS2
    @(50.0000 mm, 19.0000 mm): Footprint C10
[courtyards_overlap]: Courtyards overlap
    Rule: board setup constraints courtyard; warning
    @(54.0000 mm, 16.0000 mm): Footprint R11
    @(57.0000 mm, 10.5000 mm): Footprint J3
[courtyards_overlap]: Courtyards overlap
    Rule: board setup constraints courtyard; warning
    @(54.0000 mm, 16.0000 mm): Footprint R11
    @(50.0000 mm, 16.0000 mm): Footprint U3
[courtyards_overlap]: Courtyards overlap
    Rule: board setup constraints courtyard; warning
    @(42.5000 mm, 37.5000 mm): Footprint C9
    @(44.0000 mm, 33.0000 mm): Footprint J2
[courtyards_overlap]: Courtyards overlap
    Rule: board setup constraints courtyard; warning
    @(50.0000 mm, 16.0000 mm): Footprint U3
    @(50.0000 mm, 19.0000 mm): Footprint C10
[courtyards_overlap]: Courtyards overlap
    Rule: board setup constraints courtyard; warning
    @(9.0000 mm, 8.5000 mm): Footprint J1
    @(3.0000 mm, 3.0000 mm): Footprint H1
[copper_edge_clearance]: Board edge clearance violation (board setup constraints edge clearance 0.5000 mm; actual 0.3447 mm)
    Rule: board setup constraints edge; warning
    @(2.3000 mm, 31.2849 mm): Segment of BAT1 on Edge.Cuts
    @(1.8500 mm, 27.9000 mm): Pad 1 [V_BAT_RTC] of BAT1 on F.Cu
[copper_edge_clearance]: Board edge clearance violation (board setup constraints edge clearance 0.5000 mm; actual 0.3563 mm)
    Rule: board setup constraints edge; warning
    @(31.7000 mm, 30.0828 mm): Segment of BAT1 on Edge.Cuts
    @(32.1500 mm, 28.1000 mm): Pad 2 [GND] of BAT1 on F.Cu
[silk_edge_clearance]: Silkscreen clipped by board edge
    Rule: board setup constraints silk; warning
    @(10.0475 mm, 37.1604 mm): Segment of BAT1 on Edge.Cuts
    @(8.0000 mm, 37.0000 mm): Reference field of BTN1
[silk_edge_clearance]: Silkscreen clipped by board edge
    Rule: board setup constraints silk; warning
    @(60.0000 mm, 40.0000 mm): Segment on Edge.Cuts
    @(7.7500 mm, 38.5000 mm): Segment of BTN1 on F.Silkscreen
[silk_edge_clearance]: Silkscreen clipped by board edge
    Rule: board setup constraints silk; warning
    @(60.0000 mm, 40.0000 mm): Segment on Edge.Cuts
    @(14.7500 mm, 40.0000 mm): Segment of BTN1 on F.Silkscreen
[copper_edge_clearance]: Board edge clearance violation (board setup constraints edge clearance 0.5000 mm; actual 0.4590 mm)
    Rule: board setup constraints edge; warning
    @(7.4890 mm, 21.5354 mm): Segment of BAT1 on Edge.Cuts
    @(9.2250 mm, 21.0000 mm): Pad 1 [V24_SENSE] of C5 on F.Cu
[silk_edge_clearance]: Silkscreen clipped by board edge
    Rule: board setup constraints silk; warning
    @(60.0000 mm, 40.0000 mm): Segment on Edge.Cuts
    @(39.1950 mm, 40.8600 mm): Segment of J2 on F.Silkscreen
[silk_edge_clearance]: Silkscreen clipped by board edge
    Rule: board setup constraints silk; warning
    @(60.0000 mm, 40.0000 mm): Segment on Edge.Cuts
    @(55.9250 mm, 40.8600 mm): Segment of J2 on F.Silkscreen
[copper_edge_clearance]: Board edge clearance violation (board setup constraints edge clearance 0.5000 mm; actual 0.1200 mm)
    Rule: board setup constraints edge; warning
    @(60.0000 mm, 40.0000 mm): Segment on Edge.Cuts
    @(57.0000 mm, 40.6200 mm): PTH pad 4 [ESP_EN] of J5
[silk_edge_clearance]: Silkscreen clipped by board edge
    Rule: board setup constraints silk; warning
    @(60.0000 mm, 40.0000 mm): Segment on Edge.Cuts
    @(55.6200 mm, 34.2700 mm): Segment of J5 on F.Silkscreen
[silk_edge_clearance]: Silkscreen clipped by board edge
    Rule: board setup constraints silk; warning
    @(60.0000 mm, 40.0000 mm): Segment on Edge.Cuts
    @(58.3800 mm, 34.2700 mm): Segment of J5 on F.Silkscreen
[copper_edge_clearance]: Board edge clearance violation (board setup constraints edge clearance 0.5000 mm; actual 0.0000 mm)
    Rule: board setup constraints edge; warning
    @(17.0000 mm, 16.5000 mm): Segment of BAT1 on Edge.Cuts
    @(19.2500 mm, 16.3200 mm): Pad 5 [I2C_SDA] of MOD1 on F.Cu
[copper_edge_clearance]: Board edge clearance violation (board setup constraints edge clearance 0.5000 mm; actual 0.4889 mm)
    Rule: board setup constraints edge; warning
    @(17.0000 mm, 16.5000 mm): Segment of BAT1 on Edge.Cuts
    @(19.2500 mm, 17.5900 mm): Pad 6 [I2C_SCL] of MOD1 on F.Cu
[copper_edge_clearance]: Board edge clearance violation (board setup constraints edge clearance 0.5000 mm; actual 0.1450 mm)
    Rule: board setup constraints edge; warning
    @(30.5000 mm, 26.3149 mm): Segment of BAT1 on Edge.Cuts
    @(29.9050 mm, 29.0000 mm): Pad 22 [<no net>] of MOD1 on F.Cu
[copper_edge_clearance]: Board edge clearance violation (board setup constraints edge clearance 0.5000 mm; actual 0.3412 mm)
    Rule: board setup constraints edge; warning
    @(31.7000 mm, 30.0828 mm): Segment of BAT1 on Edge.Cuts
    @(31.1750 mm, 29.0000 mm): Pad 23 [<no net>] of MOD1 on F.Cu
[copper_edge_clearance]: Board edge clearance violation (board setup constraints edge clearance 0.5000 mm; actual 0.4448 mm)
    Rule: board setup constraints edge; warning
    @(31.7000 mm, 30.0828 mm): Segment of BAT1 on Edge.Cuts
    @(32.4450 mm, 29.0000 mm): Pad 24 [<no net>] of MOD1 on F.Cu
[copper_edge_clearance]: Board edge clearance violation (board setup constraints edge clearance 0.5000 mm; actual 0.0544 mm)
    Rule: board setup constraints edge; warning
    @(23.9525 mm, 18.8396 mm): Segment of BAT1 on Edge.Cuts
    @(25.1000 mm, 19.6600 mm): PTH pad 41 [GND] of MOD1
[copper_edge_clearance]: Board edge clearance violation (board setup constraints edge clearance 0.5000 mm; actual 0.4356 mm)
    Rule: board setup constraints edge; warning
    @(23.9525 mm, 18.8396 mm): Segment of BAT1 on Edge.Cuts
    @(25.8000 mm, 20.3600 mm): PTH pad 41 [GND] of MOD1
[copper_edge_clearance]: Board edge clearance violation (board setup constraints edge clearance 0.5000 mm; actual 0.0000 mm)
    Rule: board setup constraints edge; warning
    @(23.9525 mm, 18.8396 mm): Segment of BAT1 on Edge.Cuts
    @(26.5000 mm, 18.9600 mm): Pad 41 [GND] of MOD1 on F.Cu
[silk_edge_clearance]: Silkscreen clipped by board edge
    Rule: board setup constraints silk; warning
    @(13.3322 mm, 17.1006 mm): Segment of BAT1 on Edge.Cuts
    @(16.0000 mm, 17.0000 mm): Reference field of Q1
[copper_edge_clearance]: Board edge clearance violation (board setup constraints edge clearance 0.5000 mm; actual 0.3011 mm)
    Rule: board setup constraints edge; warning
    @(13.3322 mm, 17.1006 mm): Segment of BAT1 on Edge.Cuts
    @(15.0625 mm, 16.0500 mm): Pad 1 [Q1_GATE] of Q1 on F.Cu
[copper_edge_clearance]: Board edge clearance violation (board setup constraints edge clearance 0.5000 mm; actual 0.1462 mm)
    Rule: board setup constraints edge; warning
    @(15.1417 mm, 16.6511 mm): Segment of BAT1 on Edge.Cuts
    @(16.9375 mm, 17.0000 mm): Pad 3 [V24_SW] of Q1 on F.Cu
[silk_edge_clearance]: Silkscreen clipped by board edge
    Rule: board setup constraints silk; warning
    @(15.1417 mm, 16.6511 mm): Segment of BAT1 on Edge.Cuts
    @(15.2400 mm, 17.3900 mm): Segment of Q1 on F.Silkscreen
[silk_edge_clearance]: Silkscreen clipped by board edge
    Rule: board setup constraints silk; warning
    @(13.3322 mm, 17.1006 mm): Segment of BAT1 on Edge.Cuts
    @(14.7000 mm, 16.6200 mm): Polygon of Q1 on F.Silkscreen
[silk_edge_clearance]: Silkscreen clipped by board edge
    Rule: board setup constraints silk; warning
    @(11.6192 mm, 38.1635 mm): Segment of BAT1 on Edge.Cuts
    @(12.0000 mm, 37.0000 mm): Reference field of R13
[copper_edge_clearance]: Board edge clearance violation (board setup constraints edge clearance 0.5000 mm; actual 0.0000 mm)
    Rule: board setup constraints edge; warning
    @(11.6192 mm, 38.1635 mm): Segment of BAT1 on Edge.Cuts
    @(11.0875 mm, 37.0000 mm): Pad 1 [V3V3_SW] of R13 on F.Cu
[silk_edge_clearance]: Silkscreen clipped by board edge
    Rule: board setup constraints silk; warning
    @(18.8583 mm, 16.6511 mm): Segment of BAT1 on Edge.Cuts
    @(20.0000 mm, 17.0000 mm): Reference field of R4
[copper_edge_clearance]: Board edge clearance violation (board setup constraints edge clearance 0.5000 mm; actual 0.0000 mm)
    Rule: board setup constraints edge; warning
    @(17.0000 mm, 16.5000 mm): Segment of BAT1 on Edge.Cuts
    @(19.0875 mm, 17.0000 mm): Pad 1 [PWR_EN] of R4 on F.Cu
[copper_edge_clearance]: Board edge clearance violation (board setup constraints edge clearance 0.5000 mm; actual 0.0000 mm)
    Rule: board setup constraints edge; warning
    @(18.8583 mm, 16.6511 mm): Segment of BAT1 on Edge.Cuts
    @(20.9125 mm, 17.0000 mm): Pad 2 [GND] of R4 on F.Cu
[silk_edge_clearance]: Silkscreen clipped by board edge
    Rule: board setup constraints silk; warning
    @(8.6587 mm, 20.0834 mm): Segment of BAT1 on Edge.Cuts
    @(10.0000 mm, 18.5000 mm): Reference field of R6
[copper_edge_clearance]: Board edge clearance violation (board setup constraints edge clearance 0.5000 mm; actual 0.1331 mm)
    Rule: board setup constraints edge; warning
    @(8.6587 mm, 20.0834 mm): Segment of BAT1 on Edge.Cuts
    @(9.0875 mm, 18.5000 mm): Pad 1 [V24_SENSE] of R6 on F.Cu
[copper_edge_clearance]: Board edge clearance violation (board setup constraints edge clearance 0.5000 mm; actual 0.3525 mm)
    Rule: board setup constraints edge; warning
    @(8.6587 mm, 20.0834 mm): Segment of BAT1 on Edge.Cuts
    @(10.9125 mm, 18.5000 mm): Pad 2 [GND] of R6 on F.Cu
[copper_edge_clearance]: Board edge clearance violation (board setup constraints edge clearance 0.5000 mm; actual 0.4461 mm)
    Rule: board setup constraints edge; warning
    @(17.0000 mm, 16.5000 mm): Segment of BAT1 on Edge.Cuts
    @(19.0875 mm, 15.5000 mm): Pad 1 [V3V3_SW] of R7 on F.Cu
[copper_edge_clearance]: Board edge clearance violation (board setup constraints edge clearance 0.5000 mm; actual 0.0000 mm)
    Rule: board setup constraints edge; warning
    @(31.3000 mm, 31.6828 mm): Segment of BAT1 on Edge.Cuts
    @(28.3500 mm, 31.5950 mm): Pad 3 [<no net>] of RTC1 on F.Cu
[copper_edge_clearance]: Board edge clearance violation (board setup constraints edge clearance 0.5000 mm; actual 0.0000 mm)
    Rule: board setup constraints edge; warning
    @(27.4306 mm, 32.8428 mm): Segment of BAT1 on Edge.Cuts
    @(28.3500 mm, 32.8650 mm): Pad 4 [<no net>] of RTC1 on F.Cu
[copper_edge_clearance]: Board edge clearance violation (board setup constraints edge clearance 0.5000 mm; actual 0.4520 mm)
    Rule: board setup constraints edge; warning
    @(27.4306 mm, 32.8428 mm): Segment of BAT1 on Edge.Cuts
    @(28.3500 mm, 34.1350 mm): Pad 5 [GND] of RTC1 on F.Cu
[silk_edge_clearance]: Silkscreen clipped by board edge
    Rule: board setup constraints silk; warning
    @(30.5000 mm, 26.3149 mm): Segment of BAT1 on Edge.Cuts
    @(29.1400 mm, 28.2400 mm): Segment of RTC1 on F.Silkscreen
[hole_to_hole]: Drilled hole too close to other hole (board setup constraints min 0.2495 mm; actual 0.0000 mm)
    Rule: board setup constraints; warning
    @(57.0000 mm, 37.0000 mm): NPTH pad of H4
    @(57.0000 mm, 35.5400 mm): PTH pad 2 [DBG_UART_RX] of J5
[hole_to_hole]: Drilled hole too close to other hole (board setup constraints min 0.2495 mm; actual 0.0000 mm)
    Rule: board setup constraints; warning
    @(57.0000 mm, 37.0000 mm): NPTH pad of H4
    @(57.0000 mm, 38.0800 mm): PTH pad 3 [GND] of J5
[drill_out_of_range]: Hole size out of range (board setup constraints min hole 0.3000 mm; actual 0.2000 mm)
    Rule: board setup constraints; warning
    @(25.1000 mm, 18.2600 mm): PTH pad 41 [GND] of MOD1
[drill_out_of_range]: Hole size out of range (board setup constraints min hole 0.3000 mm; actual 0.2000 mm)
    Rule: board setup constraints; warning
    @(25.1000 mm, 19.6600 mm): PTH pad 41 [GND] of MOD1
[drill_out_of_range]: Hole size out of range (board setup constraints min hole 0.3000 mm; actual 0.2000 mm)
    Rule: board setup constraints; warning
    @(25.8000 mm, 17.5600 mm): PTH pad 41 [GND] of MOD1
[drill_out_of_range]: Hole size out of range (board setup constraints min hole 0.3000 mm; actual 0.2000 mm)
    Rule: board setup constraints; warning
    @(25.8000 mm, 18.9600 mm): PTH pad 41 [GND] of MOD1
[drill_out_of_range]: Hole size out of range (board setup constraints min hole 0.3000 mm; actual 0.2000 mm)
    Rule: board setup constraints; warning
    @(25.8000 mm, 20.3600 mm): PTH pad 41 [GND] of MOD1
[drill_out_of_range]: Hole size out of range (board setup constraints min hole 0.3000 mm; actual 0.2000 mm)
    Rule: board setup constraints; warning
    @(26.5000 mm, 18.2600 mm): PTH pad 41 [GND] of MOD1
[drill_out_of_range]: Hole size out of range (board setup constraints min hole 0.3000 mm; actual 0.2000 mm)
    Rule: board setup constraints; warning
    @(26.5000 mm, 19.6600 mm): PTH pad 41 [GND] of MOD1
[drill_out_of_range]: Hole size out of range (board setup constraints min hole 0.3000 mm; actual 0.2000 mm)
    Rule: board setup constraints; warning
    @(27.2000 mm, 17.5600 mm): PTH pad 41 [GND] of MOD1
[drill_out_of_range]: Hole size out of range (board setup constraints min hole 0.3000 mm; actual 0.2000 mm)
    Rule: board setup constraints; warning
    @(27.2000 mm, 18.9600 mm): PTH pad 41 [GND] of MOD1
[drill_out_of_range]: Hole size out of range (board setup constraints min hole 0.3000 mm; actual 0.2000 mm)
    Rule: board setup constraints; warning
    @(27.2000 mm, 20.3600 mm): PTH pad 41 [GND] of MOD1
[drill_out_of_range]: Hole size out of range (board setup constraints min hole 0.3000 mm; actual 0.2000 mm)
    Rule: board setup constraints; warning
    @(27.9000 mm, 18.2600 mm): PTH pad 41 [GND] of MOD1
[drill_out_of_range]: Hole size out of range (board setup constraints min hole 0.3000 mm; actual 0.2000 mm)
    Rule: board setup constraints; warning
    @(27.9000 mm, 19.6600 mm): PTH pad 41 [GND] of MOD1
[solder_mask_bridge]: Front solder mask aperture bridges items with different nets
    Rule: board setup solder mask min width; warning
    @(32.1500 mm, 28.1000 mm): Pad 2 [GND] of BAT1 on F.Cu
    @(31.1750 mm, 29.0000 mm): Pad 23 [<no net>] of MOD1 on F.Cu
[solder_mask_bridge]: Front solder mask aperture bridges items with different nets
    Rule: board setup solder mask min width; warning
    @(32.1500 mm, 28.1000 mm): Pad 2 [GND] of BAT1 on F.Cu
    @(32.4450 mm, 29.0000 mm): Pad 24 [<no net>] of MOD1 on F.Cu
[solder_mask_bridge]: Front solder mask aperture bridges items with different nets
    Rule: board setup solder mask min width; warning
    @(35.9125 mm, 37.5000 mm): Pad 2 [I2C_SDA] of R8 on F.Cu
    @(36.5875 mm, 37.5000 mm): Pad 1 [V3V3_SW] of R9 on F.Cu
[solder_mask_bridge]: Front solder mask aperture bridges items with different nets
    Rule: board setup solder mask min width; warning
    @(32.1500 mm, 28.1000 mm): Pad 2 [GND] of BAT1 on F.Cu
    @(33.7150 mm, 29.0000 mm): Pad 25 [<no net>] of MOD1 on F.Cu
[solder_mask_bridge]: Front solder mask aperture bridges items with different nets
    Rule: board setup solder mask min width; warning
    @(36.5875 mm, 37.5000 mm): Pad 1 [V3V3_SW] of R9 on F.Cu
    @(37.6500 mm, 36.6750 mm): Pad 10 [GND] of RTC1 on F.Cu
[solder_mask_bridge]: Front solder mask aperture bridges items with different nets
    Rule: board setup solder mask min width; warning
    @(27.3650 mm, 29.0000 mm): Pad 20 [<no net>] of MOD1 on F.Cu
    @(28.3500 mm, 29.0550 mm): Pad 1 [<no net>] of RTC1 on F.Cu
[solder_mask_bridge]: Front solder mask aperture bridges items with different nets
    Rule: board setup solder mask min width; warning
    @(28.6350 mm, 29.0000 mm): Pad 21 [<no net>] of MOD1 on F.Cu
    @(28.3500 mm, 29.0550 mm): Pad 1 [<no net>] of RTC1 on F.Cu
[solder_mask_bridge]: Front solder mask aperture bridges items with different nets
    Rule: board setup solder mask min width; warning
    @(52.4750 mm, 17.9050 mm): Pad 5 [GND] of U3 on F.Cu
    @(53.0875 mm, 18.0000 mm): Pad 1 [RS485_B] of R12 on F.Cu
[solder_mask_bridge]: Front solder mask aperture bridges items with different nets
    Rule: board setup solder mask min width; warning
    @(46.4750 mm, 11.5000 mm): Pad 2 [GND] of C1 on F.Cu
    @(47.5250 mm, 11.5000 mm): Pad 1 [V3V3_SW] of C2 on F.Cu
[solder_mask_bridge]: Front solder mask aperture bridges items with different nets
    Rule: board setup solder mask min width; warning
    @(52.4750 mm, 16.6350 mm): Pad 6 [RS485_A] of U3 on F.Cu
    @(53.0875 mm, 16.0000 mm): Pad 1 [V3V3_SW] of R11 on F.Cu
[solder_mask_bridge]: Front solder mask aperture bridges items with different nets
    Rule: board setup solder mask min width; warning
    @(36.5875 mm, 37.5000 mm): Pad 1 [V3V3_SW] of R9 on F.Cu
    @(37.6500 mm, 37.9450 mm): Pad 9 [GND] of RTC1 on F.Cu
[solder_mask_bridge]: Front solder mask aperture bridges items with different nets
    Rule: board setup solder mask min width; warning
    @(52.4750 mm, 15.3650 mm): Pad 7 [RS485_B] of U3 on F.Cu
    @(53.0875 mm, 16.0000 mm): Pad 1 [V3V3_SW] of R11 on F.Cu
[solder_mask_bridge]: Front solder mask aperture bridges items with different nets
    Rule: board setup solder mask min width; warning
    @(53.0875 mm, 14.0000 mm): Pad 1 [RS485_A] of R10 on F.Cu
    @(52.4750 mm, 14.0950 mm): Pad 8 [V3V3_SW] of U3 on F.Cu
[solder_mask_bridge]: Front solder mask aperture bridges items with different nets
    Rule: board setup solder mask min width; warning
    @(39.4300 mm, 33.8900 mm): PTH pad SH [<no net>] of J2
    @(37.6500 mm, 34.1350 mm): Pad 12 [GND] of RTC1 on F.Cu
[solder_mask_bridge]: Front solder mask aperture bridges items with different nets
    Rule: board setup solder mask min width; warning
    @(38.4125 mm, 37.5000 mm): Pad 2 [I2C_SCL] of R9 on F.Cu
    @(37.6500 mm, 36.6750 mm): Pad 10 [GND] of RTC1 on F.Cu
[solder_mask_bridge]: Front solder mask aperture bridges items with different nets
    Rule: board setup solder mask min width; warning
    @(57.0000 mm, 37.0000 mm): NPTH pad of H4
    @(57.0000 mm, 35.5400 mm): PTH pad 2 [DBG_UART_RX] of J5
[solder_mask_bridge]: Front solder mask aperture bridges items with different nets
    Rule: board setup solder mask min width; warning
    @(19.0875 mm, 21.5000 mm): Pad 1 [V24_FUSED] of R3 on F.Cu
    @(19.2500 mm, 21.4000 mm): Pad 9 [<no net>] of MOD1 on F.Cu
[solder_mask_bridge]: Front solder mask aperture bridges items with different nets
    Rule: board setup solder mask min width; warning
    @(36.7500 mm, 11.2400 mm): Pad 40 [GND] of MOD1 on F.Cu
    @(35.0000 mm, 10.5000 mm): Pad 1 [V24_FUSED] of TVS1 on F.Cu
[solder_mask_bridge]: Front solder mask aperture bridges items with different nets
    Rule: board setup solder mask min width; warning
    @(19.2500 mm, 12.5100 mm): Pad 2 [V3V3_SW] of MOD1 on F.Cu
    @(18.9500 mm, 13.5000 mm): Pad 2 [GND] of C6 on F.Cu
[solder_mask_bridge]: Front solder mask aperture bridges items with different nets
    Rule: board setup solder mask min width; warning
    @(18.9500 mm, 13.5000 mm): Pad 2 [GND] of C6 on F.Cu
    @(19.5200 mm, 13.5000 mm): Pad 1 [V3V3_SW] of C7 on F.Cu
[solder_mask_bridge]: Front solder mask aperture bridges items with different nets
    Rule: board setup solder mask min width; warning
    @(38.4125 mm, 37.5000 mm): Pad 2 [I2C_SCL] of R9 on F.Cu
    @(37.6500 mm, 37.9450 mm): Pad 9 [GND] of RTC1 on F.Cu
[solder_mask_bridge]: Front solder mask aperture bridges items with different nets
    Rule: board setup solder mask min width; warning
    @(19.2500 mm, 13.7800 mm): Pad 3 [ESP_EN] of MOD1 on F.Cu
    @(19.5200 mm, 13.5000 mm): Pad 1 [V3V3_SW] of C7 on F.Cu
[solder_mask_bridge]: Front solder mask aperture bridges items with different nets
    Rule: board setup solder mask min width; warning
    @(18.9500 mm, 13.5000 mm): Pad 2 [GND] of C6 on F.Cu
    @(19.2500 mm, 13.7800 mm): Pad 3 [ESP_EN] of MOD1 on F.Cu
[solder_mask_bridge]: Front solder mask aperture bridges items with different nets
    Rule: board setup solder mask min width; warning
    @(57.0000 mm, 37.0000 mm): NPTH pad of H4
    @(57.0000 mm, 38.0800 mm): PTH pad 3 [GND] of J5
[solder_mask_bridge]: Front solder mask aperture bridges items with different nets
    Rule: board setup solder mask min width; warning
    @(19.0875 mm, 17.0000 mm): Pad 1 [PWR_EN] of R4 on F.Cu
    @(19.2500 mm, 17.5900 mm): Pad 6 [I2C_SCL] of MOD1 on F.Cu
[solder_mask_bridge]: Front solder mask aperture bridges items with different nets
    Rule: board setup solder mask min width; warning
    @(19.2500 mm, 15.0500 mm): Pad 4 [PWR_EN] of MOD1 on F.Cu
    @(19.0875 mm, 15.5000 mm): Pad 1 [V3V3_SW] of R7 on F.Cu
[solder_mask_bridge]: Front solder mask aperture bridges items with different nets
    Rule: board setup solder mask min width; warning
    @(19.0875 mm, 17.0000 mm): Pad 1 [PWR_EN] of R4 on F.Cu
    @(19.2500 mm, 16.3200 mm): Pad 5 [I2C_SDA] of MOD1 on F.Cu
[solder_mask_bridge]: Front solder mask aperture bridges items with different nets
    Rule: board setup solder mask min width; warning
    @(19.2500 mm, 16.3200 mm): Pad 5 [I2C_SDA] of MOD1 on F.Cu
    @(19.0875 mm, 15.5000 mm): Pad 1 [V3V3_SW] of R7 on F.Cu
[solder_mask_bridge]: Rear solder mask aperture bridges items with different nets
    Rule: board setup solder mask min width; warning
    @(57.0000 mm, 37.0000 mm): NPTH pad of H4
    @(57.0000 mm, 35.5400 mm): PTH pad 2 [DBG_UART_RX] of J5
[solder_mask_bridge]: Rear solder mask aperture bridges items with different nets
    Rule: board setup solder mask min width; warning
    @(57.0000 mm, 37.0000 mm): NPTH pad of H4
    @(57.0000 mm, 38.0800 mm): PTH pad 3 [GND] of J5
[silk_overlap]: Silkscreen clearance
    Rule: board setup constraints silk; warning
    @(18.0000 mm, 13.5000 mm): Reference field of C6
    @(17.7387 mm, 12.7650 mm): Segment of C6 on F.Silkscreen
[silk_overlap]: Silkscreen clearance
    Rule: board setup constraints silk; warning
    @(16.7600 mm, 15.4400 mm): Segment of Q1 on F.Silkscreen
    @(16.0000 mm, 17.0000 mm): Reference field of Q1
[silk_overlap]: Silkscreen clearance
    Rule: board setup constraints silk; warning
    @(16.0000 mm, 17.0000 mm): Reference field of Q1
    @(15.2400 mm, 17.3900 mm): Segment of Q1 on F.Silkscreen
[silk_overlap]: Silkscreen clearance
    Rule: board setup constraints silk; warning
    @(16.7600 mm, 17.5600 mm): Segment of Q1 on F.Silkscreen
    @(16.0000 mm, 17.0000 mm): Reference field of Q1
[silk_overlap]: Silkscreen clearance
    Rule: board setup constraints silk; warning
    @(14.7000 mm, 16.6200 mm): Polygon of Q1 on F.Silkscreen
    @(16.0000 mm, 17.0000 mm): Reference field of Q1
[silk_overlap]: Silkscreen clearance
    Rule: board setup constraints silk; warning
    @(10.0000 mm, 16.0000 mm): Reference field of R5
    @(9.7729 mm, 15.2650 mm): Segment of R5 on F.Silkscreen
[silk_overlap]: Silkscreen clearance
    Rule: board setup constraints silk; warning
    @(44.3700 mm, 8.4600 mm): Segment of F1 on F.Silkscreen
    @(44.2887 mm, 12.8600 mm): Segment of C1 on F.Silkscreen
[silk_overlap]: Silkscreen clearance
    Rule: board setup constraints silk; warning
    @(45.9100 mm, 9.0600 mm): Segment of U1 on F.Silkscreen
    @(44.3700 mm, 8.4600 mm): Segment of F1 on F.Silkscreen
[silk_overlap]: Silkscreen clearance
    Rule: board setup constraints silk; warning
    @(45.0000 mm, 11.5000 mm): Reference field of C1
    @(44.3700 mm, 8.4600 mm): Segment of F1 on F.Silkscreen
[silk_overlap]: Silkscreen clearance
    Rule: board setup constraints silk; warning
    @(44.3700 mm, 8.4600 mm): Segment of F1 on F.Silkscreen
    @(44.2887 mm, 10.1400 mm): Segment of C1 on F.Silkscreen
[silk_overlap]: Silkscreen clearance
    Rule: board setup constraints silk; warning
    @(49.0000 mm, 7.5000 mm): Reference field of L1
    @(48.6004 mm, 8.0600 mm): Segment of L1 on F.Silkscreen
[silk_overlap]: Silkscreen clearance
    Rule: board setup constraints silk; warning
    @(49.8594 mm, 19.5100 mm): Segment of C10 on F.Silkscreen
    @(50.0000 mm, 19.0000 mm): Reference field of C10
[silk_overlap]: Silkscreen clearance
    Rule: board setup constraints silk; warning
    @(50.4900 mm, 18.8500 mm): Segment of TVS2 on F.Silkscreen
    @(50.0000 mm, 19.0000 mm): Reference field of C10
[silk_overlap]: Silkscreen clearance
    Rule: board setup constraints silk; warning
    @(49.8594 mm, 18.4900 mm): Segment of C10 on F.Silkscreen
    @(50.0000 mm, 19.0000 mm): Reference field of C10
[silk_overlap]: Silkscreen clearance
    Rule: board setup constraints silk; warning
    @(52.0600 mm, 18.5600 mm): Segment of U3 on F.Silkscreen
    @(50.0000 mm, 19.0000 mm): Reference field of C10
[silk_overlap]: Silkscreen clearance
    Rule: board setup constraints silk; warning
    @(52.0600 mm, 18.5600 mm): Segment of U3 on F.Silkscreen
    @(49.8594 mm, 18.4900 mm): Segment of C10 on F.Silkscreen
[silk_overlap]: Silkscreen clearance
    Rule: board setup constraints silk; warning
    @(50.4900 mm, 18.8500 mm): Segment of TVS2 on F.Silkscreen
    @(50.0000 mm, 19.0000 mm): Reference field of C10
[silk_overlap]: Silkscreen clearance
    Rule: board setup constraints silk; warning
    @(55.6200 mm, 11.7700 mm): Segment of J3 on F.Silkscreen
    @(54.0000 mm, 18.0000 mm): Reference field of R12
[silk_overlap]: Silkscreen clearance
    Rule: board setup constraints silk; warning
    @(54.0000 mm, 14.0000 mm): Reference field of R10
    @(55.6200 mm, 11.7700 mm): Segment of J3 on F.Silkscreen
[silk_overlap]: Silkscreen clearance
    Rule: board setup constraints silk; warning
    @(54.0000 mm, 16.0000 mm): Reference field of R11
    @(55.6200 mm, 11.7700 mm): Segment of J3 on F.Silkscreen
[silk_overlap]: Silkscreen clearance
    Rule: board setup constraints silk; warning
    @(50.4900 mm, 18.8500 mm): Segment of TVS2 on F.Silkscreen
    @(55.6200 mm, 11.7700 mm): Segment of J3 on F.Silkscreen
[silk_overlap]: Silkscreen clearance
    Rule: board setup constraints silk; warning
    @(47.4400 mm, 16.6500 mm): Segment of U2 on F.Silkscreen
    @(55.6200 mm, 11.7700 mm): Segment of J3 on F.Silkscreen
[silk_overlap]: Silkscreen clearance
    Rule: board setup constraints silk; warning
    @(55.6200 mm, 19.5000 mm): Segment of J3 on F.Silkscreen
    @(56.0600 mm, 16.6500 mm): Segment of U2 on F.Silkscreen
[silk_overlap]: Silkscreen clearance
    Rule: board setup constraints silk; warning
    @(54.0000 mm, 16.0000 mm): Reference field of R11
    @(47.4400 mm, 16.6500 mm): Segment of U2 on F.Silkscreen
[silk_overlap]: Silkscreen clearance
    Rule: board setup constraints silk; warning
    @(53.7729 mm, 13.2650 mm): Segment of R10 on F.Silkscreen
    @(54.0000 mm, 14.0000 mm): Reference field of R10
[silk_overlap]: Silkscreen clearance
    Rule: board setup constraints silk; warning
    @(54.0000 mm, 16.0000 mm): Reference field of R11
    @(53.7729 mm, 15.2650 mm): Segment of R11 on F.Silkscreen
[silk_overlap]: Silkscreen clearance
    Rule: board setup constraints silk; warning
    @(47.4400 mm, 16.6500 mm): Segment of U2 on F.Silkscreen
    @(53.7729 mm, 16.7350 mm): Segment of R11 on F.Silkscreen
[silk_overlap]: Silkscreen clearance
    Rule: board setup constraints silk; warning
    @(53.7729 mm, 17.2650 mm): Segment of R12 on F.Silkscreen
    @(54.0000 mm, 18.0000 mm): Reference field of R12
[silk_overlap]: Silkscreen clearance
    Rule: board setup constraints silk; warning
    @(50.4900 mm, 18.8500 mm): Segment of TVS2 on F.Silkscreen
    @(53.7729 mm, 18.7350 mm): Segment of R12 on F.Silkscreen
[silk_overlap]: Silkscreen clearance
    Rule: board setup constraints silk; warning
    @(39.2400 mm, 24.8900 mm): Segment of J2 on F.Silkscreen
    @(47.4400 mm, 28.3700 mm): Segment of U2 on F.Silkscreen
[silk_overlap]: Silkscreen clearance
    Rule: board setup constraints silk; warning
    @(50.4900 mm, 18.8500 mm): Segment of TVS2 on F.Silkscreen
    @(56.0600 mm, 16.6500 mm): Segment of U2 on F.Silkscreen
[silk_overlap]: Silkscreen clearance
    Rule: board setup constraints silk; warning
    @(50.4900 mm, 22.1500 mm): Segment of TVS2 on F.Silkscreen
    @(56.0600 mm, 16.6500 mm): Segment of U2 on F.Silkscreen
[silk_overlap]: Silkscreen clearance
    Rule: board setup constraints silk; warning
    @(47.4400 mm, 16.6500 mm): Segment of U2 on F.Silkscreen
    @(50.0000 mm, 16.0000 mm): Reference field of U3
[silk_overlap]: Silkscreen clearance
    Rule: board setup constraints silk; warning
    @(54.0000 mm, 20.5000 mm): Reference field of TVS2
    @(56.0600 mm, 16.6500 mm): Segment of U2 on F.Silkscreen
[silk_overlap]: Silkscreen clearance
    Rule: board setup constraints silk; warning
    @(20.0000 mm, 13.5000 mm): Reference field of C7
    @(18.0000 mm, 13.5000 mm): Reference field of C6
[silk_overlap]: Silkscreen clearance
    Rule: board setup constraints silk; warning
    @(20.0000 mm, 15.5000 mm): Reference field of R7
    @(19.7729 mm, 14.7650 mm): Segment of R7 on F.Silkscreen
[silk_overlap]: Silkscreen clearance
    Rule: board setup constraints silk; warning
    @(22.0000 mm, 13.5000 mm): Reference field of C8
    @(21.8594 mm, 14.0100 mm): Segment of C8 on F.Silkscreen
[silk_overlap]: Silkscreen clearance
    Rule: board setup constraints silk; warning
    @(20.0000 mm, 13.5000 mm): Reference field of C7
    @(22.0000 mm, 13.5000 mm): Reference field of C8
[silk_overlap]: Silkscreen clearance
    Rule: board setup constraints silk; warning
    @(22.0000 mm, 13.5000 mm): Reference field of C8
    @(21.8594 mm, 12.9900 mm): Segment of C8 on F.Silkscreen
[silk_overlap]: Silkscreen clearance
    Rule: board setup constraints silk; warning
    @(22.4300 mm, 13.5400 mm): Segment of F1 on F.Silkscreen
    @(22.0000 mm, 13.5000 mm): Reference field of C8
[silk_overlap]: Silkscreen clearance
    Rule: board setup constraints silk; warning
    @(23.2000 mm, 13.5400 mm): Segment of F1 on F.Silkscreen
    @(22.0000 mm, 13.5000 mm): Reference field of C8
[silk_overlap]: Silkscreen clearance
    Rule: board setup constraints silk; warning
    @(33.4900 mm, 5.8500 mm): Segment of D1 on F.Silkscreen
    @(33.4900 mm, 8.8500 mm): Segment of TVS1 on F.Silkscreen
[silk_overlap]: Silkscreen clearance
    Rule: board setup constraints silk; warning
    @(33.4900 mm, 8.8500 mm): Segment of TVS1 on F.Silkscreen
    @(33.4900 mm, 9.1500 mm): Segment of D1 on F.Silkscreen
[silk_overlap]: Silkscreen clearance
    Rule: board setup constraints silk; warning
    @(19.7729 mm, 16.2650 mm): Segment of R4 on F.Silkscreen
    @(19.7729 mm, 16.2350 mm): Segment of R7 on F.Silkscreen
[silk_overlap]: Silkscreen clearance
    Rule: board setup constraints silk; warning
    @(37.2000 mm, 3.6000 mm): Segment of MOD1 on F.Silkscreen
    @(37.0000 mm, 7.5000 mm): Reference field of D1
[silk_overlap]: Silkscreen clearance
    Rule: board setup constraints silk; warning
    @(33.4900 mm, 5.8500 mm): Segment of D1 on F.Silkscreen
    @(37.2000 mm, 3.6000 mm): Segment of MOD1 on F.Silkscreen
[silk_overlap]: Silkscreen clearance
    Rule: board setup constraints silk; warning
    @(33.4900 mm, 9.1500 mm): Segment of D1 on F.Silkscreen
    @(37.2000 mm, 3.6000 mm): Segment of MOD1 on F.Silkscreen
[silk_overlap]: Silkscreen clearance
    Rule: board setup constraints silk; warning
    @(33.4900 mm, 8.8500 mm): Segment of TVS1 on F.Silkscreen
    @(37.2000 mm, 3.6000 mm): Segment of MOD1 on F.Silkscreen
[silk_overlap]: Silkscreen clearance
    Rule: board setup constraints silk; warning
    @(37.0000 mm, 10.5000 mm): Reference field of TVS1
    @(37.2000 mm, 3.6000 mm): Segment of MOD1 on F.Silkscreen
[silk_overlap]: Silkscreen clearance
    Rule: board setup constraints silk; warning
    @(39.3700 mm, 8.5000 mm): Segment of F1 on F.Silkscreen
    @(37.2000 mm, 3.6000 mm): Segment of MOD1 on F.Silkscreen
[silk_overlap]: Silkscreen clearance
    Rule: board setup constraints silk; warning
    @(42.5000 mm, 37.5000 mm): Reference field of C9
    @(42.3594 mm, 38.0100 mm): Segment of C9 on F.Silkscreen
[silk_overlap]: Silkscreen clearance
    Rule: board setup constraints silk; warning
    @(42.3594 mm, 36.9900 mm): Segment of C9 on F.Silkscreen
    @(42.5000 mm, 37.5000 mm): Reference field of C9
[silk_overlap]: Silkscreen clearance
    Rule: board setup constraints silk; warning
    @(39.2400 mm, 40.8600 mm): Segment of J2 on F.Silkscreen
    @(55.6200 mm, 34.2700 mm): Segment of J5 on F.Silkscreen
[silk_overlap]: Silkscreen clearance
    Rule: board setup constraints silk; warning
    @(55.9250 mm, 40.8600 mm): Segment of J2 on F.Silkscreen
    @(57.0000 mm, 37.0000 mm): Reference field of H4
[silk_overlap]: Silkscreen clearance
    Rule: board setup constraints silk; warning
    @(55.6200 mm, 31.6200 mm): Segment of J5 on F.Silkscreen
    @(55.9250 mm, 24.8900 mm): Segment of J2 on F.Silkscreen
[silk_overlap]: Silkscreen clearance
    Rule: board setup constraints silk; warning
    @(55.0600 mm, 28.6100 mm): Segment of U2 on F.Silkscreen
    @(55.9250 mm, 24.8900 mm): Segment of J2 on F.Silkscreen
[silk_overlap]: Silkscreen clearance
    Rule: board setup constraints silk; warning
    @(56.0600 mm, 28.3700 mm): Segment of U2 on F.Silkscreen
    @(55.9250 mm, 24.8900 mm): Segment of J2 on F.Silkscreen
[silk_overlap]: Silkscreen clearance
    Rule: board setup constraints silk; warning
    @(46.5000 mm, 4.0000 mm): Reference field of C_BST
    @(46.3594 mm, 4.5100 mm): Segment of C_BST on F.Silkscreen
[silk_overlap]: Silkscreen clearance
    Rule: board setup constraints silk; warning
    @(49.0000 mm, 7.5000 mm): Reference field of L1
    @(48.6004 mm, 6.9400 mm): Segment of L1 on F.Silkscreen
[silk_overlap]: Silkscreen clearance
    Rule: board setup constraints silk; warning
    @(33.4900 mm, 8.8500 mm): Segment of TVS1 on F.Silkscreen
    @(33.4900 mm, 5.8500 mm): Segment of D1 on F.Silkscreen
[silk_overlap]: Silkscreen clearance
    Rule: board setup constraints silk; warning
    @(33.4900 mm, 5.8500 mm): Segment of D1 on F.Silkscreen
    @(39.3700 mm, 8.5000 mm): Segment of F1 on F.Silkscreen
[silk_over_copper]: Silkscreen clipped by solder mask
    Local override; warning
    @(18.0000 mm, 13.5000 mm): Reference field of C6
    @(17.0500 mm, 13.5000 mm): Pad 1 [V3V3_SW] of C6 on F.Cu
[silk_over_copper]: Silkscreen clipped by solder mask
    Local override; warning
    @(9.0000 mm, 8.5000 mm): Reference field of J1
    @(9.0000 mm, 8.5000 mm): PTH pad 1 [V24_RAW] of J1
[silk_over_copper]: Silkscreen clipped by solder mask
    Local override; warning
    @(16.7400 mm, 3.1800 mm): Segment of J1 on F.Silkscreen
    @(17.0500 mm, 13.5000 mm): Pad 1 [V3V3_SW] of C6 on F.Cu
[silk_over_copper]: Silkscreen clipped by solder mask
    Local override; warning
    @(16.7400 mm, 13.2200 mm): Segment of J1 on F.Silkscreen
    @(17.0500 mm, 13.5000 mm): Pad 1 [V3V3_SW] of C6 on F.Cu
[silk_over_copper]: Silkscreen clipped by solder mask
    Local override; warning
    @(3.0000 mm, 3.0000 mm): Reference field of H1
    @(3.0000 mm, 3.0000 mm): NPTH pad of H1
[silk_over_copper]: Silkscreen clipped by solder mask
    Local override; warning
    @(16.0000 mm, 17.0000 mm): Reference field of Q1
    @(15.0625 mm, 16.0500 mm): Pad 1 [Q1_GATE] of Q1 on F.Cu
[silk_over_copper]: Silkscreen clipped by solder mask
    Local override; warning
    @(20.0000 mm, 17.0000 mm): Reference field of R4
    @(19.0875 mm, 17.0000 mm): Pad 1 [PWR_EN] of R4 on F.Cu
[silk_over_copper]: Silkscreen clipped by solder mask
    Local override; warning
    @(20.0000 mm, 17.0000 mm): Reference field of R4
    @(19.2500 mm, 16.3200 mm): Pad 5 [I2C_SDA] of MOD1 on F.Cu
[silk_over_copper]: Silkscreen clipped by solder mask
    Local override; warning
    @(20.0000 mm, 17.0000 mm): Reference field of R4
    @(20.9125 mm, 17.0000 mm): Pad 2 [GND] of R4 on F.Cu
[silk_over_copper]: Silkscreen clipped by solder mask
    Local override; warning
    @(20.0000 mm, 17.0000 mm): Reference field of R4
    @(20.9125 mm, 15.5000 mm): Pad 2 [ESP_EN] of R7 on F.Cu
[silk_over_copper]: Silkscreen clipped by solder mask
    Local override; warning
    @(10.0000 mm, 16.0000 mm): Reference field of R5
    @(9.0875 mm, 16.0000 mm): Pad 1 [V24_FUSED] of R5 on F.Cu
[silk_over_copper]: Silkscreen clipped by solder mask
    Local override; warning
    @(10.0000 mm, 16.0000 mm): Reference field of R5
    @(10.9125 mm, 16.0000 mm): Pad 2 [V24_SENSE] of R5 on F.Cu
[silk_over_copper]: Silkscreen clipped by solder mask
    Local override; warning
    @(10.0000 mm, 18.5000 mm): Reference field of R6
    @(9.0875 mm, 18.5000 mm): Pad 1 [V24_SENSE] of R6 on F.Cu
[silk_over_copper]: Silkscreen clipped by solder mask
    Local override; warning
    @(10.0000 mm, 18.5000 mm): Reference field of R6
    @(10.9125 mm, 18.5000 mm): Pad 2 [GND] of R6 on F.Cu
[silk_over_copper]: Silkscreen clipped by solder mask
    Local override; warning
    @(49.0000 mm, 11.5000 mm): Reference field of C2
    @(47.5250 mm, 11.5000 mm): Pad 1 [V3V3_SW] of C2 on F.Cu
[silk_over_copper]: Silkscreen clipped by solder mask
    Local override; warning
    @(44.3700 mm, 8.4600 mm): Segment of F1 on F.Silkscreen
    @(43.8625 mm, 8.4500 mm): Pad 3 [V24_SW] of U1 on F.Cu
[silk_over_copper]: Silkscreen clipped by solder mask
    Local override; warning
    @(49.0000 mm, 7.5000 mm): Reference field of L1
    @(47.9375 mm, 7.5000 mm): Pad 1 [U1_SW] of L1 on F.Cu
[silk_over_copper]: Silkscreen clipped by solder mask
    Local override; warning
    @(49.0000 mm, 7.5000 mm): Reference field of L1
    @(50.0625 mm, 7.5000 mm): Pad 2 [V3V3_SW] of L1 on F.Cu
[silk_over_copper]: Silkscreen clipped by solder mask
    Local override; warning
    @(50.0000 mm, 19.0000 mm): Reference field of C10
    @(49.2250 mm, 19.0000 mm): Pad 1 [V3V3_SW] of C10 on F.Cu
[silk_over_copper]: Silkscreen clipped by solder mask
    Local override; warning
    @(50.0000 mm, 19.0000 mm): Reference field of C10
    @(52.0000 mm, 20.5000 mm): Pad 1 [RS485_A] of TVS2 on F.Cu
[silk_over_copper]: Silkscreen clipped by solder mask
    Local override; warning
    @(50.0000 mm, 19.0000 mm): Reference field of C10
    @(50.7750 mm, 19.0000 mm): Pad 2 [GND] of C10 on F.Cu
[silk_over_copper]: Silkscreen clipped by solder mask
    Local override; warning
    @(54.0000 mm, 20.5000 mm): Reference field of TVS2
    @(52.0000 mm, 20.5000 mm): Pad 1 [RS485_A] of TVS2 on F.Cu
[silk_over_copper]: Silkscreen clipped by solder mask
    Local override; warning
    @(50.4900 mm, 18.8500 mm): Segment of TVS2 on F.Silkscreen
    @(50.7750 mm, 19.0000 mm): Pad 2 [GND] of C10 on F.Cu
[silk_over_copper]: Silkscreen clipped by solder mask
    Local override; warning
    @(54.0000 mm, 18.0000 mm): Reference field of R12
    @(54.9125 mm, 18.0000 mm): Pad 2 [GND] of R12 on F.Cu
[silk_over_copper]: Silkscreen clipped by solder mask
    Local override; warning
    @(55.6200 mm, 11.7700 mm): Segment of J3 on F.Silkscreen
    @(55.4750 mm, 11.5000 mm): Pad 2 [GND] of C4 on F.Cu
[silk_over_copper]: Silkscreen clipped by solder mask
    Local override; warning
    @(54.0000 mm, 14.0000 mm): Reference field of R10
    @(54.9125 mm, 14.0000 mm): Pad 2 [RS485_B] of R10 on F.Cu
[silk_over_copper]: Silkscreen clipped by solder mask
    Local override; warning
    @(54.0000 mm, 16.0000 mm): Reference field of R11
    @(54.9125 mm, 16.0000 mm): Pad 2 [RS485_A] of R11 on F.Cu
[silk_over_copper]: Silkscreen clipped by solder mask
    Local override; warning
    @(54.0000 mm, 14.0000 mm): Reference field of R10
    @(52.4750 mm, 14.0950 mm): Pad 8 [V3V3_SW] of U3 on F.Cu
[silk_over_copper]: Silkscreen clipped by solder mask
    Local override; warning
    @(54.0000 mm, 14.0000 mm): Reference field of R10
    @(53.0875 mm, 14.0000 mm): Pad 1 [RS485_A] of R10 on F.Cu
[silk_over_copper]: Silkscreen clipped by solder mask
    Local override; warning
    @(54.0000 mm, 16.0000 mm): Reference field of R11
    @(53.0875 mm, 16.0000 mm): Pad 1 [V3V3_SW] of R11 on F.Cu
[silk_over_copper]: Silkscreen clipped by solder mask
    Local override; warning
    @(54.0000 mm, 16.0000 mm): Reference field of R11
    @(52.4750 mm, 16.6350 mm): Pad 6 [RS485_A] of U3 on F.Cu
[silk_over_copper]: Silkscreen clipped by solder mask
    Local override; warning
    @(54.0000 mm, 16.0000 mm): Reference field of R11
    @(52.4750 mm, 15.3650 mm): Pad 7 [RS485_B] of U3 on F.Cu
[silk_over_copper]: Silkscreen clipped by solder mask
    Local override; warning
    @(54.0000 mm, 18.0000 mm): Reference field of R12
    @(53.0875 mm, 18.0000 mm): Pad 1 [RS485_B] of R12 on F.Cu
[silk_over_copper]: Silkscreen clipped by solder mask
    Local override; warning
    @(54.0000 mm, 18.0000 mm): Reference field of R12
    @(52.4750 mm, 17.9050 mm): Pad 5 [GND] of U3 on F.Cu
[silk_over_copper]: Silkscreen clipped by solder mask
    Local override; warning
    @(39.2400 mm, 24.8900 mm): Segment of J2 on F.Silkscreen
    @(54.0000 mm, 25.0000 mm): PTH pad 1 [V24_SW] of U2
[silk_over_copper]: Silkscreen clipped by solder mask
    Local override; warning
    @(50.4900 mm, 18.8500 mm): Segment of TVS2 on F.Silkscreen
    @(50.7750 mm, 19.0000 mm): Pad 2 [GND] of C10 on F.Cu
[silk_over_copper]: Silkscreen clipped by solder mask
    Local override; warning
    @(50.4900 mm, 22.1500 mm): Segment of TVS2 on F.Silkscreen
    @(54.0000 mm, 22.4600 mm): PTH pad 2 [GND] of U2
[silk_over_copper]: Silkscreen clipped by solder mask
    Local override; warning
    @(47.4400 mm, 16.6500 mm): Segment of U2 on F.Silkscreen
    @(47.5250 mm, 16.6350 mm): Pad 3 [DE_RE] of U3 on F.Cu
[silk_over_copper]: Silkscreen clipped by solder mask
    Local override; warning
    @(47.4400 mm, 16.6500 mm): Segment of U2 on F.Silkscreen
    @(54.9125 mm, 16.0000 mm): Pad 2 [RS485_A] of R11 on F.Cu
[silk_over_copper]: Silkscreen clipped by solder mask
    Local override; warning
    @(47.4400 mm, 16.6500 mm): Segment of U2 on F.Silkscreen
    @(53.0875 mm, 16.0000 mm): Pad 1 [V3V3_SW] of R11 on F.Cu
[silk_over_copper]: Silkscreen clipped by solder mask
    Local override; warning
    @(47.4400 mm, 16.6500 mm): Segment of U2 on F.Silkscreen
    @(52.4750 mm, 16.6350 mm): Pad 6 [RS485_A] of U3 on F.Cu
[silk_over_copper]: Silkscreen clipped by solder mask
    Local override; warning
    @(56.0600 mm, 16.6500 mm): Segment of U2 on F.Silkscreen
    @(56.0000 mm, 20.5000 mm): Pad 2 [RS485_B] of TVS2 on F.Cu
[silk_over_copper]: Silkscreen clipped by solder mask
    Local override; warning
    @(54.0000 mm, 20.5000 mm): Reference field of TVS2
    @(54.0000 mm, 19.9200 mm): PTH pad 3 [V12_CAT5E] of U2
[silk_over_copper]: Silkscreen clipped by solder mask
    Local override; warning
    @(54.0000 mm, 20.5000 mm): Reference field of TVS2
    @(56.0000 mm, 20.5000 mm): Pad 2 [RS485_B] of TVS2 on F.Cu
[silk_over_copper]: Silkscreen clipped by solder mask
    Local override; warning
    @(52.0600 mm, 18.5600 mm): Segment of U3 on F.Silkscreen
    @(49.2250 mm, 19.0000 mm): Pad 1 [V3V3_SW] of C10 on F.Cu
[silk_over_copper]: Silkscreen clipped by solder mask
    Local override; warning
    @(52.0600 mm, 18.5600 mm): Segment of U3 on F.Silkscreen
    @(50.7750 mm, 19.0000 mm): Pad 2 [GND] of C10 on F.Cu
[silk_over_copper]: Silkscreen clipped by solder mask
    Local override; warning
    @(18.0000 mm, 13.5000 mm): Reference field of C6
    @(19.2500 mm, 12.5100 mm): Pad 2 [V3V3_SW] of MOD1 on F.Cu
[silk_over_copper]: Silkscreen clipped by solder mask
    Local override; warning
    @(18.0000 mm, 13.5000 mm): Reference field of C6
    @(18.9500 mm, 13.5000 mm): Pad 2 [GND] of C6 on F.Cu
[silk_over_copper]: Silkscreen clipped by solder mask
    Local override; warning
    @(18.0000 mm, 13.5000 mm): Reference field of C6
    @(19.2500 mm, 13.7800 mm): Pad 3 [ESP_EN] of MOD1 on F.Cu
[silk_over_copper]: Silkscreen clipped by solder mask
    Local override; warning
    @(20.0000 mm, 13.5000 mm): Reference field of C7
    @(19.2500 mm, 13.7800 mm): Pad 3 [ESP_EN] of MOD1 on F.Cu
[silk_over_copper]: Silkscreen clipped by solder mask
    Local override; warning
    @(20.0000 mm, 13.5000 mm): Reference field of C7
    @(18.9500 mm, 13.5000 mm): Pad 2 [GND] of C6 on F.Cu
[silk_over_copper]: Silkscreen clipped by solder mask
    Local override; warning
    @(20.0000 mm, 13.5000 mm): Reference field of C7
    @(19.2500 mm, 12.5100 mm): Pad 2 [V3V3_SW] of MOD1 on F.Cu
[silk_over_copper]: Silkscreen clipped by solder mask
    Local override; warning
    @(19.8922 mm, 13.8600 mm): Segment of C7 on F.Silkscreen
    @(19.2500 mm, 13.7800 mm): Pad 3 [ESP_EN] of MOD1 on F.Cu
[silk_over_copper]: Silkscreen clipped by solder mask
    Local override; warning
    @(22.0000 mm, 13.5000 mm): Reference field of C8
    @(21.2250 mm, 13.5000 mm): Pad 1 [ESP_EN] of C8 on F.Cu
[silk_over_copper]: Silkscreen clipped by solder mask
    Local override; warning
    @(20.0000 mm, 15.5000 mm): Reference field of R7
    @(20.9125 mm, 15.5000 mm): Pad 2 [ESP_EN] of R7 on F.Cu
[silk_over_copper]: Silkscreen clipped by solder mask
    Local override; warning
    @(19.7729 mm, 14.7650 mm): Segment of R7 on F.Silkscreen
    @(19.2500 mm, 15.0500 mm): Pad 4 [PWR_EN] of MOD1 on F.Cu
[silk_over_copper]: Silkscreen clipped by solder mask
    Local override; warning
    @(20.0000 mm, 13.5000 mm): Reference field of C7
    @(20.4800 mm, 13.5000 mm): Pad 2 [GND] of C7 on F.Cu
[silk_over_copper]: Silkscreen clipped by solder mask
    Local override; warning
    @(20.0000 mm, 13.5000 mm): Reference field of C7
    @(21.2250 mm, 13.5000 mm): Pad 1 [ESP_EN] of C8 on F.Cu
[silk_over_copper]: Silkscreen clipped by solder mask
    Local override; warning
    @(22.0000 mm, 13.5000 mm): Reference field of C8
    @(22.7750 mm, 13.5000 mm): Pad 2 [GND] of C8 on F.Cu
[silk_over_copper]: Silkscreen clipped by solder mask
    Local override; warning
    @(22.4300 mm, 13.5400 mm): Segment of F1 on F.Silkscreen
    @(22.7750 mm, 13.5000 mm): Pad 2 [GND] of C8 on F.Cu
[silk_over_copper]: Silkscreen clipped by solder mask
    Local override; warning
    @(23.2000 mm, 13.5400 mm): Segment of F1 on F.Silkscreen
    @(22.7750 mm, 13.5000 mm): Pad 2 [GND] of C8 on F.Cu
[silk_over_copper]: Silkscreen clipped by solder mask
    Local override; warning
    @(37.0000 mm, 10.5000 mm): Reference field of TVS1
    @(35.0000 mm, 10.5000 mm): Pad 1 [V24_FUSED] of TVS1 on F.Cu
[silk_over_copper]: Silkscreen clipped by solder mask
    Local override; warning
    @(37.0000 mm, 10.5000 mm): Reference field of TVS1
    @(36.7500 mm, 11.2400 mm): Pad 40 [GND] of MOD1 on F.Cu
[silk_over_copper]: Silkscreen clipped by solder mask
    Local override; warning
    @(28.0000 mm, 16.5000 mm): Reference field of MOD1
    @(26.5000 mm, 18.9600 mm): Pad 41 [GND] of MOD1 on F.Cu
[silk_over_copper]: Silkscreen clipped by solder mask
    Local override; warning
    @(20.0000 mm, 15.5000 mm): Reference field of R7
    @(19.2500 mm, 15.0500 mm): Pad 4 [PWR_EN] of MOD1 on F.Cu
[silk_over_copper]: Silkscreen clipped by solder mask
    Local override; warning
    @(20.0000 mm, 15.5000 mm): Reference field of R7
    @(19.0875 mm, 15.5000 mm): Pad 1 [V3V3_SW] of R7 on F.Cu
[silk_over_copper]: Silkscreen clipped by solder mask
    Local override; warning
    @(20.0000 mm, 15.5000 mm): Reference field of R7
    @(19.2500 mm, 16.3200 mm): Pad 5 [I2C_SDA] of MOD1 on F.Cu
[silk_over_copper]: Silkscreen clipped by solder mask
    Local override; warning
    @(19.7729 mm, 16.2650 mm): Segment of R4 on F.Silkscreen
    @(19.2500 mm, 16.3200 mm): Pad 5 [I2C_SDA] of MOD1 on F.Cu
[silk_over_copper]: Silkscreen clipped by solder mask
    Local override; warning
    @(19.7729 mm, 16.2350 mm): Segment of R7 on F.Silkscreen
    @(19.2500 mm, 16.3200 mm): Pad 5 [I2C_SDA] of MOD1 on F.Cu
[silk_over_copper]: Silkscreen clipped by solder mask
    Local override; warning
    @(24.5000 mm, 8.5000 mm): Reference field of F1
    @(24.5000 mm, 8.5000 mm): PTH pad 1 [V24_RAW] of F1
[silk_over_copper]: Silkscreen clipped by solder mask
    Local override; warning
    @(42.5000 mm, 37.5000 mm): Reference field of C9
    @(41.7250 mm, 37.5000 mm): Pad 1 [V3V3_SW] of C9 on F.Cu
[silk_over_copper]: Silkscreen clipped by solder mask
    Local override; warning
    @(42.5000 mm, 37.5000 mm): Reference field of C9
    @(43.2750 mm, 37.5000 mm): Pad 2 [GND] of C9 on F.Cu
[silk_over_copper]: Silkscreen clipped by solder mask
    Local override; warning
    @(38.5000 mm, 31.8000 mm): Segment of J2 on F.Silkscreen
    @(37.6500 mm, 31.5950 mm): Pad 14 [V_BAT_RTC] of RTC1 on F.Cu
[silk_over_copper]: Silkscreen clipped by solder mask
    Local override; warning
    @(44.0000 mm, 33.0000 mm): Reference field of J2
    @(44.0000 mm, 33.0000 mm): PTH pad 1 [V12_CAT5E] of J2
[silk_over_copper]: Silkscreen clipped by solder mask
    Local override; warning
    @(37.2000 mm, 29.4500 mm): Segment of MOD1 on F.Silkscreen
    @(37.6500 mm, 29.0550 mm): Pad 16 [I2C_SCL] of RTC1 on F.Cu
[silk_over_copper]: Silkscreen clipped by solder mask
    Local override; warning
    @(36.8600 mm, 28.2400 mm): Segment of RTC1 on F.Silkscreen
    @(36.7500 mm, 27.7500 mm): Pad 27 [<no net>] of MOD1 on F.Cu
[silk_over_copper]: Silkscreen clipped by solder mask
    Local override; warning
    @(55.9250 mm, 40.8600 mm): Segment of J2 on F.Silkscreen
    @(57.0000 mm, 37.0000 mm): NPTH pad of H4
[silk_over_copper]: Silkscreen clipped by solder mask
    Local override; warning
    @(57.0000 mm, 37.0000 mm): Reference field of H4
    @(57.0000 mm, 37.0000 mm): NPTH pad of H4
[silk_over_copper]: Silkscreen clipped by solder mask
    Local override; warning
    @(57.0000 mm, 33.0000 mm): Reference field of J5
    @(57.0000 mm, 33.0000 mm): PTH pad 1 [DBG_UART_TX] of J5
[silk_over_copper]: Silkscreen clipped by solder mask
    Local override; warning
    @(57.0000 mm, 33.0000 mm): Reference field of J5
    @(55.6900 mm, 33.8900 mm): PTH pad SH [<no net>] of J2
[silk_over_copper]: Silkscreen clipped by solder mask
    Local override; warning
    @(55.6200 mm, 34.2700 mm): Segment of J5 on F.Silkscreen
    @(55.6900 mm, 33.8900 mm): PTH pad SH [<no net>] of J2
[silk_over_copper]: Silkscreen clipped by solder mask
    Local override; warning
    @(57.0000 mm, 37.0000 mm): Reference field of H4
    @(57.0000 mm, 38.0800 mm): PTH pad 3 [GND] of J5
[silk_over_copper]: Silkscreen clipped by solder mask
    Local override; warning
    @(55.6200 mm, 34.2700 mm): Segment of J5 on F.Silkscreen
    @(55.6900 mm, 33.8900 mm): PTH pad SH [<no net>] of J2
[silk_over_copper]: Silkscreen clipped by solder mask
    Local override; warning
    @(55.6200 mm, 34.2700 mm): Segment of J5 on F.Silkscreen
    @(57.0000 mm, 37.0000 mm): NPTH pad of H4
[silk_over_copper]: Silkscreen clipped by solder mask
    Local override; warning
    @(58.3800 mm, 34.2700 mm): Segment of J5 on F.Silkscreen
    @(57.0000 mm, 37.0000 mm): NPTH pad of H4
[silk_over_copper]: Silkscreen clipped by solder mask
    Local override; warning
    @(35.0000 mm, 37.5000 mm): Reference field of R8
    @(34.0875 mm, 37.5000 mm): Pad 1 [V3V3_SW] of R8 on F.Cu
[silk_over_copper]: Silkscreen clipped by solder mask
    Local override; warning
    @(35.0000 mm, 37.5000 mm): Reference field of R8
    @(35.9125 mm, 37.5000 mm): Pad 2 [I2C_SDA] of R8 on F.Cu
[silk_over_copper]: Silkscreen clipped by solder mask
    Local override; warning
    @(35.0000 mm, 37.5000 mm): Reference field of R8
    @(36.5875 mm, 37.5000 mm): Pad 1 [V3V3_SW] of R9 on F.Cu
[silk_over_copper]: Silkscreen clipped by solder mask
    Local override; warning
    @(37.5000 mm, 37.5000 mm): Reference field of R9
    @(36.5875 mm, 37.5000 mm): Pad 1 [V3V3_SW] of R9 on F.Cu
[silk_over_copper]: Silkscreen clipped by solder mask
    Local override; warning
    @(37.5000 mm, 37.5000 mm): Reference field of R9
    @(37.6500 mm, 37.9450 mm): Pad 9 [GND] of RTC1 on F.Cu
[silk_over_copper]: Silkscreen clipped by solder mask
    Local override; warning
    @(37.5000 mm, 37.5000 mm): Reference field of R9
    @(37.6500 mm, 36.6750 mm): Pad 10 [GND] of RTC1 on F.Cu
[silk_over_copper]: Silkscreen clipped by solder mask
    Local override; warning
    @(37.5000 mm, 37.5000 mm): Reference field of R9
    @(38.4125 mm, 37.5000 mm): Pad 2 [I2C_SCL] of R9 on F.Cu
[silk_over_copper]: Silkscreen clipped by solder mask
    Local override; warning
    @(37.2729 mm, 38.2350 mm): Segment of R9 on F.Silkscreen
    @(37.6500 mm, 37.9450 mm): Pad 9 [GND] of RTC1 on F.Cu
[silk_over_copper]: Silkscreen clipped by solder mask
    Local override; warning
    @(49.0000 mm, 11.5000 mm): Reference field of C2
    @(50.4750 mm, 11.5000 mm): Pad 2 [GND] of C2 on F.Cu
[silk_over_copper]: Silkscreen clipped by solder mask
    Local override; warning
    @(54.0000 mm, 11.5000 mm): Reference field of C4
    @(52.5250 mm, 11.5000 mm): Pad 1 [V12_CAT5E] of C4 on F.Cu
[silk_over_copper]: Silkscreen clipped by solder mask
    Local override; warning
    @(54.0000 mm, 7.5000 mm): Reference field of C3
    @(52.5250 mm, 7.5000 mm): Pad 1 [V24_SW] of C3 on F.Cu
[silk_over_copper]: Silkscreen clipped by solder mask
    Local override; warning
    @(54.0000 mm, 7.5000 mm): Reference field of C3
    @(55.4750 mm, 7.5000 mm): Pad 2 [GND] of C3 on F.Cu
[silk_over_copper]: Silkscreen clipped by solder mask
    Local override; warning
    @(57.0000 mm, 3.0000 mm): Reference field of H2
    @(57.0000 mm, 3.0000 mm): NPTH pad of H2
[silk_over_copper]: Silkscreen clipped by solder mask
    Local override; warning
    @(54.0000 mm, 11.5000 mm): Reference field of C4
    @(55.4750 mm, 11.5000 mm): Pad 2 [GND] of C4 on F.Cu
[silk_over_copper]: Silkscreen clipped by solder mask
    Local override; warning
    @(57.0000 mm, 10.5000 mm): Reference field of J3
    @(57.0000 mm, 10.5000 mm): PTH pad 1 [USB_DP] of J3
[silk_over_copper]: Silkscreen clipped by solder mask
    Local override; warning
    @(57.0000 mm, 10.5000 mm): Reference field of J3
    @(55.4750 mm, 11.5000 mm): Pad 2 [GND] of C4 on F.Cu
[silk_over_copper]: Silkscreen clipped by solder mask
    Local override; warning
    @(55.6200 mm, 10.5000 mm): Segment of J3 on F.Silkscreen
    @(55.4750 mm, 11.5000 mm): Pad 2 [GND] of C4 on F.Cu
[silk_over_copper]: Silkscreen clipped by solder mask
    Local override; warning
    @(55.6200 mm, 11.7700 mm): Segment of J3 on F.Silkscreen
    @(55.4750 mm, 11.5000 mm): Pad 2 [GND] of C4 on F.Cu
[silk_over_copper]: Silkscreen clipped by solder mask
    Local override; warning
    @(46.5000 mm, 4.0000 mm): Reference field of C_BST
    @(47.2750 mm, 4.0000 mm): Pad 2 [U1_SW] of C_BST on F.Cu
[silk_over_copper]: Silkscreen clipped by solder mask
    Local override; warning
    @(45.0000 mm, 7.5000 mm): Reference field of U1
    @(43.8625 mm, 8.4500 mm): Pad 3 [V24_SW] of U1 on F.Cu
[silk_over_copper]: Silkscreen clipped by solder mask
    Local override; warning
    @(45.0000 mm, 7.5000 mm): Reference field of U1
    @(43.8625 mm, 6.5500 mm): Pad 1 [<no net>] of U1 on F.Cu
[silk_over_copper]: Silkscreen clipped by solder mask
    Local override; warning
    @(45.0000 mm, 7.5000 mm): Reference field of U1
    @(43.8625 mm, 7.5000 mm): Pad 2 [V24_SW] of U1 on F.Cu
[silk_over_copper]: Silkscreen clipped by solder mask
    Local override; warning
    @(45.0000 mm, 7.5000 mm): Reference field of U1
    @(46.1375 mm, 8.4500 mm): Pad 4 [GND] of U1 on F.Cu
[silk_over_copper]: Silkscreen clipped by solder mask
    Local override; warning
    @(45.0000 mm, 7.5000 mm): Reference field of U1
    @(46.1375 mm, 7.5000 mm): Pad 5 [U1_SW] of U1 on F.Cu
[silk_over_copper]: Silkscreen clipped by solder mask
    Local override; warning
    @(45.0000 mm, 7.5000 mm): Reference field of U1
    @(46.1375 mm, 6.5500 mm): Pad 6 [U1_BST] of U1 on F.Cu
[silk_over_copper]: Silkscreen clipped by solder mask
    Local override; warning
    @(46.5000 mm, 4.0000 mm): Reference field of C_BST
    @(45.7250 mm, 4.0000 mm): Pad 1 [U1_BST] of C_BST on F.Cu
[silk_over_copper]: Silkscreen clipped by solder mask
    Local override; warning
    @(3.0000 mm, 37.0000 mm): Reference field of H3
    @(3.0000 mm, 37.0000 mm): NPTH pad of H3
[silk_over_copper]: Silkscreen clipped by solder mask
    Local override; warning
    @(8.0000 mm, 37.0000 mm): Reference field of BTN1
    @(8.0000 mm, 37.0000 mm): PTH pad 1 [BTN_OVERRIDE] of BTN1
[silk_over_copper]: Silkscreen clipped by solder mask
    Local override; warning
    @(12.0000 mm, 37.0000 mm): Reference field of R13
    @(11.0875 mm, 37.0000 mm): Pad 1 [V3V3_SW] of R13 on F.Cu
[silk_over_copper]: Silkscreen clipped by solder mask
    Local override; warning
    @(45.0000 mm, 11.5000 mm): Reference field of C1
    @(43.5250 mm, 11.5000 mm): Pad 1 [V24_SW] of C1 on F.Cu
[silk_over_copper]: Silkscreen clipped by solder mask
    Local override; warning
    @(47.4400 mm, 28.3700 mm): Segment of U2 on F.Silkscreen
    @(47.5250 mm, 16.6350 mm): Pad 3 [DE_RE] of U3 on F.Cu
[silk_over_copper]: Silkscreen clipped by solder mask
    Local override; warning
    @(47.4400 mm, 28.3700 mm): Segment of U2 on F.Silkscreen
    @(47.5250 mm, 17.9050 mm): Pad 4 [UART_TX_3V3] of U3 on F.Cu
[silk_over_copper]: Silkscreen clipped by solder mask
    Local override; warning
    @(45.0000 mm, 11.5000 mm): Reference field of C1
    @(46.4750 mm, 11.5000 mm): Pad 2 [GND] of C1 on F.Cu
[silk_over_copper]: Silkscreen clipped by solder mask
    Local override; warning
    @(43.6000 mm, 8.4600 mm): Segment of F1 on F.Silkscreen
    @(43.8625 mm, 8.4500 mm): Pad 3 [V24_SW] of U1 on F.Cu
[silk_over_copper]: Silkscreen clipped by solder mask
    Local override; warning
    @(37.0000 mm, 7.5000 mm): Reference field of D1
    @(39.0000 mm, 7.5000 mm): Pad 2 [V24_AFTER_FUSE] of D1 on F.Cu
[silk_over_copper]: Silkscreen clipped by solder mask
    Local override; warning
    @(37.0000 mm, 7.5000 mm): Reference field of D1
    @(35.0000 mm, 7.5000 mm): Pad 1 [V24_FUSED] of D1 on F.Cu
[silk_over_copper]: Silkscreen clipped by solder mask
    Local override; warning
    @(33.4900 mm, 12.1500 mm): Segment of TVS1 on F.Silkscreen
    @(36.7500 mm, 12.5100 mm): Pad 39 [V24_SENSE] of MOD1 on F.Cu
[silk_over_copper]: Silkscreen clipped by solder mask
    Local override; warning
    @(37.0000 mm, 10.5000 mm): Reference field of TVS1
    @(39.0000 mm, 10.5000 mm): Pad 2 [GND] of TVS1 on F.Cu
[silk_over_copper]: Silkscreen clipped by solder mask
    Local override; warning
    @(39.3700 mm, 8.4600 mm): Segment of F1 on F.Silkscreen
    @(39.0000 mm, 10.5000 mm): Pad 2 [GND] of TVS1 on F.Cu
[silk_over_copper]: Silkscreen clipped by solder mask
    Local override; warning
    @(38.5000 mm, 32.8000 mm): Segment of J2 on F.Silkscreen
    @(37.6500 mm, 32.8650 mm): Pad 13 [GND] of RTC1 on F.Cu
[silk_over_copper]: Silkscreen clipped by solder mask
    Local override; warning
    @(38.5000 mm, 32.8000 mm): Segment of J2 on F.Silkscreen
    @(37.6500 mm, 31.5950 mm): Pad 14 [V_BAT_RTC] of RTC1 on F.Cu
[silk_over_copper]: Silkscreen clipped by solder mask
    Local override; warning
    @(39.0000 mm, 32.3000 mm): Segment of J2 on F.Silkscreen
    @(37.6500 mm, 32.8650 mm): Pad 13 [GND] of RTC1 on F.Cu
[silk_over_copper]: Silkscreen clipped by solder mask
    Local override; warning
    @(37.2729 mm, 36.7650 mm): Segment of R9 on F.Silkscreen
    @(37.6500 mm, 36.6750 mm): Pad 10 [GND] of RTC1 on F.Cu
[silk_over_copper]: Silkscreen clipped by solder mask
    Local override; warning
    @(29.1400 mm, 28.2400 mm): Segment of RTC1 on F.Silkscreen
    @(32.1500 mm, 28.1000 mm): Pad 2 [GND] of BAT1 on F.Cu
[silk_over_copper]: Silkscreen clipped by solder mask
    Local override; warning
    @(29.1400 mm, 28.2400 mm): Segment of RTC1 on F.Silkscreen
    @(31.1750 mm, 29.0000 mm): Pad 23 [<no net>] of MOD1 on F.Cu
[silk_over_copper]: Silkscreen clipped by solder mask
    Local override; warning
    @(29.1400 mm, 28.2400 mm): Segment of RTC1 on F.Silkscreen
    @(32.4450 mm, 29.0000 mm): Pad 24 [<no net>] of MOD1 on F.Cu
[silk_over_copper]: Silkscreen clipped by solder mask
    Local override; warning
    @(29.1400 mm, 28.2400 mm): Segment of RTC1 on F.Silkscreen
    @(33.7150 mm, 29.0000 mm): Pad 25 [<no net>] of MOD1 on F.Cu
[silk_over_copper]: Silkscreen clipped by solder mask
    Local override; warning
    @(29.1400 mm, 28.2400 mm): Segment of RTC1 on F.Silkscreen
    @(34.9850 mm, 29.0000 mm): Pad 26 [<no net>] of MOD1 on F.Cu
[silk_over_copper]: Silkscreen clipped by solder mask
    Local override; warning
    @(29.1400 mm, 28.2400 mm): Segment of RTC1 on F.Silkscreen
    @(36.7500 mm, 27.7500 mm): Pad 27 [<no net>] of MOD1 on F.Cu
[silk_over_copper]: Silkscreen clipped by solder mask
    Local override; warning
    @(39.3700 mm, 13.5000 mm): Segment of F1 on F.Silkscreen
    @(36.7500 mm, 13.7800 mm): Pad 38 [DE_RE] of MOD1 on F.Cu

** Found 0 unconnected pads **

** Found 0 Footprint errors **

** Ignored checks **
    - Footprint has no courtyard defined
    - Track endpoint not centered on via
    - Tuning profile track geometries
    - Footprint doesn't match symbol's footprint filters
    - Missing connection between items
    - Footprint component type doesn't match footprint pads
    - Footprint not found in libraries
    - Footprint doesn't match copy in library

** End of Report **
