** Drc report for battery_side.kicad_pcb **
** Created on 2026-05-24T11:43:34 **
** Report includes: Warnings **

** Found 131 DRC violations **
[courtyards_overlap]: Courtyards overlap
    Rule: board setup constraints courtyard; warning
    @(3.0000 mm, 3.0000 mm): Footprint REF**
    @(9.0000 mm, 8.5000 mm): Footprint REF**
[courtyards_overlap]: Courtyards overlap
    Rule: board setup constraints courtyard; warning
    @(42.0000 mm, 11.5000 mm): Footprint REF**
    @(46.5000 mm, 11.5000 mm): Footprint REF**
[courtyards_overlap]: Courtyards overlap
    Rule: board setup constraints courtyard; warning
    @(42.0000 mm, 11.5000 mm): Footprint REF**
    @(37.0000 mm, 10.5000 mm): Footprint REF**
[courtyards_overlap]: Courtyards overlap
    Rule: board setup constraints courtyard; warning
    @(42.0000 mm, 11.5000 mm): Footprint REF**
    @(24.5000 mm, 8.5000 mm): Footprint REF**
[pth_inside_courtyard]: PTH inside courtyard
    Local override; warning
    @(42.3000 mm, 13.5000 mm): PTH pad 2 [V24_AFTER_FUSE] of REF**
    @(42.0000 mm, 11.5000 mm): Footprint REF**
[courtyards_overlap]: Courtyards overlap
    Rule: board setup constraints courtyard; warning
    @(75.0000 mm, 25.0000 mm): Footprint REF**
    @(75.0000 mm, 10.0000 mm): Footprint REF**
[courtyards_overlap]: Courtyards overlap
    Rule: board setup constraints courtyard; warning
    @(75.0000 mm, 25.0000 mm): Footprint REF**
    @(90.0000 mm, 40.0000 mm): Footprint REF**
[courtyards_overlap]: Courtyards overlap
    Rule: board setup constraints courtyard; warning
    @(75.0000 mm, 25.0000 mm): Footprint REF**
    @(90.0000 mm, 10.0000 mm): Footprint REF**
[courtyards_overlap]: Courtyards overlap
    Rule: board setup constraints courtyard; warning
    @(75.0000 mm, 25.0000 mm): Footprint REF**
    @(51.0000 mm, 7.5000 mm): Footprint REF**
[courtyards_overlap]: Courtyards overlap
    Rule: board setup constraints courtyard; warning
    @(75.0000 mm, 25.0000 mm): Footprint REF**
    @(54.0000 mm, 18.0000 mm): Footprint REF**
[pth_inside_courtyard]: PTH inside courtyard
    Local override; warning
    @(54.0000 mm, 18.0000 mm): PTH pad 1 [V24_SW] of REF**
    @(75.0000 mm, 25.0000 mm): Footprint REF**
[pth_inside_courtyard]: PTH inside courtyard
    Local override; warning
    @(54.0000 mm, 15.4600 mm): PTH pad 2 [GND] of REF**
    @(75.0000 mm, 25.0000 mm): Footprint REF**
[pth_inside_courtyard]: PTH inside courtyard
    Local override; warning
    @(54.0000 mm, 12.9200 mm): PTH pad 3 [V12_CAT5E] of REF**
    @(75.0000 mm, 25.0000 mm): Footprint REF**
[courtyards_overlap]: Courtyards overlap
    Rule: board setup constraints courtyard; warning
    @(75.0000 mm, 25.0000 mm): Footprint REF**
    @(51.0000 mm, 11.5000 mm): Footprint REF**
[courtyards_overlap]: Courtyards overlap
    Rule: board setup constraints courtyard; warning
    @(75.0000 mm, 25.0000 mm): Footprint REF**
    @(57.0000 mm, 3.0000 mm): Footprint REF**
[npth_inside_courtyard]: NPTH inside courtyard
    Local override; warning
    @(57.0000 mm, 3.0000 mm): NPTH pad of REF**
    @(75.0000 mm, 25.0000 mm): Footprint REF**
[courtyards_overlap]: Courtyards overlap
    Rule: board setup constraints courtyard; warning
    @(42.0000 mm, 7.5000 mm): Footprint REF**
    @(37.0000 mm, 10.5000 mm): Footprint REF**
[courtyards_overlap]: Courtyards overlap
    Rule: board setup constraints courtyard; warning
    @(42.0000 mm, 7.5000 mm): Footprint REF**
    @(37.0000 mm, 7.5000 mm): Footprint REF**
[courtyards_overlap]: Courtyards overlap
    Rule: board setup constraints courtyard; warning
    @(42.0000 mm, 7.5000 mm): Footprint REF**
    @(24.5000 mm, 8.5000 mm): Footprint REF**
[pth_inside_courtyard]: PTH inside courtyard
    Local override; warning
    @(42.3000 mm, 8.5000 mm): PTH pad 2 [V24_AFTER_FUSE] of REF**
    @(42.0000 mm, 7.5000 mm): Footprint REF**
[courtyards_overlap]: Courtyards overlap
    Rule: board setup constraints courtyard; warning
    @(120.0000 mm, 100.0000 mm): Footprint REF**
    @(105.0000 mm, 100.0000 mm): Footprint REF**
[courtyards_overlap]: Courtyards overlap
    Rule: board setup constraints courtyard; warning
    @(90.0000 mm, 40.0000 mm): Footprint REF**
    @(105.0000 mm, 40.0000 mm): Footprint REF**
[courtyards_overlap]: Courtyards overlap
    Rule: board setup constraints courtyard; warning
    @(46.5000 mm, 11.5000 mm): Footprint REF**
    @(54.0000 mm, 18.0000 mm): Footprint REF**
[courtyards_overlap]: Courtyards overlap
    Rule: board setup constraints courtyard; warning
    @(46.5000 mm, 11.5000 mm): Footprint REF**
    @(51.0000 mm, 11.5000 mm): Footprint REF**
[courtyards_overlap]: Courtyards overlap
    Rule: board setup constraints courtyard; warning
    @(46.5000 mm, 11.5000 mm): Footprint REF**
    @(24.5000 mm, 8.5000 mm): Footprint REF**
[courtyards_overlap]: Courtyards overlap
    Rule: board setup constraints courtyard; warning
    @(37.0000 mm, 10.5000 mm): Footprint REF**
    @(37.0000 mm, 7.5000 mm): Footprint REF**
[courtyards_overlap]: Courtyards overlap
    Rule: board setup constraints courtyard; warning
    @(37.0000 mm, 10.5000 mm): Footprint REF**
    @(24.5000 mm, 8.5000 mm): Footprint REF**
[courtyards_overlap]: Courtyards overlap
    Rule: board setup constraints courtyard; warning
    @(105.0000 mm, 40.0000 mm): Footprint REF**
    @(120.0000 mm, 40.0000 mm): Footprint REF**
[courtyards_overlap]: Courtyards overlap
    Rule: board setup constraints courtyard; warning
    @(54.0000 mm, 18.0000 mm): Footprint REF**
    @(51.0000 mm, 11.5000 mm): Footprint REF**
[courtyards_overlap]: Courtyards overlap
    Rule: board setup constraints courtyard; warning
    @(37.0000 mm, 7.5000 mm): Footprint REF**
    @(24.5000 mm, 8.5000 mm): Footprint REF**
[copper_edge_clearance]: Board edge clearance violation (board setup constraints edge clearance 0.5000 mm; actual 0.3447 mm)
    Rule: board setup constraints edge; warning
    @(90.3000 mm, 43.2849 mm): Segment of REF** on Edge.Cuts
    @(89.8500 mm, 39.9000 mm): Pad 1 [V_BAT_RTC] of REF** on F.Cu
[copper_edge_clearance]: Board edge clearance violation (board setup constraints edge clearance 0.5000 mm; actual 0.3448 mm)
    Rule: board setup constraints edge; warning
    @(119.7000 mm, 36.7150 mm): Segment of REF** on Edge.Cuts
    @(120.1500 mm, 40.1000 mm): Pad 2 [GND] of REF** on F.Cu
[copper_edge_clearance]: Board edge clearance violation (board setup constraints edge clearance 0.5000 mm; actual 0.0750 mm)
    Rule: board setup constraints edge; warning
    @(118.5000 mm, 38.3150 mm): Segment of REF** on Edge.Cuts
    @(119.0875 mm, 40.0000 mm): Pad 1 [V3V3_SW] of REF** on F.Cu
[silk_edge_clearance]: Silkscreen clipped by board edge
    Rule: board setup constraints silk; warning
    @(91.5000 mm, 41.6849 mm): Segment of REF** on Edge.Cuts
    @(90.0000 mm, 40.0000 mm): Reference field of REF**
[copper_edge_clearance]: Board edge clearance violation (board setup constraints edge clearance 0.5000 mm; actual 0.4835 mm)
    Rule: board setup constraints edge; warning
    @(93.3933 mm, 43.7894 mm): Segment of REF** on Edge.Cuts
    @(94.6500 mm, 44.4450 mm): Pad 9 [GND] of REF** on F.Cu
[copper_edge_clearance]: Board edge clearance violation (board setup constraints edge clearance 0.5000 mm; actual 0.4512 mm)
    Rule: board setup constraints edge; warning
    @(93.3933 mm, 43.7894 mm): Segment of REF** on Edge.Cuts
    @(94.6500 mm, 43.1750 mm): Pad 10 [GND] of REF** on F.Cu
[copper_edge_clearance]: Board edge clearance violation (board setup constraints edge clearance 0.5000 mm; actual 0.4512 mm)
    Rule: board setup constraints edge; warning
    @(93.0786 mm, 36.2887 mm): Segment of REF** on Edge.Cuts
    @(94.6500 mm, 36.8250 mm): Pad 15 [I2C_SDA] of REF** on F.Cu
[copper_edge_clearance]: Board edge clearance violation (board setup constraints edge clearance 0.5000 mm; actual 0.4835 mm)
    Rule: board setup constraints edge; warning
    @(93.0786 mm, 36.2887 mm): Segment of REF** on Edge.Cuts
    @(94.6500 mm, 35.5550 mm): Pad 16 [I2C_SCL] of REF** on F.Cu
[drill_out_of_range]: Hole size out of range (board setup constraints min hole 0.3000 mm; actual 0.2000 mm)
    Rule: board setup constraints; warning
    @(72.1000 mm, 26.7600 mm): PTH pad 41 [GND] of REF**
[drill_out_of_range]: Hole size out of range (board setup constraints min hole 0.3000 mm; actual 0.2000 mm)
    Rule: board setup constraints; warning
    @(72.1000 mm, 28.1600 mm): PTH pad 41 [GND] of REF**
[drill_out_of_range]: Hole size out of range (board setup constraints min hole 0.3000 mm; actual 0.2000 mm)
    Rule: board setup constraints; warning
    @(72.8000 mm, 26.0600 mm): PTH pad 41 [GND] of REF**
[drill_out_of_range]: Hole size out of range (board setup constraints min hole 0.3000 mm; actual 0.2000 mm)
    Rule: board setup constraints; warning
    @(72.8000 mm, 27.4600 mm): PTH pad 41 [GND] of REF**
[drill_out_of_range]: Hole size out of range (board setup constraints min hole 0.3000 mm; actual 0.2000 mm)
    Rule: board setup constraints; warning
    @(72.8000 mm, 28.8600 mm): PTH pad 41 [GND] of REF**
[drill_out_of_range]: Hole size out of range (board setup constraints min hole 0.3000 mm; actual 0.2000 mm)
    Rule: board setup constraints; warning
    @(73.5000 mm, 26.7600 mm): PTH pad 41 [GND] of REF**
[drill_out_of_range]: Hole size out of range (board setup constraints min hole 0.3000 mm; actual 0.2000 mm)
    Rule: board setup constraints; warning
    @(73.5000 mm, 28.1600 mm): PTH pad 41 [GND] of REF**
[drill_out_of_range]: Hole size out of range (board setup constraints min hole 0.3000 mm; actual 0.2000 mm)
    Rule: board setup constraints; warning
    @(74.2000 mm, 26.0600 mm): PTH pad 41 [GND] of REF**
[drill_out_of_range]: Hole size out of range (board setup constraints min hole 0.3000 mm; actual 0.2000 mm)
    Rule: board setup constraints; warning
    @(74.2000 mm, 27.4600 mm): PTH pad 41 [GND] of REF**
[drill_out_of_range]: Hole size out of range (board setup constraints min hole 0.3000 mm; actual 0.2000 mm)
    Rule: board setup constraints; warning
    @(74.2000 mm, 28.8600 mm): PTH pad 41 [GND] of REF**
[drill_out_of_range]: Hole size out of range (board setup constraints min hole 0.3000 mm; actual 0.2000 mm)
    Rule: board setup constraints; warning
    @(74.9000 mm, 26.7600 mm): PTH pad 41 [GND] of REF**
[drill_out_of_range]: Hole size out of range (board setup constraints min hole 0.3000 mm; actual 0.2000 mm)
    Rule: board setup constraints; warning
    @(74.9000 mm, 28.1600 mm): PTH pad 41 [GND] of REF**
[solder_mask_bridge]: Front solder mask aperture bridges items with different nets
    Rule: board setup solder mask min width; warning
    @(83.7500 mm, 36.2500 mm): Pad 27 [<no net>] of REF** on F.Cu
    @(85.3500 mm, 35.5550 mm): Pad 1 [<no net>] of REF** on F.Cu
[solder_mask_bridge]: Front solder mask aperture bridges items with different nets
    Rule: board setup solder mask min width; warning
    @(83.7500 mm, 36.2500 mm): Pad 27 [<no net>] of REF** on F.Cu
    @(85.3500 mm, 36.8250 mm): Pad 2 [V3V3_SW] of REF** on F.Cu
[solder_mask_bridge]: Front solder mask aperture bridges items with different nets
    Rule: board setup solder mask min width; warning
    @(39.0000 mm, 7.5000 mm): Pad 2 [V24_AFTER_FUSE] of REF** on F.Cu
    @(40.8625 mm, 6.5500 mm): Pad 1 [<no net>] of REF** on F.Cu
[solder_mask_bridge]: Front solder mask aperture bridges items with different nets
    Rule: board setup solder mask min width; warning
    @(120.9125 mm, 40.0000 mm): Pad 2 [I2C_SDA] of REF** on F.Cu
    @(120.1500 mm, 40.1000 mm): Pad 2 [GND] of REF** on F.Cu
[solder_mask_bridge]: Front solder mask aperture bridges items with different nets
    Rule: board setup solder mask min width; warning
    @(83.7500 mm, 34.9800 mm): Pad 28 [<no net>] of REF** on F.Cu
    @(85.3500 mm, 35.5550 mm): Pad 1 [<no net>] of REF** on F.Cu
[solder_mask_bridge]: Front solder mask aperture bridges items with different nets
    Rule: board setup solder mask min width; warning
    @(39.0000 mm, 7.5000 mm): Pad 2 [V24_AFTER_FUSE] of REF** on F.Cu
    @(40.8625 mm, 7.5000 mm): Pad 2 [V24_SW] of REF** on F.Cu
[solder_mask_bridge]: Front solder mask aperture bridges items with different nets
    Rule: board setup solder mask min width; warning
    @(120.1500 mm, 40.1000 mm): Pad 2 [GND] of REF** on F.Cu
    @(119.0875 mm, 40.0000 mm): Pad 1 [V3V3_SW] of REF** on F.Cu
[solder_mask_bridge]: Front solder mask aperture bridges items with different nets
    Rule: board setup solder mask min width; warning
    @(40.8625 mm, 8.4500 mm): Pad 3 [V24_SW] of REF** on F.Cu
    @(39.0000 mm, 7.5000 mm): Pad 2 [V24_AFTER_FUSE] of REF** on F.Cu
[solder_mask_bridge]: Front solder mask aperture bridges items with different nets
    Rule: board setup solder mask min width; warning
    @(43.1375 mm, 8.4500 mm): Pad 4 [GND] of REF** on F.Cu
    @(42.3000 mm, 8.5000 mm): PTH pad 2 [V24_AFTER_FUSE] of REF**
[solder_mask_bridge]: Front solder mask aperture bridges items with different nets
    Rule: board setup solder mask min width; warning
    @(40.5250 mm, 11.5000 mm): Pad 1 [V24_SW] of REF** on F.Cu
    @(39.0000 mm, 10.5000 mm): Pad 2 [GND] of REF** on F.Cu
[silk_overlap]: Silkscreen clearance
    Rule: board setup constraints silk; warning
    @(10.0000 mm, 21.0000 mm): Reference field of REF**
    @(9.8594 mm, 20.4900 mm): Segment of REF** on F.Silkscreen
[silk_overlap]: Silkscreen clearance
    Rule: board setup constraints silk; warning
    @(9.8594 mm, 21.5100 mm): Segment of REF** on F.Silkscreen
    @(10.0000 mm, 21.0000 mm): Reference field of REF**
[silk_overlap]: Silkscreen clearance
    Rule: board setup constraints silk; warning
    @(9.7729 mm, 17.7650 mm): Segment of REF** on F.Silkscreen
    @(10.0000 mm, 18.5000 mm): Reference field of REF**
[silk_overlap]: Silkscreen clearance
    Rule: board setup constraints silk; warning
    @(9.7729 mm, 15.2650 mm): Segment of REF** on F.Silkscreen
    @(10.0000 mm, 16.0000 mm): Reference field of REF**
[silk_overlap]: Silkscreen clearance
    Rule: board setup constraints silk; warning
    @(46.5000 mm, 7.5000 mm): Reference field of REF**
    @(51.0000 mm, 7.5000 mm): Reference field of REF**
[silk_overlap]: Silkscreen clearance
    Rule: board setup constraints silk; warning
    @(42.0000 mm, 11.5000 mm): Reference field of REF**
    @(46.5000 mm, 11.5000 mm): Reference field of REF**
[silk_overlap]: Silkscreen clearance
    Rule: board setup constraints silk; warning
    @(42.0000 mm, 11.5000 mm): Reference field of REF**
    @(44.3700 mm, 8.4600 mm): Segment of REF** on F.Silkscreen
[silk_overlap]: Silkscreen clearance
    Rule: board setup constraints silk; warning
    @(46.5000 mm, 11.5000 mm): Reference field of REF**
    @(44.3700 mm, 8.4600 mm): Segment of REF** on F.Silkscreen
[silk_overlap]: Silkscreen clearance
    Rule: board setup constraints silk; warning
    @(46.5000 mm, 7.5000 mm): Reference field of REF**
    @(46.1004 mm, 6.9400 mm): Segment of REF** on F.Silkscreen
[silk_overlap]: Silkscreen clearance
    Rule: board setup constraints silk; warning
    @(46.5000 mm, 7.5000 mm): Reference field of REF**
    @(46.1004 mm, 8.0600 mm): Segment of REF** on F.Silkscreen
[silk_overlap]: Silkscreen clearance
    Rule: board setup constraints silk; warning
    @(46.5000 mm, 7.5000 mm): Reference field of REF**
    @(42.0000 mm, 7.5000 mm): Reference field of REF**
[silk_overlap]: Silkscreen clearance
    Rule: board setup constraints silk; warning
    @(47.4400 mm, 21.3700 mm): Segment of REF** on F.Silkscreen
    @(46.5000 mm, 11.5000 mm): Reference field of REF**
[silk_overlap]: Silkscreen clearance
    Rule: board setup constraints silk; warning
    @(51.0000 mm, 11.5000 mm): Reference field of REF**
    @(46.5000 mm, 11.5000 mm): Reference field of REF**
[silk_overlap]: Silkscreen clearance
    Rule: board setup constraints silk; warning
    @(43.3594 mm, 3.4900 mm): Segment of REF** on F.Silkscreen
    @(43.5000 mm, 4.0000 mm): Reference field of REF**
[silk_overlap]: Silkscreen clearance
    Rule: board setup constraints silk; warning
    @(43.3594 mm, 4.5100 mm): Segment of REF** on F.Silkscreen
    @(43.5000 mm, 4.0000 mm): Reference field of REF**
[silk_overlap]: Silkscreen clearance
    Rule: board setup constraints silk; warning
    @(37.0000 mm, 7.5000 mm): Reference field of REF**
    @(42.0000 mm, 7.5000 mm): Reference field of REF**
[silk_overlap]: Silkscreen clearance
    Rule: board setup constraints silk; warning
    @(23.2000 mm, 8.4600 mm): Segment of REF** on F.Silkscreen
    @(24.5000 mm, 8.5000 mm): Reference field of REF**
[silk_overlap]: Silkscreen clearance
    Rule: board setup constraints silk; warning
    @(24.5000 mm, 8.5000 mm): Reference field of REF**
    @(22.4300 mm, 13.5400 mm): Segment of REF** on F.Silkscreen
[silk_overlap]: Silkscreen clearance
    Rule: board setup constraints silk; warning
    @(24.5000 mm, 8.5000 mm): Reference field of REF**
    @(27.4300 mm, 8.4600 mm): Segment of REF** on F.Silkscreen
[silk_overlap]: Silkscreen clearance
    Rule: board setup constraints silk; warning
    @(33.4900 mm, 8.8500 mm): Segment of REF** on F.Silkscreen
    @(33.4900 mm, 5.8500 mm): Segment of REF** on F.Silkscreen
[silk_overlap]: Silkscreen clearance
    Rule: board setup constraints silk; warning
    @(39.3700 mm, 8.5000 mm): Segment of REF** on F.Silkscreen
    @(33.4900 mm, 5.8500 mm): Segment of REF** on F.Silkscreen
[silk_overlap]: Silkscreen clearance
    Rule: board setup constraints silk; warning
    @(33.4900 mm, 8.8500 mm): Segment of REF** on F.Silkscreen
    @(33.4900 mm, 5.8500 mm): Segment of REF** on F.Silkscreen
[silk_overlap]: Silkscreen clearance
    Rule: board setup constraints silk; warning
    @(39.3700 mm, 8.4600 mm): Segment of REF** on F.Silkscreen
    @(37.0000 mm, 10.5000 mm): Reference field of REF**
[silk_overlap]: Silkscreen clearance
    Rule: board setup constraints silk; warning
    @(33.4900 mm, 8.8500 mm): Segment of REF** on F.Silkscreen
    @(33.4900 mm, 9.1500 mm): Segment of REF** on F.Silkscreen
[silk_over_copper]: Silkscreen clipped by solder mask
    Local override; warning
    @(10.0000 mm, 21.0000 mm): Reference field of REF**
    @(9.2250 mm, 21.0000 mm): Pad 1 [V24_SENSE] of REF** on F.Cu
[silk_over_copper]: Silkscreen clipped by solder mask
    Local override; warning
    @(10.0000 mm, 21.0000 mm): Reference field of REF**
    @(10.7750 mm, 21.0000 mm): Pad 2 [GND] of REF** on F.Cu
[silk_over_copper]: Silkscreen clipped by solder mask
    Local override; warning
    @(10.0000 mm, 18.5000 mm): Reference field of REF**
    @(9.0875 mm, 18.5000 mm): Pad 1 [V24_SENSE] of REF** on F.Cu
[silk_over_copper]: Silkscreen clipped by solder mask
    Local override; warning
    @(10.0000 mm, 18.5000 mm): Reference field of REF**
    @(10.9125 mm, 18.5000 mm): Pad 2 [GND] of REF** on F.Cu
[silk_over_copper]: Silkscreen clipped by solder mask
    Local override; warning
    @(9.0000 mm, 8.5000 mm): Reference field of REF**
    @(9.0000 mm, 8.5000 mm): PTH pad 1 [V24_RAW] of REF**
[silk_over_copper]: Silkscreen clipped by solder mask
    Local override; warning
    @(10.0000 mm, 16.0000 mm): Reference field of REF**
    @(9.0875 mm, 16.0000 mm): Pad 1 [V24_FUSED] of REF** on F.Cu
[silk_over_copper]: Silkscreen clipped by solder mask
    Local override; warning
    @(10.0000 mm, 16.0000 mm): Reference field of REF**
    @(10.9125 mm, 16.0000 mm): Pad 2 [V24_SENSE] of REF** on F.Cu
[silk_over_copper]: Silkscreen clipped by solder mask
    Local override; warning
    @(3.0000 mm, 3.0000 mm): Reference field of REF**
    @(3.0000 mm, 3.0000 mm): NPTH pad of REF**
[silk_over_copper]: Silkscreen clipped by solder mask
    Local override; warning
    @(3.0000 mm, 37.0000 mm): Reference field of REF**
    @(3.0000 mm, 37.0000 mm): NPTH pad of REF**
[silk_over_copper]: Silkscreen clipped by solder mask
    Local override; warning
    @(51.0000 mm, 7.5000 mm): Reference field of REF**
    @(49.5250 mm, 7.5000 mm): Pad 1 [V24_SW] of REF** on F.Cu
[silk_over_copper]: Silkscreen clipped by solder mask
    Local override; warning
    @(46.5000 mm, 7.5000 mm): Reference field of REF**
    @(49.5250 mm, 7.5000 mm): Pad 1 [V24_SW] of REF** on F.Cu
[silk_over_copper]: Silkscreen clipped by solder mask
    Local override; warning
    @(51.0000 mm, 7.5000 mm): Reference field of REF**
    @(52.4750 mm, 7.5000 mm): Pad 2 [GND] of REF** on F.Cu
[silk_over_copper]: Silkscreen clipped by solder mask
    Local override; warning
    @(42.0000 mm, 11.5000 mm): Reference field of REF**
    @(43.4750 mm, 11.5000 mm): Pad 2 [GND] of REF** on F.Cu
[silk_over_copper]: Silkscreen clipped by solder mask
    Local override; warning
    @(46.5000 mm, 11.5000 mm): Reference field of REF**
    @(45.0250 mm, 11.5000 mm): Pad 1 [V3V3_SW] of REF** on F.Cu
[silk_over_copper]: Silkscreen clipped by solder mask
    Local override; warning
    @(46.5000 mm, 11.5000 mm): Reference field of REF**
    @(43.4750 mm, 11.5000 mm): Pad 2 [GND] of REF** on F.Cu
[silk_over_copper]: Silkscreen clipped by solder mask
    Local override; warning
    @(42.0000 mm, 11.5000 mm): Reference field of REF**
    @(45.0250 mm, 11.5000 mm): Pad 1 [V3V3_SW] of REF** on F.Cu
[silk_over_copper]: Silkscreen clipped by solder mask
    Local override; warning
    @(46.5000 mm, 7.5000 mm): Reference field of REF**
    @(47.5625 mm, 7.5000 mm): Pad 2 [V3V3_SW] of REF** on F.Cu
[silk_over_copper]: Silkscreen clipped by solder mask
    Local override; warning
    @(42.0000 mm, 7.5000 mm): Reference field of REF**
    @(43.1375 mm, 6.5500 mm): Pad 6 [U1_BST] of REF** on F.Cu
[silk_over_copper]: Silkscreen clipped by solder mask
    Local override; warning
    @(42.0000 mm, 7.5000 mm): Reference field of REF**
    @(43.1375 mm, 7.5000 mm): Pad 5 [U1_SW] of REF** on F.Cu
[silk_over_copper]: Silkscreen clipped by solder mask
    Local override; warning
    @(46.5000 mm, 11.5000 mm): Reference field of REF**
    @(47.9750 mm, 11.5000 mm): Pad 2 [GND] of REF** on F.Cu
[silk_over_copper]: Silkscreen clipped by solder mask
    Local override; warning
    @(46.5000 mm, 11.5000 mm): Reference field of REF**
    @(49.5250 mm, 11.5000 mm): Pad 1 [V12_CAT5E] of REF** on F.Cu
[silk_over_copper]: Silkscreen clipped by solder mask
    Local override; warning
    @(51.0000 mm, 11.5000 mm): Reference field of REF**
    @(47.9750 mm, 11.5000 mm): Pad 2 [GND] of REF** on F.Cu
[silk_over_copper]: Silkscreen clipped by solder mask
    Local override; warning
    @(51.0000 mm, 11.5000 mm): Reference field of REF**
    @(49.5250 mm, 11.5000 mm): Pad 1 [V12_CAT5E] of REF** on F.Cu
[silk_over_copper]: Silkscreen clipped by solder mask
    Local override; warning
    @(51.0000 mm, 11.5000 mm): Reference field of REF**
    @(52.4750 mm, 11.5000 mm): Pad 2 [GND] of REF** on F.Cu
[silk_over_copper]: Silkscreen clipped by solder mask
    Local override; warning
    @(47.4400 mm, 21.3700 mm): Segment of REF** on F.Silkscreen
    @(47.9750 mm, 11.5000 mm): Pad 2 [GND] of REF** on F.Cu
[silk_over_copper]: Silkscreen clipped by solder mask
    Local override; warning
    @(57.0000 mm, 3.0000 mm): Reference field of REF**
    @(57.0000 mm, 3.0000 mm): NPTH pad of REF**
[silk_over_copper]: Silkscreen clipped by solder mask
    Local override; warning
    @(43.6000 mm, 8.4600 mm): Segment of REF** on F.Silkscreen
    @(43.1375 mm, 8.4500 mm): Pad 4 [GND] of REF** on F.Cu
[silk_over_copper]: Silkscreen clipped by solder mask
    Local override; warning
    @(46.5000 mm, 7.5000 mm): Reference field of REF**
    @(45.4375 mm, 7.5000 mm): Pad 1 [U1_SW] of REF** on F.Cu
[silk_over_copper]: Silkscreen clipped by solder mask
    Local override; warning
    @(42.0000 mm, 7.5000 mm): Reference field of REF**
    @(42.3000 mm, 8.5000 mm): PTH pad 2 [V24_AFTER_FUSE] of REF**
[silk_over_copper]: Silkscreen clipped by solder mask
    Local override; warning
    @(43.5000 mm, 4.0000 mm): Reference field of REF**
    @(42.7250 mm, 4.0000 mm): Pad 1 [U1_BST] of REF** on F.Cu
[silk_over_copper]: Silkscreen clipped by solder mask
    Local override; warning
    @(43.5000 mm, 4.0000 mm): Reference field of REF**
    @(44.2750 mm, 4.0000 mm): Pad 2 [U1_SW] of REF** on F.Cu
[silk_over_copper]: Silkscreen clipped by solder mask
    Local override; warning
    @(37.0000 mm, 7.5000 mm): Reference field of REF**
    @(39.0000 mm, 7.5000 mm): Pad 2 [V24_AFTER_FUSE] of REF** on F.Cu
[silk_over_copper]: Silkscreen clipped by solder mask
    Local override; warning
    @(42.0000 mm, 7.5000 mm): Reference field of REF**
    @(39.0000 mm, 7.5000 mm): Pad 2 [V24_AFTER_FUSE] of REF** on F.Cu
[silk_over_copper]: Silkscreen clipped by solder mask
    Local override; warning
    @(42.0000 mm, 7.5000 mm): Reference field of REF**
    @(40.8625 mm, 8.4500 mm): Pad 3 [V24_SW] of REF** on F.Cu
[silk_over_copper]: Silkscreen clipped by solder mask
    Local override; warning
    @(42.0000 mm, 7.5000 mm): Reference field of REF**
    @(40.8625 mm, 7.5000 mm): Pad 2 [V24_SW] of REF** on F.Cu
[silk_over_copper]: Silkscreen clipped by solder mask
    Local override; warning
    @(42.0000 mm, 7.5000 mm): Reference field of REF**
    @(40.8625 mm, 6.5500 mm): Pad 1 [<no net>] of REF** on F.Cu
[silk_over_copper]: Silkscreen clipped by solder mask
    Local override; warning
    @(37.0000 mm, 7.5000 mm): Reference field of REF**
    @(35.0000 mm, 7.5000 mm): Pad 1 [V24_FUSED] of REF** on F.Cu
[silk_over_copper]: Silkscreen clipped by solder mask
    Local override; warning
    @(24.5000 mm, 8.5000 mm): Reference field of REF**
    @(24.5000 mm, 8.5000 mm): PTH pad 1 [V24_RAW] of REF**
[silk_over_copper]: Silkscreen clipped by solder mask
    Local override; warning
    @(37.0000 mm, 10.5000 mm): Reference field of REF**
    @(35.0000 mm, 10.5000 mm): Pad 1 [V24_FUSED] of REF** on F.Cu
[silk_over_copper]: Silkscreen clipped by solder mask
    Local override; warning
    @(37.0000 mm, 10.5000 mm): Reference field of REF**
    @(39.0000 mm, 10.5000 mm): Pad 2 [GND] of REF** on F.Cu
[silk_over_copper]: Silkscreen clipped by solder mask
    Local override; warning
    @(42.0000 mm, 11.5000 mm): Reference field of REF**
    @(40.5250 mm, 11.5000 mm): Pad 1 [V24_SW] of REF** on F.Cu
[silk_over_copper]: Silkscreen clipped by solder mask
    Local override; warning
    @(42.0000 mm, 11.5000 mm): Reference field of REF**
    @(39.0000 mm, 10.5000 mm): Pad 2 [GND] of REF** on F.Cu
[silk_over_copper]: Silkscreen clipped by solder mask
    Local override; warning
    @(39.3700 mm, 8.4600 mm): Segment of REF** on F.Silkscreen
    @(39.0000 mm, 10.5000 mm): Pad 2 [GND] of REF** on F.Cu
[silk_over_copper]: Silkscreen clipped by solder mask
    Local override; warning
    @(41.0000 mm, 8.4600 mm): Segment of REF** on F.Silkscreen
    @(40.8625 mm, 8.4500 mm): Pad 3 [V24_SW] of REF** on F.Cu
[silk_over_copper]: Silkscreen clipped by solder mask
    Local override; warning
    @(41.2887 mm, 12.8600 mm): Segment of REF** on F.Silkscreen
    @(42.3000 mm, 13.5000 mm): PTH pad 2 [V24_AFTER_FUSE] of REF**
[silk_over_copper]: Silkscreen clipped by solder mask
    Local override; warning
    @(42.9100 mm, 9.0600 mm): Segment of REF** on F.Silkscreen
    @(42.3000 mm, 8.5000 mm): PTH pad 2 [V24_AFTER_FUSE] of REF**
[silk_over_copper]: Silkscreen clipped by solder mask
    Local override; warning
    @(57.0000 mm, 37.0000 mm): Reference field of REF**
    @(57.0000 mm, 37.0000 mm): NPTH pad of REF**

** Found 0 unconnected pads **

** Found 0 Footprint errors **

** Ignored checks **
    - Footprint has no courtyard defined
    - Track endpoint not centered on via
    - Tuning profile track geometries
    - Footprint doesn't match symbol's footprint filters
    - Missing connection between items
    - Footprint component type doesn't match footprint pads
    - Footprint not found in libraries
    - Footprint doesn't match copy in library

** End of Report **
